Component: ARM Compiler 5.06 update 6 (build 750) Tool: armlink [4d35ed]

==============================================================================

Section Cross References

    startup_stm32l051xx.o(RESET) refers to startup_stm32l051xx.o(STACK) for __initial_sp
    startup_stm32l051xx.o(RESET) refers to startup_stm32l051xx.o(.text) for Reset_Handler
    startup_stm32l051xx.o(RESET) refers to stm32l0xx_it.o(i.NMI_Handler) for NMI_Handler
    startup_stm32l051xx.o(RESET) refers to stm32l0xx_it.o(i.HardFault_Handler) for HardFault_Handler
    startup_stm32l051xx.o(RESET) refers to stm32l0xx_it.o(i.SVC_Handler) for SVC_Handler
    startup_stm32l051xx.o(RESET) refers to stm32l0xx_it.o(i.PendSV_Handler) for PendSV_Handler
    startup_stm32l051xx.o(RESET) refers to stm32l0xx_it.o(i.SysTick_Handler) for SysTick_Handler
    startup_stm32l051xx.o(RESET) refers to stm32l0xx_it.o(i.DMA1_Channel2_3_IRQHandler) for DMA1_Channel2_3_IRQHandler
    startup_stm32l051xx.o(RESET) refers to stm32l0xx_it.o(i.DMA1_Channel4_5_6_7_IRQHandler) for DMA1_Channel4_5_6_7_IRQHandler
    startup_stm32l051xx.o(RESET) refers to stm32l0xx_it.o(i.TIM2_IRQHandler) for TIM2_IRQHandler
    startup_stm32l051xx.o(RESET) refers to stm32l0xx_it.o(i.USART1_IRQHandler) for USART1_IRQHandler
    startup_stm32l051xx.o(RESET) refers to ether_hal.o(i.USART2_IRQHandler) for USART2_IRQHandler
    startup_stm32l051xx.o(RESET) refers to as608.o(i.LPUART1_IRQHandler) for LPUART1_IRQHandler
    startup_stm32l051xx.o(.text) refers to system_stm32l0xx.o(i.SystemInit) for SystemInit
    startup_stm32l051xx.o(.text) refers to entry.o(.ARM.Collect$$$$00000000) for __main
    main_app.o(i.Eth_Com_Data_Process_hal) refers to printf8.o(i.__0printf$8) for __2printf
    main_app.o(i.Eth_Com_Data_Process_hal) refers to speak_hal.o(i.Line_1A_WT588S) for Line_1A_WT588S
    main_app.o(i.Eth_Com_Data_Process_hal) refers to ether_hal.o(i.send_string_to_eth) for send_string_to_eth
    main_app.o(i.Eth_Com_Data_Process_hal) refers to memseta.o(.text) for __aeabi_memclr
    main_app.o(i.Eth_Com_Data_Process_hal) refers to ether_hal.o(.bss) for ether_st
    main_app.o(i.Eth_Com_Data_Process_hal) refers to main_app.o(.data) for .data
    main_app.o(i.Eth_Com_Data_Process_hal) refers to net_com.o(.bss) for com_data
    main_app.o(i.Eth_Com_Data_Process_hal) refers to net_com.o(.data) for Zhiwen_flow
    main_app.o(i.Play_Music_Fun) refers to main_app.o(i.__ARM_common_switch8) for __ARM_common_switch8
    main_app.o(i.Play_Music_Fun) refers to speak_hal.o(i.Line_1A_WT588S) for Line_1A_WT588S
    main_app.o(i.Play_Music_Fun) refers to main_app.o(.data) for .data
    main_app.o(i.Talk_Process_Fun) refers to rc522_app.o(i.rc522_find_card) for rc522_find_card
    main_app.o(i.Talk_Process_Fun) refers to speak_hal.o(i.Line_1A_WT588S) for Line_1A_WT588S
    main_app.o(i.Talk_Process_Fun) refers to stm32l0xx_hal.o(i.HAL_Delay) for HAL_Delay
    main_app.o(i.Talk_Process_Fun) refers to as608_app.o(i.press_FR) for press_FR
    main_app.o(i.Talk_Process_Fun) refers to net_com.o(i.eth_ring_net_in) for eth_ring_net_in
    main_app.o(i.Talk_Process_Fun) refers to printf8.o(i.__0printf$8) for __2printf
    main_app.o(i.Talk_Process_Fun) refers to main_app.o(.data) for .data
    main_app.o(i.Talk_Process_Fun) refers to net_com.o(.data) for Business_flow
    main_app.o(i.Talk_Process_Fun) refers to net_com.o(.bss) for com_data
    main_app.o(i.Test_Dev_Code) refers to rc522_app.o(i.rc522_find_card) for rc522_find_card
    main_app.o(i.Test_Dev_Code) refers to speak_hal.o(i.Line_1A_WT588S) for Line_1A_WT588S
    main_app.o(i.Test_Dev_Code) refers to stm32l0xx_hal.o(i.HAL_Delay) for HAL_Delay
    main_app.o(i.Test_Dev_Code) refers to as608_app.o(i.press_FR) for press_FR
    main_app.o(i.Test_Dev_Code) refers to printf8.o(i.__0printf$8) for __2printf
    main_app.o(i.Test_Dev_Code) refers to net_com.o(.bss) for com_data
    main_app.o(i.Test_Dev_Code) refers to main_app.o(.data) for .data
    main_app.o(i.Updata_ZhiWen_Data) refers to as608.o(i.PS_Empty) for PS_Empty
    main_app.o(i.Updata_ZhiWen_Data) refers to as608_app.o(i.export_in_FR) for export_in_FR
    main_app.o(i.Updata_ZhiWen_Data) refers to as608.o(i.PS_StoreChar) for PS_StoreChar
    main_app.o(i.Updata_ZhiWen_Data) refers to as608_app.o(i.export_out_FR) for export_out_FR
    main_app.o(i.Updata_ZhiWen_Data) refers to printf8.o(i.__0printf$8) for __2printf
    main_app.o(i.Updata_ZhiWen_Data) refers to as608.o(i.PS_DeletChar) for PS_DeletChar
    main_app.o(i.Updata_ZhiWen_Data) refers to net_com.o(.bss) for com_data
    main_app.o(i.Updata_ZhiWen_Data) refers to main_app.o(.data) for .data
    main_app.o(i.Updata_ZhiWen_Data) refers to net_com.o(.data) for Zhiwen_flow
    main.o(i.HAL_TIM_PeriodElapsedCallback) refers to stm32l0xx_hal.o(i.HAL_IncTick) for HAL_IncTick
    main.o(i.MX_NVIC_Init) refers to stm32l0xx_hal_cortex.o(i.HAL_NVIC_SetPriority) for HAL_NVIC_SetPriority
[...]
    ..\BSP\net_com.c                         0x00000000   Number         0  net_com.o ABSOLUTE
    ..\BSP\rc522_app.c                       0x00000000   Number         0  rc522_app.o ABSOLUTE
    ..\BSP\sm4.c                             0x00000000   Number         0  sm4.o ABSOLUTE
    ..\BSP\sm4_app.c                         0x00000000   Number         0  sm4_app.o ABSOLUTE
    ..\BSP\speak_hal.c                       0x00000000   Number         0  speak_hal.o ABSOLUTE
    ..\BSP\stm_flash.c                       0x00000000   Number         0  stm_flash.o ABSOLUTE
    ..\BSP\u_flash.c                         0x00000000   Number         0  u_flash.o ABSOLUTE
    ..\BSP\u_init.c                          0x00000000   Number         0  u_init.o ABSOLUTE
    ..\Drivers\STM32L0xx_HAL_Driver\Src\stm32l0xx_hal.c 0x00000000   Number         0  stm32l0xx_hal.o ABSOLUTE
    ..\Drivers\STM32L0xx_HAL_Driver\Src\stm32l0xx_hal_cortex.c 0x00000000   Number         0  stm32l0xx_hal_cortex.o ABSOLUTE
    ..\Drivers\STM32L0xx_HAL_Driver\Src\stm32l0xx_hal_dma.c 0x00000000   Number         0  stm32l0xx_hal_dma.o ABSOLUTE
    ..\Drivers\STM32L0xx_HAL_Driver\Src\stm32l0xx_hal_flash.c 0x00000000   Number         0  stm32l0xx_hal_flash.o ABSOLUTE
    ..\Drivers\STM32L0xx_HAL_Driver\Src\stm32l0xx_hal_flash_ex.c 0x00000000   Number         0  stm32l0xx_hal_flash_ex.o ABSOLUTE
    ..\Drivers\STM32L0xx_HAL_Driver\Src\stm32l0xx_hal_flash_ramfunc.c 0x00000000   Number         0  stm32l0xx_hal_flash_ramfunc.o ABSOLUTE
    ..\Drivers\STM32L0xx_HAL_Driver\Src\stm32l0xx_hal_gpio.c 0x00000000   Number         0  stm32l0xx_hal_gpio.o ABSOLUTE
    ..\Drivers\STM32L0xx_HAL_Driver\Src\stm32l0xx_hal_i2c.c 0x00000000   Number         0  stm32l0xx_hal_i2c.o ABSOLUTE
    ..\Drivers\STM32L0xx_HAL_Driver\Src\stm32l0xx_hal_i2c_ex.c 0x00000000   Number         0  stm32l0xx_hal_i2c_ex.o ABSOLUTE
    ..\Drivers\STM32L0xx_HAL_Driver\Src\stm32l0xx_hal_iwdg.c 0x00000000   Number         0  stm32l0xx_hal_iwdg.o ABSOLUTE
    ..\Drivers\STM32L0xx_HAL_Driver\Src\stm32l0xx_hal_pwr.c 0x00000000   Number         0  stm32l0xx_hal_pwr.o ABSOLUTE
    ..\Drivers\STM32L0xx_HAL_Driver\Src\stm32l0xx_hal_pwr_ex.c 0x00000000   Number         0  stm32l0xx_hal_pwr_ex.o ABSOLUTE
    ..\Drivers\STM32L0xx_HAL_Driver\Src\stm32l0xx_hal_rcc.c 0x00000000   Number         0  stm32l0xx_hal_rcc.o ABSOLUTE
    ..\Drivers\STM32L0xx_HAL_Driver\Src\stm32l0xx_hal_rcc_ex.c 0x00000000   Number         0  stm32l0xx_hal_rcc_ex.o ABSOLUTE
    ..\Drivers\STM32L0xx_HAL_Driver\Src\stm32l0xx_hal_spi.c 0x00000000   Number         0  stm32l0xx_hal_spi.o ABSOLUTE
    ..\Drivers\STM32L0xx_HAL_Driver\Src\stm32l0xx_hal_tim.c 0x00000000   Number         0  stm32l0xx_hal_tim.o ABSOLUTE
    ..\Drivers\STM32L0xx_HAL_Driver\Src\stm32l0xx_hal_tim_ex.c 0x00000000   Number         0  stm32l0xx_hal_tim_ex.o ABSOLUTE
    ..\Drivers\STM32L0xx_HAL_Driver\Src\stm32l0xx_hal_uart.c 0x00000000   Number         0  stm32l0xx_hal_uart.o ABSOLUTE
    ..\Drivers\STM32L0xx_HAL_Driver\Src\stm32l0xx_hal_uart_ex.c 0x00000000   Number         0  stm32l0xx_hal_uart_ex.o ABSOLUTE
    ..\Src\dma.c                             0x00000000   Number         0  dma.o ABSOLUTE
    ..\Src\gpio.c                            0x00000000   Number         0  gpio.o ABSOLUTE
    ..\Src\iwdg.c                            0x00000000   Number         0  iwdg.o ABSOLUTE
    ..\Src\main.c                            0x00000000   Number         0  main.o ABSOLUTE
    ..\Src\main_app.c                        0x00000000   Number         0  main_app.o ABSOLUTE
    ..\Src\spi.c                             0x00000000   Number         0  spi.o ABSOLUTE
    ..\Src\stm32l0xx_hal_msp.c               0x00000000   Number         0  stm32l0xx_hal_msp.o ABSOLUTE
    ..\Src\stm32l0xx_hal_timebase_tim.c      0x00000000   Number         0  stm32l0xx_hal_timebase_tim.o ABSOLUTE
    ..\Src\stm32l0xx_it.c                    0x00000000   Number         0  stm32l0xx_it.o ABSOLUTE
    ..\Src\system_stm32l0xx.c                0x00000000   Number         0  system_stm32l0xx.o ABSOLUTE
    ..\Src\usart.c                           0x00000000   Number         0  usart.o ABSOLUTE
    ..\\BSP\\DEBUG_USART_HAL.c               0x00000000   Number         0  debug_usart_hal.o ABSOLUTE
    ..\\BSP\\as608.c                         0x00000000   Number         0  as608.o ABSOLUTE
    ..\\BSP\\as608_app.c                     0x00000000   Number         0  as608_app.o ABSOLUTE
    ..\\BSP\\bsp_EEPROM.c                    0x00000000   Number         0  bsp_eeprom.o ABSOLUTE
    ..\\BSP\\ether_hal.c                     0x00000000   Number         0  ether_hal.o ABSOLUTE
    ..\\BSP\\net_com.c                       0x00000000   Number         0  net_com.o ABSOLUTE
    ..\\BSP\\rc522_app.c                     0x00000000   Number         0  rc522_app.o ABSOLUTE
    ..\\BSP\\speak_hal.c                     0x00000000   Number         0  speak_hal.o ABSOLUTE
    ..\\BSP\\stm_flash.c                     0x00000000   Number         0  stm_flash.o ABSOLUTE
    ..\\BSP\\u_flash.c                       0x00000000   Number         0  u_flash.o ABSOLUTE
    ..\\BSP\\u_init.c                        0x00000000   Number         0  u_init.o ABSOLUTE
    ..\\Src\\main_app.c                      0x00000000   Number         0  main_app.o ABSOLUTE
    cdrcmple.s                               0x00000000   Number         0  cdrcmple.o ABSOLUTE
    dc.s                                     0x00000000   Number         0  dc.o ABSOLUTE
    handlers.s                               0x00000000   Number         0  handlers.o ABSOLUTE
    init.s                                   0x00000000   Number         0  init.o ABSOLUTE
    startup_stm32l051xx.s                    0x00000000   Number         0  startup_stm32l051xx.o ABSOLUTE
    RESET                                    0x08000000   Section      192  startup_stm32l051xx.o(RESET)
    .ARM.Collect$$$$00000000                 0x080000c0   Section        0  entry.o(.ARM.Collect$$$$00000000)
    .ARM.Collect$$$$00000001                 0x080000c0   Section        4  entry2.o(.ARM.Collect$$$$00000001)
    .ARM.Collect$$$$00000004                 0x080000c4   Section        4  entry5.o(.ARM.Collect$$$$00000004)
    .ARM.Collect$$$$00000008                 0x080000c8   Section        0  entry7b.o(.ARM.Collect$$$$00000008)
    .ARM.Collect$$$$0000000A                 0x080000c8   Section        0  entry8b.o(.ARM.Collect$$$$0000000A)
    .ARM.Collect$$$$0000000B                 0x080000c8   Section        8  entry9a.o(.ARM.Collect$$$$0000000B)
    .ARM.Collect$$$$0000000D                 0x080000d0   Section        0  entry10a.o(.ARM.Collect$$$$0000000D)
    .ARM.Collect$$$$0000000F                 0x080000d0   Section        0  entry11a.o(.ARM.Collect$$$$0000000F)
    .ARM.Collect$$$$00002712                 0x080000d0   Section        4  entry2.o(.ARM.Collect$$$$00002712)
    __lit__00000000                          0x080000d0   Data           4  entry2.o(.ARM.Collect$$$$00002712)
    .text                                    0x080000d4   Section       28  startup_stm32l051xx.o(.text)
    .text                                    0x080000f0   Section        0  uidiv.o(.text)
    .text                                    0x0800011c   Section        0  uldiv.o(.text)
    .text                                    0x0800017c   Section        0  memcpya.o(.text)
    .text                                    0x080001a0   Section        0  memseta.o(.text)
    .text                                    0x080001c4   Section        0  strstr.o(.text)
    .text                                    0x080001ec   Section        0  strncmp.o(.text)
    .text                                    0x0800020a   Section        0  llshl.o(.text)
    .text                                    0x0800022a   Section        0  llushr.o(.text)
    .text                                    0x0800024c   Section       36  init.o(.text)
    i.AS608_DMA_START                        0x08000270   Section        0  as608.o(i.AS608_DMA_START)
    i.AS608_Init                             0x08000294   Section        0  as608_app.o(i.AS608_Init)
    i.AS806_ExtractChar                      0x080002dc   Section        0  as608.o(i.AS806_ExtractChar)
    AS806_ExtractChar                        0x080002dd   Thumb Code   124  as608.o(i.AS806_ExtractChar)
    i.Bsp_Driver_Init                        0x08000380   Section        0  u_init.o(i.Bsp_Driver_Init)
    i.CalulateCRC                            0x080003bc   Section        0  rc522_app.o(i.CalulateCRC)
    i.ClearBitMask                           0x0800041e   Section        0  rc522_app.o(i.ClearBitMask)
    i.DMA1_Channel2_3_IRQHandler             0x08000434   Section        0  stm32l0xx_it.o(i.DMA1_Channel2_3_IRQHandler)
    i.DMA1_Channel4_5_6_7_IRQHandler         0x08000444   Section        0  stm32l0xx_it.o(i.DMA1_Channel4_5_6_7_IRQHandler)
    i.DMA_SetConfig                          0x0800045c   Section        0  stm32l0xx_hal_dma.o(i.DMA_SetConfig)
    DMA_SetConfig                            0x0800045d   Thumb Code    44  stm32l0xx_hal_dma.o(i.DMA_SetConfig)
    i.ETH_DMA_START                          0x08000488   Section        0  ether_hal.o(i.ETH_DMA_START)
    i.ETH_Rst                                0x080004ac   Section        0  ether_hal.o(i.ETH_Rst)
    i.ETH_UsartReceive_IDLE                  0x080004f8   Section        0  ether_hal.o(i.ETH_UsartReceive_IDLE)
    i.EnsureMessage                          0x08000538   Section        0  as608.o(i.EnsureMessage)
    i.Error_Handler                          0x0800077c   Section        0  main.o(i.Error_Handler)
    i.Eth_Com_Data_Process_hal               0x08000780   Section        0  main_app.o(i.Eth_Com_Data_Process_hal)
    i.Eth_Init                               0x080008c8   Section        0  ether_hal.o(i.Eth_Init)
    i.Eth_Updata_Finger_Cammand_Task         0x080008d4   Section        0  net_com.o(i.Eth_Updata_Finger_Cammand_Task)
    i.Eth_business_Cammand_Task              0x08000950   Section        0  net_com.o(i.Eth_business_Cammand_Task)
    i.FLASH_PageErase                        0x080009ec   Section        0  stm32l0xx_hal_flash_ex.o(i.FLASH_PageErase)
    i.FLASH_SetErrorCode                     0x08000a18   Section        0  stm32l0xx_hal_flash.o(i.FLASH_SetErrorCode)
    FLASH_SetErrorCode                       0x08000a19   Thumb Code   134  stm32l0xx_hal_flash.o(i.FLASH_SetErrorCode)
    i.FLASH_WaitForLastOperation             0x08000aa8   Section        0  stm32l0xx_hal_flash.o(i.FLASH_WaitForLastOperation)
    i.Flash_Read_Word                        0x08000b18   Section        0  u_flash.o(i.Flash_Read_Word)
    i.Flash_Write_Num_Word                   0x08000b50   Section        0  u_flash.o(i.Flash_Write_Num_Word)
    i.HAL_DMA_Abort                          0x08000c4c   Section        0  stm32l0xx_hal_dma.o(i.HAL_DMA_Abort)
    i.HAL_DMA_Abort_IT                       0x08000c90   Section        0  stm32l0xx_hal_dma.o(i.HAL_DMA_Abort_IT)
    i.HAL_DMA_GetError                       0x08000cdc   Section        0  stm32l0xx_hal_dma.o(i.HAL_DMA_GetError)
    i.HAL_DMA_IRQHandler                     0x08000ce0   Section        0  stm32l0xx_hal_dma.o(i.HAL_DMA_IRQHandler)
    i.HAL_DMA_Init                           0x08000d88   Section        0  stm32l0xx_hal_dma.o(i.HAL_DMA_Init)
    i.HAL_DMA_Start_IT                       0x08000e18   Section        0  stm32l0xx_hal_dma.o(i.HAL_DMA_Start_IT)
    i.HAL_Delay                              0x08000e80   Section        0  stm32l0xx_hal.o(i.HAL_Delay)
    i.HAL_FLASHEx_Erase                      0x08000e9c   Section        0  stm32l0xx_hal_flash_ex.o(i.HAL_FLASHEx_Erase)
    i.HAL_FLASH_GetError                     0x08000f14   Section        0  stm32l0xx_hal_flash.o(i.HAL_FLASH_GetError)
    i.HAL_FLASH_Lock                         0x08000f20   Section        0  stm32l0xx_hal_flash.o(i.HAL_FLASH_Lock)
    i.HAL_FLASH_Program                      0x08000f3c   Section        0  stm32l0xx_hal_flash.o(i.HAL_FLASH_Program)
    i.HAL_FLASH_Unlock                       0x08000f78   Section        0  stm32l0xx_hal_flash.o(i.HAL_FLASH_Unlock)
    i.HAL_GPIO_Init                          0x08000fd4   Section        0  stm32l0xx_hal_gpio.o(i.HAL_GPIO_Init)
    i.HAL_GPIO_WritePin                      0x0800114c   Section        0  stm32l0xx_hal_gpio.o(i.HAL_GPIO_WritePin)
    i.HAL_GetTick                            0x08001158   Section        0  stm32l0xx_hal.o(i.HAL_GetTick)
    i.HAL_IncTick                            0x08001164   Section        0  stm32l0xx_hal.o(i.HAL_IncTick)
    i.HAL_Init                               0x08001174   Section        0  stm32l0xx_hal.o(i.HAL_Init)
    i.HAL_InitTick                           0x0800119c   Section        0  stm32l0xx_hal_timebase_tim.o(i.HAL_InitTick)
    i.HAL_MspInit                            0x0800120c   Section        0  stm32l0xx_hal_msp.o(i.HAL_MspInit)
    i.HAL_NVIC_EnableIRQ                     0x08001224   Section        0  stm32l0xx_hal_cortex.o(i.HAL_NVIC_EnableIRQ)
    i.HAL_NVIC_SetPriority                   0x08001238   Section        0  stm32l0xx_hal_cortex.o(i.HAL_NVIC_SetPriority)
    i.HAL_RCCEx_PeriphCLKConfig              0x08001240   Section        0  stm32l0xx_hal_rcc_ex.o(i.HAL_RCCEx_PeriphCLKConfig)
    i.HAL_RCC_CSSCallback                    0x080013a4   Section        0  stm32l0xx_hal_rcc.o(i.HAL_RCC_CSSCallback)
    i.HAL_RCC_ClockConfig                    0x080013a8   Section        0  stm32l0xx_hal_rcc.o(i.HAL_RCC_ClockConfig)
    i.HAL_RCC_EnableCSS                      0x08001514   Section        0  stm32l0xx_hal_rcc.o(i.HAL_RCC_EnableCSS)
    i.HAL_RCC_GetClockConfig                 0x08001528   Section        0  stm32l0xx_hal_rcc.o(i.HAL_RCC_GetClockConfig)
    i.HAL_RCC_GetPCLK1Freq                   0x08001568   Section        0  stm32l0xx_hal_rcc.o(i.HAL_RCC_GetPCLK1Freq)
    i.HAL_RCC_GetPCLK2Freq                   0x08001588   Section        0  stm32l0xx_hal_rcc.o(i.HAL_RCC_GetPCLK2Freq)
    i.HAL_RCC_GetSysClockFreq                0x080015a8   Section        0  stm32l0xx_hal_rcc.o(i.HAL_RCC_GetSysClockFreq)
    i.HAL_RCC_NMI_IRQHandler                 0x08001620   Section        0  stm32l0xx_hal_rcc.o(i.HAL_RCC_NMI_IRQHandler)
    i.HAL_RCC_OscConfig                      0x08001638   Section        0  stm32l0xx_hal_rcc.o(i.HAL_RCC_OscConfig)
    i.HAL_SPI_Init                           0x08001a54   Section        0  stm32l0xx_hal_spi.o(i.HAL_SPI_Init)
    i.HAL_SPI_MspInit                        0x08001ad4   Section        0  spi.o(i.HAL_SPI_MspInit)
    i.HAL_SPI_TransmitReceive                0x08001b2c   Section        0  stm32l0xx_hal_spi.o(i.HAL_SPI_TransmitReceive)
    i.HAL_TIM_Base_Init                      0x08001d1c   Section        0  stm32l0xx_hal_tim.o(i.HAL_TIM_Base_Init)
    i.HAL_TIM_Base_MspInit                   0x08001d50   Section        0  stm32l0xx_hal_tim.o(i.HAL_TIM_Base_MspInit)
    i.HAL_TIM_Base_Start_IT                  0x08001d52   Section        0  stm32l0xx_hal_tim.o(i.HAL_TIM_Base_Start_IT)
    i.HAL_TIM_IC_CaptureCallback             0x08001d72   Section        0  stm32l0xx_hal_tim.o(i.HAL_TIM_IC_CaptureCallback)
    i.HAL_TIM_IRQHandler                     0x08001d74   Section        0  stm32l0xx_hal_tim.o(i.HAL_TIM_IRQHandler)
    i.HAL_TIM_OC_DelayElapsedCallback        0x08001e9a   Section        0  stm32l0xx_hal_tim.o(i.HAL_TIM_OC_DelayElapsedCallback)
    i.HAL_TIM_PWM_PulseFinishedCallback      0x08001e9c   Section        0  stm32l0xx_hal_tim.o(i.HAL_TIM_PWM_PulseFinishedCallback)
    i.HAL_TIM_PeriodElapsedCallback          0x08001e9e   Section        0  main.o(i.HAL_TIM_PeriodElapsedCallback)
    i.HAL_TIM_TriggerCallback                0x08001eb0   Section        0  stm32l0xx_hal_tim.o(i.HAL_TIM_TriggerCallback)
    i.HAL_UARTEx_WakeupCallback              0x08001eb2   Section        0  stm32l0xx_hal_uart_ex.o(i.HAL_UARTEx_WakeupCallback)
    i.HAL_UART_DMAStop                       0x08001eb4   Section        0  stm32l0xx_hal_uart.o(i.HAL_UART_DMAStop)
    i.HAL_UART_ErrorCallback                 0x08001f2e   Section        0  stm32l0xx_hal_uart.o(i.HAL_UART_ErrorCallback)
    i.HAL_UART_IRQHandler                    0x08001f30   Section        0  stm32l0xx_hal_uart.o(i.HAL_UART_IRQHandler)
    i.HAL_UART_Init                          0x0800206c   Section        0  stm32l0xx_hal_uart.o(i.HAL_UART_Init)
    i.HAL_UART_MspInit                       0x080020d8   Section        0  usart.o(i.HAL_UART_MspInit)
    i.HAL_UART_Receive_DMA                   0x08002264   Section        0  stm32l0xx_hal_uart.o(i.HAL_UART_Receive_DMA)
    i.HAL_UART_RxCpltCallback                0x0800231c   Section        0  stm32l0xx_hal_uart.o(i.HAL_UART_RxCpltCallback)
    i.HAL_UART_RxHalfCpltCallback            0x0800231e   Section        0  stm32l0xx_hal_uart.o(i.HAL_UART_RxHalfCpltCallback)
    i.HAL_UART_Transmit                      0x08002320   Section        0  stm32l0xx_hal_uart.o(i.HAL_UART_Transmit)
    i.HAL_UART_TxCpltCallback                0x080023ee   Section        0  stm32l0xx_hal_uart.o(i.HAL_UART_TxCpltCallback)
    i.HardFault_Handler                      0x080023f0   Section        0  stm32l0xx_it.o(i.HardFault_Handler)
    i.Init_Dev_Param                         0x080023f4   Section        0  u_flash.o(i.Init_Dev_Param)
    i.JudgeStr                               0x08002440   Section        0  as608.o(i.JudgeStr)
    JudgeStr                                 0x08002441   Thumb Code    86  as608.o(i.JudgeStr)
    i.LPUART1_IRQHandler                     0x080024a0   Section        0  as608.o(i.LPUART1_IRQHandler)
    i.Line_1A_WT588S                         0x080024e4   Section        0  speak_hal.o(i.Line_1A_WT588S)
    i.M500PcdConfigISOType                   0x08002562   Section        0  rc522_app.o(i.M500PcdConfigISOType)
    i.MX_DMA_Init                            0x080025bc   Section        0  dma.o(i.MX_DMA_Init)
    i.MX_GPIO_Init                           0x080025d4   Section        0  gpio.o(i.MX_GPIO_Init)
    i.MX_LPUART1_UART_Init                   0x080026bc   Section        0  usart.o(i.MX_LPUART1_UART_Init)
    i.MX_NVIC_Init                           0x080026f4   Section        0  main.o(i.MX_NVIC_Init)
    i.MX_SPI1_Init                           0x08002748   Section        0  spi.o(i.MX_SPI1_Init)
    i.MX_USART1_UART_Init                    0x0800278c   Section        0  usart.o(i.MX_USART1_UART_Init)
    i.MX_USART2_UART_Init                    0x080027c4   Section        0  usart.o(i.MX_USART2_UART_Init)
    i.MYUSART_SendData                       0x080027fc   Section        0  as608.o(i.MYUSART_SendData)
    MYUSART_SendData                         0x080027fd   Thumb Code    16  as608.o(i.MYUSART_SendData)
    i.NMI_Handler                            0x08002814   Section        0  stm32l0xx_it.o(i.NMI_Handler)
    i.NVIC_SetPriority                       0x0800281c   Section        0  stm32l0xx_hal_cortex.o(i.NVIC_SetPriority)
    NVIC_SetPriority                         0x0800281d   Thumb Code    60  stm32l0xx_hal_cortex.o(i.NVIC_SetPriority)
    i.PS_DeletChar                           0x08002860   Section        0  as608.o(i.PS_DeletChar)
    i.PS_DownChar                            0x080028c0   Section        0  as608.o(i.PS_DownChar)
    i.PS_Empty                               0x0800296c   Section        0  as608.o(i.PS_Empty)
    i.PS_GenChar                             0x080029a2   Section        0  as608.o(i.PS_GenChar)
    i.PS_GetImage                            0x080029e0   Section        0  as608.o(i.PS_GetImage)
    i.PS_HandShake                           0x08002a18   Section        0  as608.o(i.PS_HandShake)
    i.PS_HighSpeedSearch                     0x08002a80   Section        0  as608.o(i.PS_HighSpeedSearch)
    i.PS_ReadSysPara                         0x08002b08   Section        0  as608.o(i.PS_ReadSysPara)
    i.PS_StoreChar                           0x08002bf0   Section        0  as608.o(i.PS_StoreChar)
    i.PS_UpChar                              0x08002c44   Section        0  as608.o(i.PS_UpChar)
    i.PS_ValidTempleteNum                    0x08002cb0   Section        0  as608.o(i.PS_ValidTempleteNum)
    i.Param_Init                             0x08002d30   Section        0  net_com.o(i.Param_Init)
    i.PcdAntennaOff                          0x08002d50   Section        0  rc522_app.o(i.PcdAntennaOff)
    i.PcdAntennaOn                           0x08002d5c   Section        0  rc522_app.o(i.PcdAntennaOn)
    i.PcdAnticoll                            0x08002d72   Section        0  rc522_app.o(i.PcdAnticoll)
    i.PcdAuthState                           0x08002dda   Section        0  rc522_app.o(i.PcdAuthState)
    i.PcdComMF522                            0x08002e2a   Section        0  rc522_app.o(i.PcdComMF522)
    i.PcdRead                                0x08002f42   Section        0  rc522_app.o(i.PcdRead)
    i.PcdRequest                             0x08002f8c   Section        0  rc522_app.o(i.PcdRequest)
    i.PcdReset                               0x08002fe0   Section        0  rc522_app.o(i.PcdReset)
    i.PcdSelect                              0x08003060   Section        0  rc522_app.o(i.PcdSelect)
    i.PendSV_Handler                         0x080030c2   Section        0  stm32l0xx_it.o(i.PendSV_Handler)
    i.Play_Music_Fun                         0x080030c4   Section        0  main_app.o(i.Play_Music_Fun)
    i.Rc522_Init                             0x0800313c   Section        0  rc522_app.o(i.Rc522_Init)
    i.ReadRawRC                              0x08003156   Section        0  rc522_app.o(i.ReadRawRC)
    i.SPI_EndRxTxTransaction                 0x08003186   Section        0  stm32l0xx_hal_spi.o(i.SPI_EndRxTxTransaction)
    SPI_EndRxTxTransaction                   0x08003187   Thumb Code    66  stm32l0xx_hal_spi.o(i.SPI_EndRxTxTransaction)
    i.SPI_ReadData                           0x080031c8   Section        0  rc522_app.o(i.SPI_ReadData)
    i.SPI_WaitFlagStateUntilTimeout          0x08003214   Section        0  stm32l0xx_hal_spi.o(i.SPI_WaitFlagStateUntilTimeout)
    SPI_WaitFlagStateUntilTimeout            0x08003215   Thumb Code   140  stm32l0xx_hal_spi.o(i.SPI_WaitFlagStateUntilTimeout)
    i.SPI_WriteData                          0x080032a0   Section        0  rc522_app.o(i.SPI_WriteData)
    i.SVC_Handler                            0x080032d8   Section        0  stm32l0xx_it.o(i.SVC_Handler)
    i.SendAddr                               0x080032dc   Section        0  as608.o(i.SendAddr)
    SendAddr                                 0x080032dd   Thumb Code    40  as608.o(i.SendAddr)
    i.SendCheck                              0x08003308   Section        0  as608.o(i.SendCheck)
    SendCheck                                0x08003309   Thumb Code    18  as608.o(i.SendCheck)
    i.SendHead                               0x0800331a   Section        0  as608.o(i.SendHead)
    SendHead                                 0x0800331b   Thumb Code    16  as608.o(i.SendHead)
    i.SendLength                             0x0800332a   Section        0  as608.o(i.SendLength)
    SendLength                               0x0800332b   Thumb Code    20  as608.o(i.SendLength)
    i.SendLengthData                         0x0800333e   Section        0  as608.o(i.SendLengthData)
    SendLengthData                           0x0800333f   Thumb Code    70  as608.o(i.SendLengthData)
    i.SetBitMask                             0x08003384   Section        0  rc522_app.o(i.SetBitMask)
    i.ShowErrMessage                         0x0800339c   Section        0  as608.o(i.ShowErrMessage)
    i.SysTick_Handler                        0x080033c0   Section        0  stm32l0xx_it.o(i.SysTick_Handler)
    i.SystemClock_Config                     0x080033c4   Section        0  main.o(i.SystemClock_Config)
    i.SystemInit                             0x08003448   Section        0  system_stm32l0xx.o(i.SystemInit)
    i.System_Tick_Count                      0x0800349c   Section        0  main.o(i.System_Tick_Count)
    i.TIM2_IRQHandler                        0x0800352c   Section        0  stm32l0xx_it.o(i.TIM2_IRQHandler)
    i.TIM_Base_SetConfig                     0x0800353c   Section        0  stm32l0xx_hal_tim.o(i.TIM_Base_SetConfig)
    TIM_Base_SetConfig                       0x0800353d   Thumb Code    78  stm32l0xx_hal_tim.o(i.TIM_Base_SetConfig)
    i.Talk_Process_Fun                       0x08003594   Section        0  main_app.o(i.Talk_Process_Fun)
    i.Test_Dev_Code                          0x0800366c   Section        0  main_app.o(i.Test_Dev_Code)
    i.Time_out_Ack_fun                       0x08003718   Section        0  net_com.o(i.Time_out_Ack_fun)
    i.UART_AdvFeatureConfig                  0x08003738   Section        0  stm32l0xx_hal_uart.o(i.UART_AdvFeatureConfig)
    i.UART_CheckIdleState                    0x08003804   Section        0  stm32l0xx_hal_uart.o(i.UART_CheckIdleState)
    i.UART_DMAAbortOnError                   0x08003864   Section        0  stm32l0xx_hal_uart.o(i.UART_DMAAbortOnError)
    UART_DMAAbortOnError                     0x08003865   Thumb Code    20  stm32l0xx_hal_uart.o(i.UART_DMAAbortOnError)
    i.UART_DMAError                          0x08003878   Section        0  stm32l0xx_hal_uart.o(i.UART_DMAError)
    UART_DMAError                            0x08003879   Thumb Code    72  stm32l0xx_hal_uart.o(i.UART_DMAError)
    i.UART_DMAReceiveCplt                    0x080038c0   Section        0  stm32l0xx_hal_uart.o(i.UART_DMAReceiveCplt)
    UART_DMAReceiveCplt                      0x080038c1   Thumb Code    62  stm32l0xx_hal_uart.o(i.UART_DMAReceiveCplt)
    i.UART_DMARxHalfCplt                     0x080038fe   Section        0  stm32l0xx_hal_uart.o(i.UART_DMARxHalfCplt)
    UART_DMARxHalfCplt                       0x080038ff   Thumb Code    10  stm32l0xx_hal_uart.o(i.UART_DMARxHalfCplt)
    i.UART_EndRxTransfer                     0x08003908   Section        0  stm32l0xx_hal_uart.o(i.UART_EndRxTransfer)
    UART_EndRxTransfer                       0x08003909   Thumb Code    32  stm32l0xx_hal_uart.o(i.UART_EndRxTransfer)
    i.UART_EndTxTransfer                     0x08003928   Section        0  stm32l0xx_hal_uart.o(i.UART_EndTxTransfer)
    UART_EndTxTransfer                       0x08003929   Thumb Code    16  stm32l0xx_hal_uart.o(i.UART_EndTxTransfer)
    i.UART_SetConfig                         0x08003938   Section        0  stm32l0xx_hal_uart.o(i.UART_SetConfig)
    i.UART_WaitOnFlagUntilTimeout            0x08003b60   Section        0  stm32l0xx_hal_uart.o(i.UART_WaitOnFlagUntilTimeout)
    i.USART1_IRQHandler                      0x08003bc4   Section        0  stm32l0xx_it.o(i.USART1_IRQHandler)
    i.USART2_IRQHandler                      0x08003bd4   Section        0  ether_hal.o(i.USART2_IRQHandler)
    i.Updata_ZhiWen_Data                     0x08003be8   Section        0  main_app.o(i.Updata_ZhiWen_Data)
    i.User_Driver_Init                       0x08003cd0   Section        0  u_init.o(i.User_Driver_Init)
    i.WaitCardOff                            0x08003cf8   Section        0  rc522_app.o(i.WaitCardOff)
    i.WriteRawRC                             0x08003d28   Section        0  rc522_app.o(i.WriteRawRC)
    i.__0printf$8                            0x08003d58   Section        0  printf8.o(i.__0printf$8)
    i.__ARM_common_switch8                   0x08003d78   Section        0  main_app.o(i.__ARM_common_switch8)
    i.__scatterload_copy                     0x08003d92   Section       14  handlers.o(i.__scatterload_copy)
    i.__scatterload_null                     0x08003da0   Section        2  handlers.o(i.__scatterload_null)
    i.__scatterload_zeroinit                 0x08003da2   Section       14  handlers.o(i.__scatterload_zeroinit)
    i._printf_core                           0x08003db0   Section        0  printf8.o(i._printf_core)
    _printf_core                             0x08003db1   Thumb Code  1020  printf8.o(i._printf_core)
    i._printf_post_padding                   0x080041d8   Section        0  printf8.o(i._printf_post_padding)
    _printf_post_padding                     0x080041d9   Thumb Code    32  printf8.o(i._printf_post_padding)
    i._printf_pre_padding                    0x080041f8   Section        0  printf8.o(i._printf_pre_padding)
    _printf_pre_padding                      0x080041f9   Thumb Code    44  printf8.o(i._printf_pre_padding)
    i.delay_2us                              0x08004224   Section        0  speak_hal.o(i.delay_2us)
    i.eth_ring_com_pack                      0x08004234   Section        0  net_com.o(i.eth_ring_com_pack)
    i.eth_ring_net_in                        0x080042cc   Section        0  net_com.o(i.eth_ring_net_in)
    i.export_in_FR                           0x080044dc   Section        0  as608_app.o(i.export_in_FR)
    i.export_out_FR                          0x080044e6   Section        0  as608_app.o(i.export_out_FR)
    i.fputc                                  0x080044f0   Section        0  debug_usart_hal.o(i.fputc)
    i.main                                   0x0800450c   Section        0  main.o(i.main)
    i.open_fird_vol                          0x0800451a   Section        0  rc522_app.o(i.open_fird_vol)
    i.open_zhiwen_vol                        0x0800452a   Section        0  as608_app.o(i.open_zhiwen_vol)
    i.press_FR                               0x0800453a   Section        0  as608_app.o(i.press_FR)
    i.process_usart_data                     0x08004580   Section        0  u_flash.o(i.process_usart_data)
    i.rc522_find_card                        0x0800463c   Section        0  rc522_app.o(i.rc522_find_card)
    i.send_string_to_eth                     0x08004734   Section        0  ether_hal.o(i.send_string_to_eth)
    .constdata                               0x0800474c   Section       25  system_stm32l0xx.o(.constdata)
    .constdata                               0x08004765   Section        8  system_stm32l0xx.o(.constdata)
    .data                                    0x20000000   Section       10  main_app.o(.data)
    .data                                    0x2000000c   Section        4  main.o(.data)
    .data                                    0x20000010   Section        4  stm32l0xx_hal.o(.data)
    .data                                    0x20000014   Section        4  system_stm32l0xx.o(.data)
    .data                                    0x20000018   Section        4  as608.o(.data)
    .data                                    0x2000001c   Section       12  as608_app.o(.data)
    .data                                    0x20000028   Section       13  rc522_app.o(.data)
    .data                                    0x20000038   Section       36  net_com.o(.data)
    .data                                    0x2000005c   Section       12  u_flash.o(.data)
    .data                                    0x20000068   Section        4  stdout.o(.data)
    .bss                                     0x2000006c   Section      600  usart.o(.bss)
    .bss                                     0x200002c4   Section       88  spi.o(.bss)
    .bss                                     0x2000031c   Section       60  stm32l0xx_hal_timebase_tim.o(.bss)
    .bss                                     0x20000358   Section       24  stm32l0xx_hal_flash.o(.bss)
    .bss                                     0x20000370   Section     1032  ether_hal.o(.bss)
    .bss                                     0x20000778   Section     2054  as608.o(.bss)
    .bss                                     0x20000f80   Section       24  as608_app.o(.bss)
    .bss                                     0x20000f98   Section       16  rc522_app.o(.bss)
    .bss                                     0x20000fa8   Section     1106  net_com.o(.bss)
    STACK                                    0x20001400   Section     2048  startup_stm32l051xx.o(STACK)

    Global Symbols

    Symbol Name                              Value     Ov Type        Size  Object(Section)

    BuildAttributes$$THM_ISAv3M$S$PE$A:L22$X:L11$S22$IEEE1$IW$USESV6$~STKCKD$USESV7$~SHL$OSPACE$ROPI$EBA8$MICROLIB$REQ8$PRES8$EABIv2 0x00000000   Number         0  anon$$obj.o ABSOLUTE
    __ARM_use_no_argv                        0x00000000   Number         0  main.o ABSOLUTE
    _printf_a                                0x00000000   Number         0  stubs.o ABSOLUTE
    _printf_c                                0x00000000   Number         0  stubs.o ABSOLUTE
    _printf_charcount                        0x00000000   Number         0  stubs.o ABSOLUTE
    _printf_d                                0x00000000   Number         0  stubs.o ABSOLUTE
    _printf_e                                0x00000000   Number         0  stubs.o ABSOLUTE
    _printf_f                                0x00000000   Number         0  stubs.o ABSOLUTE
    _printf_flags                            0x00000000   Number         0  stubs.o ABSOLUTE
    _printf_fp_dec                           0x00000000   Number         0  stubs.o ABSOLUTE
    _printf_fp_hex                           0x00000000   Number         0  stubs.o ABSOLUTE
    _printf_g                                0x00000000   Number         0  stubs.o ABSOLUTE
    _printf_i                                0x00000000   Number         0  stubs.o ABSOLUTE
    _printf_int_dec                          0x00000000   Number         0  stubs.o ABSOLUTE
    _printf_l                                0x00000000   Number         0  stubs.o ABSOLUTE
    _printf_lc                               0x00000000   Number         0  stubs.o ABSOLUTE
    _printf_ll                               0x00000000   Number         0  stubs.o ABSOLUTE
    _printf_lld                              0x00000000   Number         0  stubs.o ABSOLUTE
    _printf_lli                              0x00000000   Number         0  stubs.o ABSOLUTE
    _printf_llo                              0x00000000   Number         0  stubs.o ABSOLUTE
    _printf_llu                              0x00000000   Number         0  stubs.o ABSOLUTE
    _printf_llx                              0x00000000   Number         0  stubs.o ABSOLUTE
    _printf_longlong_dec                     0x00000000   Number         0  stubs.o ABSOLUTE
    _printf_longlong_hex                     0x00000000   Number         0  stubs.o ABSOLUTE
    _printf_longlong_oct                     0x00000000   Number         0  stubs.o ABSOLUTE
    _printf_ls                               0x00000000   Number         0  stubs.o ABSOLUTE
    _printf_mbtowc                           0x00000000   Number         0  stubs.o ABSOLUTE
    _printf_n                                0x00000000   Number         0  stubs.o ABSOLUTE
    _printf_o                                0x00000000   Number         0  stubs.o ABSOLUTE
    _printf_p                                0x00000000   Number         0  stubs.o ABSOLUTE
    _printf_percent                          0x00000000   Number         0  stubs.o ABSOLUTE
    _printf_pre_padding                      0x00000000   Number         0  stubs.o ABSOLUTE
    _printf_return_value                     0x00000000   Number         0  stubs.o ABSOLUTE
    _printf_s                                0x00000000   Number         0  stubs.o ABSOLUTE
    _printf_sizespec                         0x00000000   Number         0  stubs.o ABSOLUTE
    _printf_str                              0x00000000   Number         0  stubs.o ABSOLUTE
    _printf_truncate_signed                  0x00000000   Number         0  stubs.o ABSOLUTE
    _printf_truncate_unsigned                0x00000000   Number         0  stubs.o ABSOLUTE
    _printf_u                                0x00000000   Number         0  stubs.o ABSOLUTE
    _printf_wc                               0x00000000   Number         0  stubs.o ABSOLUTE
    _printf_wctomb                           0x00000000   Number         0  stubs.o ABSOLUTE
    _printf_widthprec                        0x00000000   Number         0  stubs.o ABSOLUTE
    _printf_x                                0x00000000   Number         0  stubs.o ABSOLUTE
    __cpp_initialize__aeabi_                  - Undefined Weak Reference
    __cxa_finalize                            - Undefined Weak Reference
    __decompress                              - Undefined Weak Reference
    _clock_init                               - Undefined Weak Reference
    _microlib_exit                            - Undefined Weak Reference
    __Vectors_Size                           0x000000c0   Number         0  startup_stm32l051xx.o ABSOLUTE
    __Vectors                                0x08000000   Data           4  startup_stm32l051xx.o(RESET)
    __Vectors_End                            0x080000c0   Data           0  startup_stm32l051xx.o(RESET)
    __main                                   0x080000c1   Thumb Code     0  entry.o(.ARM.Collect$$$$00000000)
    _main_stk                                0x080000c1   Thumb Code     0  entry2.o(.ARM.Collect$$$$00000001)
    _main_scatterload                        0x080000c5   Thumb Code     0  entry5.o(.ARM.Collect$$$$00000004)
    __main_after_scatterload                 0x080000c9   Thumb Code     0  entry5.o(.ARM.Collect$$$$00000004)
    _main_clock                              0x080000c9   Thumb Code     0  entry7b.o(.ARM.Collect$$$$00000008)
    _main_cpp_init                           0x080000c9   Thumb Code     0  entry8b.o(.ARM.Collect$$$$0000000A)
    _main_init                               0x080000c9   Thumb Code     0  entry9a.o(.ARM.Collect$$$$0000000B)
    __rt_final_cpp                           0x080000d1   Thumb Code     0  entry10a.o(.ARM.Collect$$$$0000000D)
    __rt_final_exit                          0x080000d1   Thumb Code     0  entry11a.o(.ARM.Collect$$$$0000000F)
    Reset_Handler                            0x080000d5   Thumb Code     8  startup_stm32l051xx.o(.text)
    ADC1_COMP_IRQHandler                     0x080000e7   Thumb Code     0  startup_stm32l051xx.o(.text)
    DMA1_Channel1_IRQHandler                 0x080000e7   Thumb Code     0  startup_stm32l051xx.o(.text)
    EXTI0_1_IRQHandler                       0x080000e7   Thumb Code     0  startup_stm32l051xx.o(.text)
    EXTI2_3_IRQHandler                       0x080000e7   Thumb Code     0  startup_stm32l051xx.o(.text)
    EXTI4_15_IRQHandler                      0x080000e7   Thumb Code     0  startup_stm32l051xx.o(.text)
    FLASH_IRQHandler                         0x080000e7   Thumb Code     0  startup_stm32l051xx.o(.text)
    I2C1_IRQHandler                          0x080000e7   Thumb Code     0  startup_stm32l051xx.o(.text)
    I2C2_IRQHandler                          0x080000e7   Thumb Code     0  startup_stm32l051xx.o(.text)
    LPTIM1_IRQHandler                        0x080000e7   Thumb Code     0  startup_stm32l051xx.o(.text)
    PVD_IRQHandler                           0x080000e7   Thumb Code     0  startup_stm32l051xx.o(.text)
    RCC_IRQHandler                           0x080000e7   Thumb Code     0  startup_stm32l051xx.o(.text)
    RTC_IRQHandler                           0x080000e7   Thumb Code     0  startup_stm32l051xx.o(.text)
    SPI1_IRQHandler                          0x080000e7   Thumb Code     0  startup_stm32l051xx.o(.text)
    SPI2_IRQHandler                          0x080000e7   Thumb Code     0  startup_stm32l051xx.o(.text)
    TIM21_IRQHandler                         0x080000e7   Thumb Code     0  startup_stm32l051xx.o(.text)
    TIM22_IRQHandler                         0x080000e7   Thumb Code     0  startup_stm32l051xx.o(.text)
    TIM6_IRQHandler                          0x080000e7   Thumb Code     0  startup_stm32l051xx.o(.text)
    WWDG_IRQHandler                          0x080000e7   Thumb Code     0  startup_stm32l051xx.o(.text)
    __aeabi_uidiv                            0x080000f1   Thumb Code     0  uidiv.o(.text)
    __aeabi_uidivmod                         0x080000f1   Thumb Code    44  uidiv.o(.text)
    __aeabi_uldivmod                         0x0800011d   Thumb Code    96  uldiv.o(.text)
    __aeabi_memcpy                           0x0800017d   Thumb Code    36  memcpya.o(.text)
    __aeabi_memcpy4                          0x0800017d   Thumb Code     0  memcpya.o(.text)
    __aeabi_memcpy8                          0x0800017d   Thumb Code     0  memcpya.o(.text)
    __aeabi_memset                           0x080001a1   Thumb Code    14  memseta.o(.text)
    __aeabi_memset4                          0x080001a1   Thumb Code     0  memseta.o(.text)
    __aeabi_memset8                          0x080001a1   Thumb Code     0  memseta.o(.text)
    __aeabi_memclr                           0x080001af   Thumb Code     4  memseta.o(.text)
    __aeabi_memclr4                          0x080001af   Thumb Code     0  memseta.o(.text)
    __aeabi_memclr8                          0x080001af   Thumb Code     0  memseta.o(.text)
    _memset$wrapper                          0x080001b3   Thumb Code    18  memseta.o(.text)
    strstr                                   0x080001c5   Thumb Code    40  strstr.o(.text)
    strncmp                                  0x080001ed   Thumb Code    30  strncmp.o(.text)
    __aeabi_llsl                             0x0800020b   Thumb Code    32  llshl.o(.text)
    _ll_shift_l                              0x0800020b   Thumb Code     0  llshl.o(.text)
    __aeabi_llsr                             0x0800022b   Thumb Code    34  llushr.o(.text)
    _ll_ushift_r                             0x0800022b   Thumb Code     0  llushr.o(.text)
    __scatterload                            0x0800024d   Thumb Code    28  init.o(.text)
    __scatterload_rt2                        0x0800024d   Thumb Code     0  init.o(.text)
    AS608_DMA_START                          0x08000271   Thumb Code    26  as608.o(i.AS608_DMA_START)
    AS608_Init                               0x08000295   Thumb Code    50  as608_app.o(i.AS608_Init)
    Bsp_Driver_Init                          0x08000381   Thumb Code    46  u_init.o(i.Bsp_Driver_Init)
    CalulateCRC                              0x080003bd   Thumb Code    98  rc522_app.o(i.CalulateCRC)
    ClearBitMask                             0x0800041f   Thumb Code    22  rc522_app.o(i.ClearBitMask)
    DMA1_Channel2_3_IRQHandler               0x08000435   Thumb Code    10  stm32l0xx_it.o(i.DMA1_Channel2_3_IRQHandler)
    DMA1_Channel4_5_6_7_IRQHandler           0x08000445   Thumb Code    16  stm32l0xx_it.o(i.DMA1_Channel4_5_6_7_IRQHandler)
    ETH_DMA_START                            0x08000489   Thumb Code    28  ether_hal.o(i.ETH_DMA_START)
    ETH_Rst                                  0x080004ad   Thumb Code    72  ether_hal.o(i.ETH_Rst)
    ETH_UsartReceive_IDLE                    0x080004f9   Thumb Code    56  ether_hal.o(i.ETH_UsartReceive_IDLE)
    EnsureMessage                            0x08000539   Thumb Code   132  as608.o(i.EnsureMessage)
    Error_Handler                            0x0800077d   Thumb Code     2  main.o(i.Error_Handler)
    Eth_Com_Data_Process_hal                 0x08000781   Thumb Code   264  main_app.o(i.Eth_Com_Data_Process_hal)
    Eth_Init                                 0x080008c9   Thumb Code    12  ether_hal.o(i.Eth_Init)
    Eth_Updata_Finger_Cammand_Task           0x080008d5   Thumb Code   110  net_com.o(i.Eth_Updata_Finger_Cammand_Task)
    Eth_business_Cammand_Task                0x08000951   Thumb Code   140  net_com.o(i.Eth_business_Cammand_Task)
    FLASH_PageErase                          0x080009ed   Thumb Code    34  stm32l0xx_hal_flash_ex.o(i.FLASH_PageErase)
    FLASH_WaitForLastOperation               0x08000aa9   Thumb Code   106  stm32l0xx_hal_flash.o(i.FLASH_WaitForLastOperation)
    Flash_Read_Word                          0x08000b19   Thumb Code    34  u_flash.o(i.Flash_Read_Word)
    Flash_Write_Num_Word                     0x08000b51   Thumb Code   146  u_flash.o(i.Flash_Write_Num_Word)
    HAL_DMA_Abort                            0x08000c4d   Thumb Code    68  stm32l0xx_hal_dma.o(i.HAL_DMA_Abort)
    HAL_DMA_Abort_IT                         0x08000c91   Thumb Code    76  stm32l0xx_hal_dma.o(i.HAL_DMA_Abort_IT)
    HAL_DMA_GetError                         0x08000cdd   Thumb Code     4  stm32l0xx_hal_dma.o(i.HAL_DMA_GetError)
    HAL_DMA_IRQHandler                       0x08000ce1   Thumb Code   168  stm32l0xx_hal_dma.o(i.HAL_DMA_IRQHandler)
    HAL_DMA_Init                             0x08000d89   Thumb Code   132  stm32l0xx_hal_dma.o(i.HAL_DMA_Init)
    HAL_DMA_Start_IT                         0x08000e19   Thumb Code   104  stm32l0xx_hal_dma.o(i.HAL_DMA_Start_IT)
    HAL_Delay                                0x08000e81   Thumb Code    28  stm32l0xx_hal.o(i.HAL_Delay)
    HAL_FLASHEx_Erase                        0x08000e9d   Thumb Code   106  stm32l0xx_hal_flash_ex.o(i.HAL_FLASHEx_Erase)
    HAL_FLASH_GetError                       0x08000f15   Thumb Code     6  stm32l0xx_hal_flash.o(i.HAL_FLASH_GetError)
    HAL_FLASH_Lock                           0x08000f21   Thumb Code    22  stm32l0xx_hal_flash.o(i.HAL_FLASH_Lock)
    HAL_FLASH_Program                        0x08000f3d   Thumb Code    50  stm32l0xx_hal_flash.o(i.HAL_FLASH_Program)
    HAL_FLASH_Unlock                         0x08000f79   Thumb Code    70  stm32l0xx_hal_flash.o(i.HAL_FLASH_Unlock)
    HAL_GPIO_Init                            0x08000fd5   Thumb Code   346  stm32l0xx_hal_gpio.o(i.HAL_GPIO_Init)
    HAL_GPIO_WritePin                        0x0800114d   Thumb Code    12  stm32l0xx_hal_gpio.o(i.HAL_GPIO_WritePin)
    HAL_GetTick                              0x08001159   Thumb Code     6  stm32l0xx_hal.o(i.HAL_GetTick)
    HAL_IncTick                              0x08001165   Thumb Code    10  stm32l0xx_hal.o(i.HAL_IncTick)
    HAL_Init                                 0x08001175   Thumb Code    36  stm32l0xx_hal.o(i.HAL_Init)
    HAL_InitTick                             0x0800119d   Thumb Code    94  stm32l0xx_hal_timebase_tim.o(i.HAL_InitTick)
    HAL_MspInit                              0x0800120d   Thumb Code    20  stm32l0xx_hal_msp.o(i.HAL_MspInit)
    HAL_NVIC_EnableIRQ                       0x08001225   Thumb Code    14  stm32l0xx_hal_cortex.o(i.HAL_NVIC_EnableIRQ)
    HAL_NVIC_SetPriority                     0x08001239   Thumb Code     8  stm32l0xx_hal_cortex.o(i.HAL_NVIC_SetPriority)
    HAL_RCCEx_PeriphCLKConfig                0x08001241   Thumb Code   342  stm32l0xx_hal_rcc_ex.o(i.HAL_RCCEx_PeriphCLKConfig)
    HAL_RCC_CSSCallback                      0x080013a5   Thumb Code     2  stm32l0xx_hal_rcc.o(i.HAL_RCC_CSSCallback)
    HAL_RCC_ClockConfig                      0x080013a9   Thumb Code   344  stm32l0xx_hal_rcc.o(i.HAL_RCC_ClockConfig)
    HAL_RCC_EnableCSS                        0x08001515   Thumb Code    14  stm32l0xx_hal_rcc.o(i.HAL_RCC_EnableCSS)
    HAL_RCC_GetClockConfig                   0x08001529   Thumb Code    54  stm32l0xx_hal_rcc.o(i.HAL_RCC_GetClockConfig)
    HAL_RCC_GetPCLK1Freq                     0x08001569   Thumb Code    20  stm32l0xx_hal_rcc.o(i.HAL_RCC_GetPCLK1Freq)
    HAL_RCC_GetPCLK2Freq                     0x08001589   Thumb Code    20  stm32l0xx_hal_rcc.o(i.HAL_RCC_GetPCLK2Freq)
    HAL_RCC_GetSysClockFreq                  0x080015a9   Thumb Code   100  stm32l0xx_hal_rcc.o(i.HAL_RCC_GetSysClockFreq)
    HAL_RCC_NMI_IRQHandler                   0x08001621   Thumb Code    20  stm32l0xx_hal_rcc.o(i.HAL_RCC_NMI_IRQHandler)
    HAL_RCC_OscConfig                        0x08001639   Thumb Code  1052  stm32l0xx_hal_rcc.o(i.HAL_RCC_OscConfig)
    HAL_SPI_Init                             0x08001a55   Thumb Code   128  stm32l0xx_hal_spi.o(i.HAL_SPI_Init)
    HAL_SPI_MspInit                          0x08001ad5   Thumb Code    78  spi.o(i.HAL_SPI_MspInit)
    HAL_SPI_TransmitReceive                  0x08001b2d   Thumb Code   496  stm32l0xx_hal_spi.o(i.HAL_SPI_TransmitReceive)
    HAL_TIM_Base_Init                        0x08001d1d   Thumb Code    52  stm32l0xx_hal_tim.o(i.HAL_TIM_Base_Init)
    HAL_TIM_Base_MspInit                     0x08001d51   Thumb Code     2  stm32l0xx_hal_tim.o(i.HAL_TIM_Base_MspInit)
    HAL_TIM_Base_Start_IT                    0x08001d53   Thumb Code    32  stm32l0xx_hal_tim.o(i.HAL_TIM_Base_Start_IT)
    HAL_TIM_IC_CaptureCallback               0x08001d73   Thumb Code     2  stm32l0xx_hal_tim.o(i.HAL_TIM_IC_CaptureCallback)
    HAL_TIM_IRQHandler                       0x08001d75   Thumb Code   294  stm32l0xx_hal_tim.o(i.HAL_TIM_IRQHandler)
    HAL_TIM_OC_DelayElapsedCallback          0x08001e9b   Thumb Code     2  stm32l0xx_hal_tim.o(i.HAL_TIM_OC_DelayElapsedCallback)
    HAL_TIM_PWM_PulseFinishedCallback        0x08001e9d   Thumb Code     2  stm32l0xx_hal_tim.o(i.HAL_TIM_PWM_PulseFinishedCallback)
    HAL_TIM_PeriodElapsedCallback            0x08001e9f   Thumb Code    18  main.o(i.HAL_TIM_PeriodElapsedCallback)
    HAL_TIM_TriggerCallback                  0x08001eb1   Thumb Code     2  stm32l0xx_hal_tim.o(i.HAL_TIM_TriggerCallback)
    HAL_UARTEx_WakeupCallback                0x08001eb3   Thumb Code     2  stm32l0xx_hal_uart_ex.o(i.HAL_UARTEx_WakeupCallback)
    HAL_UART_DMAStop                         0x08001eb5   Thumb Code   122  stm32l0xx_hal_uart.o(i.HAL_UART_DMAStop)
    HAL_UART_ErrorCallback                   0x08001f2f   Thumb Code     2  stm32l0xx_hal_uart.o(i.HAL_UART_ErrorCallback)
    HAL_UART_IRQHandler                      0x08001f31   Thumb Code   310  stm32l0xx_hal_uart.o(i.HAL_UART_IRQHandler)
    HAL_UART_Init                            0x0800206d   Thumb Code   106  stm32l0xx_hal_uart.o(i.HAL_UART_Init)
    HAL_UART_MspInit                         0x080020d9   Thumb Code   366  usart.o(i.HAL_UART_MspInit)
    HAL_UART_Receive_DMA                     0x08002265   Thumb Code   170  stm32l0xx_hal_uart.o(i.HAL_UART_Receive_DMA)
    HAL_UART_RxCpltCallback                  0x0800231d   Thumb Code     2  stm32l0xx_hal_uart.o(i.HAL_UART_RxCpltCallback)
    HAL_UART_RxHalfCpltCallback              0x0800231f   Thumb Code     2  stm32l0xx_hal_uart.o(i.HAL_UART_RxHalfCpltCallback)
    HAL_UART_Transmit                        0x08002321   Thumb Code   206  stm32l0xx_hal_uart.o(i.HAL_UART_Transmit)
    HAL_UART_TxCpltCallback                  0x080023ef   Thumb Code     2  stm32l0xx_hal_uart.o(i.HAL_UART_TxCpltCallback)
    HardFault_Handler                        0x080023f1   Thumb Code     2  stm32l0xx_it.o(i.HardFault_Handler)
    Init_Dev_Param                           0x080023f5   Thumb Code    64  u_flash.o(i.Init_Dev_Param)
    LPUART1_IRQHandler                       0x080024a1   Thumb Code    60  as608.o(i.LPUART1_IRQHandler)
    Line_1A_WT588S                           0x080024e5   Thumb Code   126  speak_hal.o(i.Line_1A_WT588S)
    M500PcdConfigISOType                     0x08002563   Thumb Code    88  rc522_app.o(i.M500PcdConfigISOType)
    MX_DMA_Init                              0x080025bd   Thumb Code    20  dma.o(i.MX_DMA_Init)
    MX_GPIO_Init                             0x080025d5   Thumb Code   212  gpio.o(i.MX_GPIO_Init)
    MX_LPUART1_UART_Init                     0x080026bd   Thumb Code    46  usart.o(i.MX_LPUART1_UART_Init)
    MX_NVIC_Init                             0x080026f5   Thumb Code    84  main.o(i.MX_NVIC_Init)
    MX_SPI1_Init                             0x08002749   Thumb Code    58  spi.o(i.MX_SPI1_Init)
    MX_USART1_UART_Init                      0x0800278d   Thumb Code    48  usart.o(i.MX_USART1_UART_Init)
    MX_USART2_UART_Init                      0x080027c5   Thumb Code    48  usart.o(i.MX_USART2_UART_Init)
    NMI_Handler                              0x08002815   Thumb Code     8  stm32l0xx_it.o(i.NMI_Handler)
    PS_DeletChar                             0x08002861   Thumb Code    96  as608.o(i.PS_DeletChar)
    PS_DownChar                              0x080028c1   Thumb Code   134  as608.o(i.PS_DownChar)
    PS_Empty                                 0x0800296d   Thumb Code    54  as608.o(i.PS_Empty)
    PS_GenChar                               0x080029a3   Thumb Code    62  as608.o(i.PS_GenChar)
    PS_GetImage                              0x080029e1   Thumb Code    54  as608.o(i.PS_GetImage)
    PS_HandShake                             0x08002a19   Thumb Code    98  as608.o(i.PS_HandShake)
    PS_HighSpeedSearch                       0x08002a81   Thumb Code   136  as608.o(i.PS_HighSpeedSearch)
    PS_ReadSysPara                           0x08002b09   Thumb Code   156  as608.o(i.PS_ReadSysPara)
    PS_StoreChar                             0x08002bf1   Thumb Code    84  as608.o(i.PS_StoreChar)
    PS_UpChar                                0x08002c45   Thumb Code   104  as608.o(i.PS_UpChar)
    PS_ValidTempleteNum                      0x08002cb1   Thumb Code    98  as608.o(i.PS_ValidTempleteNum)
    Param_Init                               0x08002d31   Thumb Code    14  net_com.o(i.Param_Init)
    PcdAntennaOff                            0x08002d51   Thumb Code    12  rc522_app.o(i.PcdAntennaOff)
    PcdAntennaOn                             0x08002d5d   Thumb Code    22  rc522_app.o(i.PcdAntennaOn)
    PcdAnticoll                              0x08002d73   Thumb Code   104  rc522_app.o(i.PcdAnticoll)
    PcdAuthState                             0x08002ddb   Thumb Code    80  rc522_app.o(i.PcdAuthState)
    PcdComMF522                              0x08002e2b   Thumb Code   280  rc522_app.o(i.PcdComMF522)
    PcdRead                                  0x08002f43   Thumb Code    74  rc522_app.o(i.PcdRead)
    PcdRequest                               0x08002f8d   Thumb Code    82  rc522_app.o(i.PcdRequest)
    PcdReset                                 0x08002fe1   Thumb Code   124  rc522_app.o(i.PcdReset)
    PcdSelect                                0x08003061   Thumb Code    98  rc522_app.o(i.PcdSelect)
    PendSV_Handler                           0x080030c3   Thumb Code     2  stm32l0xx_it.o(i.PendSV_Handler)
    Play_Music_Fun                           0x080030c5   Thumb Code   114  main_app.o(i.Play_Music_Fun)
    Rc522_Init                               0x0800313d   Thumb Code    26  rc522_app.o(i.Rc522_Init)
    ReadRawRC                                0x08003157   Thumb Code    48  rc522_app.o(i.ReadRawRC)
    SPI_ReadData                             0x080031c9   Thumb Code    42  rc522_app.o(i.SPI_ReadData)
    SPI_WriteData                            0x080032a1   Thumb Code    32  rc522_app.o(i.SPI_WriteData)
    SVC_Handler                              0x080032d9   Thumb Code     2  stm32l0xx_it.o(i.SVC_Handler)
    SetBitMask                               0x08003385   Thumb Code    22  rc522_app.o(i.SetBitMask)
    ShowErrMessage                           0x0800339d   Thumb Code    12  as608.o(i.ShowErrMessage)
    SysTick_Handler                          0x080033c1   Thumb Code     2  stm32l0xx_it.o(i.SysTick_Handler)
    SystemClock_Config                       0x080033c5   Thumb Code   126  main.o(i.SystemClock_Config)
    SystemInit                               0x08003449   Thumb Code    66  system_stm32l0xx.o(i.SystemInit)
    System_Tick_Count                        0x0800349d   Thumb Code   136  main.o(i.System_Tick_Count)
    TIM2_IRQHandler                          0x0800352d   Thumb Code    10  stm32l0xx_it.o(i.TIM2_IRQHandler)
    Talk_Process_Fun                         0x08003595   Thumb Code   156  main_app.o(i.Talk_Process_Fun)
    Test_Dev_Code                            0x0800366d   Thumb Code   116  main_app.o(i.Test_Dev_Code)
    Time_out_Ack_fun                         0x08003719   Thumb Code    28  net_com.o(i.Time_out_Ack_fun)
    UART_AdvFeatureConfig                    0x08003739   Thumb Code   202  stm32l0xx_hal_uart.o(i.UART_AdvFeatureConfig)
    UART_CheckIdleState                      0x08003805   Thumb Code    90  stm32l0xx_hal_uart.o(i.UART_CheckIdleState)
    UART_SetConfig                           0x08003939   Thumb Code   506  stm32l0xx_hal_uart.o(i.UART_SetConfig)
    UART_WaitOnFlagUntilTimeout              0x08003b61   Thumb Code    98  stm32l0xx_hal_uart.o(i.UART_WaitOnFlagUntilTimeout)
    USART1_IRQHandler                        0x08003bc5   Thumb Code    10  stm32l0xx_it.o(i.USART1_IRQHandler)
    USART2_IRQHandler                        0x08003bd5   Thumb Code    14  ether_hal.o(i.USART2_IRQHandler)
    Updata_ZhiWen_Data                       0x08003be9   Thumb Code   146  main_app.o(i.Updata_ZhiWen_Data)
    User_Driver_Init                         0x08003cd1   Thumb Code    34  u_init.o(i.User_Driver_Init)
    WaitCardOff                              0x08003cf9   Thumb Code    48  rc522_app.o(i.WaitCardOff)
    WriteRawRC                               0x08003d29   Thumb Code    46  rc522_app.o(i.WriteRawRC)
    __0printf$8                              0x08003d59   Thumb Code    24  printf8.o(i.__0printf$8)
    __1printf$8                              0x08003d59   Thumb Code     0  printf8.o(i.__0printf$8)
    __2printf                                0x08003d59   Thumb Code     0  printf8.o(i.__0printf$8)
    __ARM_common_switch8                     0x08003d79   Thumb Code    26  main_app.o(i.__ARM_common_switch8)
    __scatterload_copy                       0x08003d93   Thumb Code    14  handlers.o(i.__scatterload_copy)
    __scatterload_null                       0x08003da1   Thumb Code     2  handlers.o(i.__scatterload_null)
    __scatterload_zeroinit                   0x08003da3   Thumb Code    14  handlers.o(i.__scatterload_zeroinit)
    delay_2us                                0x08004225   Thumb Code    16  speak_hal.o(i.delay_2us)
    eth_ring_com_pack                        0x08004235   Thumb Code   146  net_com.o(i.eth_ring_com_pack)
    eth_ring_net_in                          0x080042cd   Thumb Code   448  net_com.o(i.eth_ring_net_in)
    export_in_FR                             0x080044dd   Thumb Code    10  as608_app.o(i.export_in_FR)
    export_out_FR                            0x080044e7   Thumb Code    10  as608_app.o(i.export_out_FR)
    fputc                                    0x080044f1   Thumb Code    18  debug_usart_hal.o(i.fputc)
    main                                     0x0800450d   Thumb Code    14  main.o(i.main)
    open_fird_vol                            0x0800451b   Thumb Code    16  rc522_app.o(i.open_fird_vol)
    open_zhiwen_vol                          0x0800452b   Thumb Code    16  as608_app.o(i.open_zhiwen_vol)
    press_FR                                 0x0800453b   Thumb Code    68  as608_app.o(i.press_FR)
    process_usart_data                       0x08004581   Thumb Code   138  u_flash.o(i.process_usart_data)
    rc522_find_card                          0x0800463d   Thumb Code   184  rc522_app.o(i.rc522_find_card)
    send_string_to_eth                       0x08004735   Thumb Code    18  ether_hal.o(i.send_string_to_eth)
    AHBPrescTable                            0x0800474c   Data          16  system_stm32l0xx.o(.constdata)
    PLLMulTable                              0x0800475c   Data           9  system_stm32l0xx.o(.constdata)
    APBPrescTable                            0x08004765   Data           8  system_stm32l0xx.o(.constdata)
    Region$$Table$$Base                      0x08004770   Number         0  anon$$obj.o(Region$$Table)
    Region$$Table$$Limit                     0x08004790   Number         0  anon$$obj.o(Region$$Table)
    System_state                             0x20000000   Data           1  main_app.o(.data)
    zhiwen_cur                               0x20000001   Data           1  main_app.o(.data)
    zhiwenid_temp_state                      0x20000002   Data           1  main_app.o(.data)
    test_tim_count                           0x20000003   Data           1  main_app.o(.data)
    System_Music                             0x20000004   Data           1  main_app.o(.data)
    zhiwen_len_temp                          0x20000006   Data           2  main_app.o(.data)
    zhiwenid_temp                            0x20000008   Data           2  main_app.o(.data)
    system_tick                              0x2000000c   Data           4  main.o(.data)
    uwTick                                   0x20000010   Data           4  stm32l0xx_hal.o(.data)
    SystemCoreClock                          0x20000014   Data           4  system_stm32l0xx.o(.data)
    AS608Addr                                0x20000018   Data           4  as608.o(.data)
    ValidN                                   0x2000001c   Data           2  as608_app.o(.data)
    zhiwen_vailed                            0x2000001e   Data           2  as608_app.o(.data)
    zhiwen_test_len                          0x20000020   Data           2  as608_app.o(.data)
    as608_addr                               0x20000024   Data           4  as608_app.o(.data)
    snr                                      0x20000028   Data           1  rc522_app.o(.data)
    TagType                                  0x20000029   Data           2  rc522_app.o(.data)
    SelectedSnr                              0x2000002b   Data           4  rc522_app.o(.data)
    DefaultKey                               0x2000002f   Data           6  rc522_app.o(.data)
    dev_net_in                               0x20000038   Data           1  net_com.o(.data)
    Zhiwen_flow                              0x20000039   Data           1  net_com.o(.data)
    Business_flow                            0x2000003a   Data           1  net_com.o(.data)
    xintiao_count                            0x2000003c   Data           4  net_com.o(.data)
    product_key                              0x20000040   Data           8  net_com.o(.data)
    eth_ack                                  0x20000048   Data           8  net_com.o(.data)
    sn_code                                  0x20000050   Data          12  net_com.o(.data)
    factory                                  0x2000005c   Data           4  u_flash.o(.data)
    ac                                       0x20000060   Data           8  u_flash.o(.data)
    __stdout                                 0x20000068   Data           4  stdout.o(.data)
    hlpuart1                                 0x2000006c   Data         128  usart.o(.bss)
    huart1                                   0x200000ec   Data         128  usart.o(.bss)
    huart2                                   0x2000016c   Data         128  usart.o(.bss)
    hdma_lpuart1_rx                          0x200001ec   Data          72  usart.o(.bss)
    hdma_usart1_rx                           0x20000234   Data          72  usart.o(.bss)
    hdma_usart2_rx                           0x2000027c   Data          72  usart.o(.bss)
    hspi1                                    0x200002c4   Data          88  spi.o(.bss)
    htim2                                    0x2000031c   Data          60  stm32l0xx_hal_timebase_tim.o(.bss)
    pFlash                                   0x20000358   Data          24  stm32l0xx_hal_flash.o(.bss)
    ether_st                                 0x20000370   Data        1032  ether_hal.o(.bss)
    as608_usart_st                           0x20000778   Data        2054  as608.o(.bss)
    AS608Para                                0x20000f80   Data          12  as608_app.o(.bss)
    AS608_sy_param                           0x20000f8c   Data          12  as608_app.o(.bss)
    buf                                      0x20000f98   Data          16  rc522_app.o(.bss)
    com_data                                 0x20000fa8   Data         798  net_com.o(.bss)
    eth_ring                                 0x200012c6   Data         308  net_com.o(.bss)
    __initial_sp                             0x20001c00   Data           0  startup_stm32l051xx.o(STACK)



==============================================================================

Memory Map of the image

  Image Entry point : 0x080000c1

  Load Region LR_IROM1 (Base: 0x08000000, Size: 0x000047fc, Max: 0x00010000, ABSOLUTE)

    Execution Region ER_IROM1 (Exec base: 0x08000000, Load base: 0x08000000, Size: 0x00004790, Max: 0x00010000, ABSOLUTE)

    Exec Addr    Load Addr    Size         Type   Attr      Idx    E Section Name        Object

    0x08000000   0x08000000   0x000000c0   Data   RO            3    RESET               startup_stm32l051xx.o
    0x080000c0   0x080000c0   0x00000000   Code   RO         4631  * .ARM.Collect$$$$00000000  mc_p.l(entry.o)
    0x080000c0   0x080000c0   0x00000004   Code   RO         4911    .ARM.Collect$$$$00000001  mc_p.l(entry2.o)
    0x080000c4   0x080000c4   0x00000004   Code   RO         4914    .ARM.Collect$$$$00000004  mc_p.l(entry5.o)
    0x080000c8   0x080000c8   0x00000000   Code   RO         4916    .ARM.Collect$$$$00000008  mc_p.l(entry7b.o)
    0x080000c8   0x080000c8   0x00000000   Code   RO         4918    .ARM.Collect$$$$0000000A  mc_p.l(entry8b.o)
    0x080000c8   0x080000c8   0x00000008   Code   RO         4919    .ARM.Collect$$$$0000000B  mc_p.l(entry9a.o)
    0x080000d0   0x080000d0   0x00000000   Code   RO         4921    .ARM.Collect$$$$0000000D  mc_p.l(entry10a.o)
    0x080000d0   0x080000d0   0x00000000   Code   RO         4923    .ARM.Collect$$$$0000000F  mc_p.l(entry11a.o)
    0x080000d0   0x080000d0   0x00000004   Code   RO         4912    .ARM.Collect$$$$00002712  mc_p.l(entry2.o)
    0x080000d4   0x080000d4   0x0000001c   Code   RO            4    .text               startup_stm32l051xx.o
    0x080000f0   0x080000f0   0x0000002c   Code   RO         4634    .text               mc_p.l(uidiv.o)
    0x0800011c   0x0800011c   0x00000060   Code   RO         4636    .text               mc_p.l(uldiv.o)
    0x0800017c   0x0800017c   0x00000024   Code   RO         4638    .text               mc_p.l(memcpya.o)
    0x080001a0   0x080001a0   0x00000024   Code   RO         4640    .text               mc_p.l(memseta.o)
    0x080001c4   0x080001c4   0x00000028   Code   RO         4642    .text               mc_p.l(strstr.o)
    0x080001ec   0x080001ec   0x0000001e   Code   RO         4644    .text               mc_p.l(strncmp.o)
    0x0800020a   0x0800020a   0x00000020   Code   RO         4926    .text               mc_p.l(llshl.o)
    0x0800022a   0x0800022a   0x00000022   Code   RO         4928    .text               mc_p.l(llushr.o)
    0x0800024c   0x0800024c   0x00000024   Code   RO         4941    .text               mc_p.l(init.o)
    0x08000270   0x08000270   0x00000024   Code   RO         3981    i.AS608_DMA_START   as608.o
    0x08000294   0x08000294   0x00000048   Code   RO         4199    i.AS608_Init        as608_app.o
    0x080002dc   0x080002dc   0x000000a4   Code   RO         3982    i.AS806_ExtractChar  as608.o
    0x08000380   0x08000380   0x0000003c   Code   RO         4607    i.Bsp_Driver_Init   u_init.o
    0x080003bc   0x080003bc   0x00000062   Code   RO         4319    i.CalulateCRC       rc522_app.o
    0x0800041e   0x0800041e   0x00000016   Code   RO         4320    i.ClearBitMask      rc522_app.o
    0x08000434   0x08000434   0x00000010   Code   RO          485    i.DMA1_Channel2_3_IRQHandler  stm32l0xx_it.o
    0x08000444   0x08000444   0x00000018   Code   RO          486    i.DMA1_Channel4_5_6_7_IRQHandler  stm32l0xx_it.o
    0x0800045c   0x0800045c   0x0000002c   Code   RO         1804    i.DMA_SetConfig     stm32l0xx_hal_dma.o
    0x08000488   0x08000488   0x00000024   Code   RO         3750    i.ETH_DMA_START     ether_hal.o
    0x080004ac   0x080004ac   0x0000004c   Code   RO         3751    i.ETH_Rst           ether_hal.o
    0x080004f8   0x080004f8   0x00000040   Code   RO         3752    i.ETH_UsartReceive_IDLE  ether_hal.o
    0x08000538   0x08000538   0x00000244   Code   RO         3983    i.EnsureMessage     as608.o
    0x0800077c   0x0800077c   0x00000002   Code   RO          215    i.Error_Handler     main.o
    0x0800077e   0x0800077e   0x00000002   PAD
    0x08000780   0x08000780   0x00000148   Code   RO           12    i.Eth_Com_Data_Process_hal  main_app.o
    0x080008c8   0x080008c8   0x0000000c   Code   RO         3753    i.Eth_Init          ether_hal.o
    0x080008d4   0x080008d4   0x0000007c   Code   RO         4488    i.Eth_Updata_Finger_Cammand_Task  net_com.o
    0x08000950   0x08000950   0x0000009c   Code   RO         4489    i.Eth_business_Cammand_Task  net_com.o
    0x080009ec   0x080009ec   0x0000002c   Code   RO         1634    i.FLASH_PageErase   stm32l0xx_hal_flash_ex.o
    0x08000a18   0x08000a18   0x00000090   Code   RO         1536    i.FLASH_SetErrorCode  stm32l0xx_hal_flash.o
    0x08000aa8   0x08000aa8   0x00000070   Code   RO         1537    i.FLASH_WaitForLastOperation  stm32l0xx_hal_flash.o
    0x08000b18   0x08000b18   0x00000038   Code   RO         4550    i.Flash_Read_Word   u_flash.o
    0x08000b50   0x08000b50   0x000000fc   Code   RO         4551    i.Flash_Write_Num_Word  u_flash.o
    0x08000c4c   0x08000c4c   0x00000044   Code   RO         1805    i.HAL_DMA_Abort     stm32l0xx_hal_dma.o
    0x08000c90   0x08000c90   0x0000004c   Code   RO         1806    i.HAL_DMA_Abort_IT  stm32l0xx_hal_dma.o
    0x08000cdc   0x08000cdc   0x00000004   Code   RO         1808    i.HAL_DMA_GetError  stm32l0xx_hal_dma.o
    0x08000ce0   0x08000ce0   0x000000a8   Code   RO         1810    i.HAL_DMA_IRQHandler  stm32l0xx_hal_dma.o
    0x08000d88   0x08000d88   0x00000090   Code   RO         1811    i.HAL_DMA_Init      stm32l0xx_hal_dma.o
    0x08000e18   0x08000e18   0x00000068   Code   RO         1815    i.HAL_DMA_Start_IT  stm32l0xx_hal_dma.o
    0x08000e80   0x08000e80   0x0000001c   Code   RO          651    i.HAL_Delay         stm32l0xx_hal.o
    0x08000e9c   0x08000e9c   0x00000078   Code   RO         1643    i.HAL_FLASHEx_Erase  stm32l0xx_hal_flash_ex.o
    0x08000f14   0x08000f14   0x0000000c   Code   RO         1539    i.HAL_FLASH_GetError  stm32l0xx_hal_flash.o
    0x08000f20   0x08000f20   0x0000001c   Code   RO         1541    i.HAL_FLASH_Lock    stm32l0xx_hal_flash.o
    0x08000f3c   0x08000f3c   0x0000003c   Code   RO         1546    i.HAL_FLASH_Program  stm32l0xx_hal_flash.o
    0x08000f78   0x08000f78   0x0000005c   Code   RO         1548    i.HAL_FLASH_Unlock  stm32l0xx_hal_flash.o
    0x08000fd4   0x08000fd4   0x00000178   Code   RO         1745    i.HAL_GPIO_Init     stm32l0xx_hal_gpio.o
    0x0800114c   0x0800114c   0x0000000c   Code   RO         1749    i.HAL_GPIO_WritePin  stm32l0xx_hal_gpio.o
    0x08001158   0x08001158   0x0000000c   Code   RO          655    i.HAL_GetTick       stm32l0xx_hal.o
    0x08001164   0x08001164   0x00000010   Code   RO          659    i.HAL_IncTick       stm32l0xx_hal.o
    0x08001174   0x08001174   0x00000028   Code   RO          660    i.HAL_Init          stm32l0xx_hal.o
    0x0800119c   0x0800119c   0x00000070   Code   RO          581    i.HAL_InitTick      stm32l0xx_hal_timebase_tim.o
    0x0800120c   0x0800120c   0x00000018   Code   RO          561    i.HAL_MspInit       stm32l0xx_hal_msp.o
    0x08001224   0x08001224   0x00000014   Code   RO         2072    i.HAL_NVIC_EnableIRQ  stm32l0xx_hal_cortex.o
    0x08001238   0x08001238   0x00000008   Code   RO         2076    i.HAL_NVIC_SetPriority  stm32l0xx_hal_cortex.o
    0x08001240   0x08001240   0x00000164   Code   RO         1432    i.HAL_RCCEx_PeriphCLKConfig  stm32l0xx_hal_rcc_ex.o
    0x080013a4   0x080013a4   0x00000002   Code   RO         1333    i.HAL_RCC_CSSCallback  stm32l0xx_hal_rcc.o
    0x080013a6   0x080013a6   0x00000002   PAD
    0x080013a8   0x080013a8   0x0000016c   Code   RO         1334    i.HAL_RCC_ClockConfig  stm32l0xx_hal_rcc.o
    0x08001514   0x08001514   0x00000014   Code   RO         1336    i.HAL_RCC_EnableCSS  stm32l0xx_hal_rcc.o
    0x08001528   0x08001528   0x00000040   Code   RO         1337    i.HAL_RCC_GetClockConfig  stm32l0xx_hal_rcc.o
    0x08001568   0x08001568   0x00000020   Code   RO         1340    i.HAL_RCC_GetPCLK1Freq  stm32l0xx_hal_rcc.o
    0x08001588   0x08001588   0x00000020   Code   RO         1341    i.HAL_RCC_GetPCLK2Freq  stm32l0xx_hal_rcc.o
    0x080015a8   0x080015a8   0x00000078   Code   RO         1342    i.HAL_RCC_GetSysClockFreq  stm32l0xx_hal_rcc.o
    0x08001620   0x08001620   0x00000018   Code   RO         1344    i.HAL_RCC_NMI_IRQHandler  stm32l0xx_hal_rcc.o
    0x08001638   0x08001638   0x0000041c   Code   RO         1345    i.HAL_RCC_OscConfig  stm32l0xx_hal_rcc.o
    0x08001a54   0x08001a54   0x00000080   Code   RO         2604    i.HAL_SPI_Init      stm32l0xx_hal_spi.o
    0x08001ad4   0x08001ad4   0x00000058   Code   RO          448    i.HAL_SPI_MspInit   spi.o
    0x08001b2c   0x08001b2c   0x000001f0   Code   RO         2613    i.HAL_SPI_TransmitReceive  stm32l0xx_hal_spi.o
    0x08001d1c   0x08001d1c   0x00000034   Code   RO         2913    i.HAL_TIM_Base_Init  stm32l0xx_hal_tim.o
    0x08001d50   0x08001d50   0x00000002   Code   RO         2915    i.HAL_TIM_Base_MspInit  stm32l0xx_hal_tim.o
    0x08001d52   0x08001d52   0x00000020   Code   RO         2918    i.HAL_TIM_Base_Start_IT  stm32l0xx_hal_tim.o
    0x08001d72   0x08001d72   0x00000002   Code   RO         2942    i.HAL_TIM_IC_CaptureCallback  stm32l0xx_hal_tim.o
    0x08001d74   0x08001d74   0x00000126   Code   RO         2956    i.HAL_TIM_IRQHandler  stm32l0xx_hal_tim.o
    0x08001e9a   0x08001e9a   0x00000002   Code   RO         2959    i.HAL_TIM_OC_DelayElapsedCallback  stm32l0xx_hal_tim.o
    0x08001e9c   0x08001e9c   0x00000002   Code   RO         2986    i.HAL_TIM_PWM_PulseFinishedCallback  stm32l0xx_hal_tim.o
    0x08001e9e   0x08001e9e   0x00000012   Code   RO          216    i.HAL_TIM_PeriodElapsedCallback  main.o
    0x08001eb0   0x08001eb0   0x00000002   Code   RO         2999    i.HAL_TIM_TriggerCallback  stm32l0xx_hal_tim.o
    0x08001eb2   0x08001eb2   0x00000002   Code   RO         2538    i.HAL_UARTEx_WakeupCallback  stm32l0xx_hal_uart_ex.o
    0x08001eb4   0x08001eb4   0x0000007a   Code   RO         2199    i.HAL_UART_DMAStop  stm32l0xx_hal_uart.o
    0x08001f2e   0x08001f2e   0x00000002   Code   RO         2201    i.HAL_UART_ErrorCallback  stm32l0xx_hal_uart.o
    0x08001f30   0x08001f30   0x0000013c   Code   RO         2204    i.HAL_UART_IRQHandler  stm32l0xx_hal_uart.o
    0x0800206c   0x0800206c   0x0000006a   Code   RO         2205    i.HAL_UART_Init     stm32l0xx_hal_uart.o
    0x080020d6   0x080020d6   0x00000002   PAD
    0x080020d8   0x080020d8   0x0000018c   Code   RO          398    i.HAL_UART_MspInit  usart.o
    0x08002264   0x08002264   0x000000b8   Code   RO         2209    i.HAL_UART_Receive_DMA  stm32l0xx_hal_uart.o
    0x0800231c   0x0800231c   0x00000002   Code   RO         2211    i.HAL_UART_RxCpltCallback  stm32l0xx_hal_uart.o
    0x0800231e   0x0800231e   0x00000002   Code   RO         2212    i.HAL_UART_RxHalfCpltCallback  stm32l0xx_hal_uart.o
    0x08002320   0x08002320   0x000000ce   Code   RO         2213    i.HAL_UART_Transmit  stm32l0xx_hal_uart.o
    0x080023ee   0x080023ee   0x00000002   Code   RO         2216    i.HAL_UART_TxCpltCallback  stm32l0xx_hal_uart.o
    0x080023f0   0x080023f0   0x00000002   Code   RO          487    i.HardFault_Handler  stm32l0xx_it.o
    0x080023f2   0x080023f2   0x00000002   PAD
    0x080023f4   0x080023f4   0x0000004c   Code   RO         4552    i.Init_Dev_Param    u_flash.o
    0x08002440   0x08002440   0x00000060   Code   RO         3984    i.JudgeStr          as608.o
    0x080024a0   0x080024a0   0x00000044   Code   RO         3985    i.LPUART1_IRQHandler  as608.o
    0x080024e4   0x080024e4   0x0000007e   Code   RO         4287    i.Line_1A_WT588S    speak_hal.o
    0x08002562   0x08002562   0x00000058   Code   RO         4321    i.M500PcdConfigISOType  rc522_app.o
    0x080025ba   0x080025ba   0x00000002   PAD
    0x080025bc   0x080025bc   0x00000018   Code   RO          351    i.MX_DMA_Init       dma.o
    0x080025d4   0x080025d4   0x000000e8   Code   RO          331    i.MX_GPIO_Init      gpio.o
    0x080026bc   0x080026bc   0x00000038   Code   RO          399    i.MX_LPUART1_UART_Init  usart.o
    0x080026f4   0x080026f4   0x00000054   Code   RO          217    i.MX_NVIC_Init      main.o
    0x08002748   0x08002748   0x00000044   Code   RO          449    i.MX_SPI1_Init      spi.o
    0x0800278c   0x0800278c   0x00000038   Code   RO          400    i.MX_USART1_UART_Init  usart.o
    0x080027c4   0x080027c4   0x00000038   Code   RO          401    i.MX_USART2_UART_Init  usart.o
    0x080027fc   0x080027fc   0x00000018   Code   RO         3986    i.MYUSART_SendData  as608.o
    0x08002814   0x08002814   0x00000008   Code   RO          488    i.NMI_Handler       stm32l0xx_it.o
    0x0800281c   0x0800281c   0x00000044   Code   RO         2082    i.NVIC_SetPriority  stm32l0xx_hal_cortex.o
    0x08002860   0x08002860   0x00000060   Code   RO         3987    i.PS_DeletChar      as608.o
    0x080028c0   0x080028c0   0x000000ac   Code   RO         3988    i.PS_DownChar       as608.o
    0x0800296c   0x0800296c   0x00000036   Code   RO         3990    i.PS_Empty          as608.o
    0x080029a2   0x080029a2   0x0000003e   Code   RO         3991    i.PS_GenChar        as608.o
    0x080029e0   0x080029e0   0x00000036   Code   RO         3992    i.PS_GetImage       as608.o
    0x08002a16   0x08002a16   0x00000002   PAD
    0x08002a18   0x08002a18   0x00000068   Code   RO         3993    i.PS_HandShake      as608.o
    0x08002a80   0x08002a80   0x00000088   Code   RO         3994    i.PS_HighSpeedSearch  as608.o
    0x08002b08   0x08002b08   0x000000e8   Code   RO         3998    i.PS_ReadSysPara    as608.o
    0x08002bf0   0x08002bf0   0x00000054   Code   RO         4003    i.PS_StoreChar      as608.o
    0x08002c44   0x08002c44   0x0000006c   Code   RO         4004    i.PS_UpChar         as608.o
    0x08002cb0   0x08002cb0   0x00000080   Code   RO         4006    i.PS_ValidTempleteNum  as608.o
    0x08002d30   0x08002d30   0x00000020   Code   RO         4490    i.Param_Init        net_com.o
    0x08002d50   0x08002d50   0x0000000c   Code   RO         4322    i.PcdAntennaOff     rc522_app.o
    0x08002d5c   0x08002d5c   0x00000016   Code   RO         4323    i.PcdAntennaOn      rc522_app.o
    0x08002d72   0x08002d72   0x00000068   Code   RO         4324    i.PcdAnticoll       rc522_app.o
    0x08002dda   0x08002dda   0x00000050   Code   RO         4325    i.PcdAuthState      rc522_app.o
    0x08002e2a   0x08002e2a   0x00000118   Code   RO         4327    i.PcdComMF522       rc522_app.o
    0x08002f42   0x08002f42   0x0000004a   Code   RO         4329    i.PcdRead           rc522_app.o
    0x08002f8c   0x08002f8c   0x00000052   Code   RO         4330    i.PcdRequest        rc522_app.o
    0x08002fde   0x08002fde   0x00000002   PAD
    0x08002fe0   0x08002fe0   0x00000080   Code   RO         4331    i.PcdReset          rc522_app.o
    0x08003060   0x08003060   0x00000062   Code   RO         4332    i.PcdSelect         rc522_app.o
    0x080030c2   0x080030c2   0x00000002   Code   RO          489    i.PendSV_Handler    stm32l0xx_it.o
    0x080030c4   0x080030c4   0x00000078   Code   RO           13    i.Play_Music_Fun    main_app.o
    0x0800313c   0x0800313c   0x0000001a   Code   RO         4335    i.Rc522_Init        rc522_app.o
    0x08003156   0x08003156   0x00000030   Code   RO         4336    i.ReadRawRC         rc522_app.o
    0x08003186   0x08003186   0x00000042   Code   RO         2642    i.SPI_EndRxTxTransaction  stm32l0xx_hal_spi.o
    0x080031c8   0x080031c8   0x0000004c   Code   RO         4337    i.SPI_ReadData      rc522_app.o
    0x08003214   0x08003214   0x0000008c   Code   RO         2647    i.SPI_WaitFlagStateUntilTimeout  stm32l0xx_hal_spi.o
    0x080032a0   0x080032a0   0x00000038   Code   RO         4338    i.SPI_WriteData     rc522_app.o
    0x080032d8   0x080032d8   0x00000002   Code   RO          490    i.SVC_Handler       stm32l0xx_it.o
    0x080032da   0x080032da   0x00000002   PAD
    0x080032dc   0x080032dc   0x0000002c   Code   RO         4009    i.SendAddr          as608.o
    0x08003308   0x08003308   0x00000012   Code   RO         4010    i.SendCheck         as608.o
    0x0800331a   0x0800331a   0x00000010   Code   RO         4011    i.SendHead          as608.o
    0x0800332a   0x0800332a   0x00000014   Code   RO         4012    i.SendLength        as608.o
    0x0800333e   0x0800333e   0x00000046   Code   RO         4013    i.SendLengthData    as608.o
    0x08003384   0x08003384   0x00000016   Code   RO         4339    i.SetBitMask        rc522_app.o
    0x0800339a   0x0800339a   0x00000002   PAD
    0x0800339c   0x0800339c   0x00000024   Code   RO         4014    i.ShowErrMessage    as608.o
    0x080033c0   0x080033c0   0x00000002   Code   RO          491    i.SysTick_Handler   stm32l0xx_it.o
    0x080033c2   0x080033c2   0x00000002   PAD
    0x080033c4   0x080033c4   0x00000084   Code   RO          218    i.SystemClock_Config  main.o
    0x08003448   0x08003448   0x00000054   Code   RO         3607    i.SystemInit        system_stm32l0xx.o
    0x0800349c   0x0800349c   0x00000090   Code   RO          219    i.System_Tick_Count  main.o
    0x0800352c   0x0800352c   0x00000010   Code   RO          492    i.TIM2_IRQHandler   stm32l0xx_it.o
    0x0800353c   0x0800353c   0x00000058   Code   RO         3001    i.TIM_Base_SetConfig  stm32l0xx_hal_tim.o
    0x08003594   0x08003594   0x000000d8   Code   RO           14    i.Talk_Process_Fun  main_app.o
    0x0800366c   0x0800366c   0x000000ac   Code   RO           15    i.Test_Dev_Code     main_app.o
    0x08003718   0x08003718   0x00000020   Code   RO         4491    i.Time_out_Ack_fun  net_com.o
    0x08003738   0x08003738   0x000000ca   Code   RO         2218    i.UART_AdvFeatureConfig  stm32l0xx_hal_uart.o
    0x08003802   0x08003802   0x00000002   PAD
    0x08003804   0x08003804   0x00000060   Code   RO         2219    i.UART_CheckIdleState  stm32l0xx_hal_uart.o
    0x08003864   0x08003864   0x00000014   Code   RO         2220    i.UART_DMAAbortOnError  stm32l0xx_hal_uart.o
    0x08003878   0x08003878   0x00000048   Code   RO         2221    i.UART_DMAError     stm32l0xx_hal_uart.o
    0x080038c0   0x080038c0   0x0000003e   Code   RO         2222    i.UART_DMAReceiveCplt  stm32l0xx_hal_uart.o
    0x080038fe   0x080038fe   0x0000000a   Code   RO         2224    i.UART_DMARxHalfCplt  stm32l0xx_hal_uart.o
    0x08003908   0x08003908   0x00000020   Code   RO         2230    i.UART_EndRxTransfer  stm32l0xx_hal_uart.o
    0x08003928   0x08003928   0x00000010   Code   RO         2231    i.UART_EndTxTransfer  stm32l0xx_hal_uart.o
    0x08003938   0x08003938   0x00000228   Code   RO         2234    i.UART_SetConfig    stm32l0xx_hal_uart.o
    0x08003b60   0x08003b60   0x00000062   Code   RO         2237    i.UART_WaitOnFlagUntilTimeout  stm32l0xx_hal_uart.o
    0x08003bc2   0x08003bc2   0x00000002   PAD
    0x08003bc4   0x08003bc4   0x00000010   Code   RO          493    i.USART1_IRQHandler  stm32l0xx_it.o
    0x08003bd4   0x08003bd4   0x00000014   Code   RO         3754    i.USART2_IRQHandler  ether_hal.o
    0x08003be8   0x08003be8   0x000000e8   Code   RO           16    i.Updata_ZhiWen_Data  main_app.o
    0x08003cd0   0x08003cd0   0x00000028   Code   RO         4608    i.User_Driver_Init  u_init.o
    0x08003cf8   0x08003cf8   0x00000030   Code   RO         4340    i.WaitCardOff       rc522_app.o
    0x08003d28   0x08003d28   0x0000002e   Code   RO         4341    i.WriteRawRC        rc522_app.o
    0x08003d56   0x08003d56   0x00000002   PAD
    0x08003d58   0x08003d58   0x00000020   Code   RO         4855    i.__0printf$8       mc_p.l(printf8.o)
    0x08003d78   0x08003d78   0x0000001a   Code   RO           55    i.__ARM_common_switch8  main_app.o
    0x08003d92   0x08003d92   0x0000000e   Code   RO         4951    i.__scatterload_copy  mc_p.l(handlers.o)
    0x08003da0   0x08003da0   0x00000002   Code   RO         4952    i.__scatterload_null  mc_p.l(handlers.o)
    0x08003da2   0x08003da2   0x0000000e   Code   RO         4953    i.__scatterload_zeroinit  mc_p.l(handlers.o)
    0x08003db0   0x08003db0   0x00000428   Code   RO         4862    i._printf_core      mc_p.l(printf8.o)
    0x080041d8   0x080041d8   0x00000020   Code   RO         4863    i._printf_post_padding  mc_p.l(printf8.o)
    0x080041f8   0x080041f8   0x0000002c   Code   RO         4864    i._printf_pre_padding  mc_p.l(printf8.o)
    0x08004224   0x08004224   0x00000010   Code   RO         4288    i.delay_2us         speak_hal.o
    0x08004234   0x08004234   0x00000098   Code   RO         4492    i.eth_ring_com_pack  net_com.o
    0x080042cc   0x080042cc   0x00000210   Code   RO         4493    i.eth_ring_net_in   net_com.o
    0x080044dc   0x080044dc   0x0000000a   Code   RO         4205    i.export_in_FR      as608_app.o
    0x080044e6   0x080044e6   0x0000000a   Code   RO         4206    i.export_out_FR     as608_app.o
    0x080044f0   0x080044f0   0x0000001c   Code   RO         3640    i.fputc             debug_usart_hal.o
    0x0800450c   0x0800450c   0x0000000e   Code   RO          222    i.main              main.o
    0x0800451a   0x0800451a   0x00000010   Code   RO         4343    i.open_fird_vol     rc522_app.o
    0x0800452a   0x0800452a   0x00000010   Code   RO         4208    i.open_zhiwen_vol   as608_app.o
    0x0800453a   0x0800453a   0x00000044   Code   RO         4209    i.press_FR          as608_app.o
    0x0800457e   0x0800457e   0x00000002   PAD
    0x08004580   0x08004580   0x000000bc   Code   RO         4554    i.process_usart_data  u_flash.o
    0x0800463c   0x0800463c   0x000000f8   Code   RO         4344    i.rc522_find_card   rc522_app.o
    0x08004734   0x08004734   0x00000018   Code   RO         3761    i.send_string_to_eth  ether_hal.o
    0x0800474c   0x0800474c   0x00000019   Data   RO         3608    .constdata          system_stm32l0xx.o
    0x08004765   0x08004765   0x00000008   Data   RO         3609    .constdata          system_stm32l0xx.o
    0x0800476d   0x0800476d   0x00000003   PAD
    0x08004770   0x08004770   0x00000020   Data   RO         4949    Region$$Table       anon$$obj.o


    Execution Region RW_IRAM1 (Exec base: 0x20000000, Load base: 0x08004790, Size: 0x00001c00, Max: 0x00002000, ABSOLUTE)

    Exec Addr    Load Addr    Size         Type   Attr      Idx    E Section Name        Object

    0x20000000   0x08004790   0x0000000a   Data   RW           18    .data               main_app.o
    0x2000000a   0x0800479a   0x00000002   PAD
    0x2000000c   0x0800479c   0x00000004   Data   RW          227    .data               main.o
    0x20000010   0x080047a0   0x00000004   Data   RW          670    .data               stm32l0xx_hal.o
    0x20000014   0x080047a4   0x00000004   Data   RW         3610    .data               system_stm32l0xx.o
    0x20000018   0x080047a8   0x00000004   Data   RW         4016    .data               as608.o
    0x2000001c   0x080047ac   0x0000000c   Data   RW         4211    .data               as608_app.o
    0x20000028   0x080047b8   0x0000000d   Data   RW         4346    .data               rc522_app.o
    0x20000035   0x080047c5   0x00000003   PAD
    0x20000038   0x080047c8   0x00000024   Data   RW         4495    .data               net_com.o
    0x2000005c   0x080047ec   0x0000000c   Data   RW         4558    .data               u_flash.o
    0x20000068   0x080047f8   0x00000004   Data   RW         4925    .data               mc_p.l(stdout.o)
    0x2000006c        -       0x00000258   Zero   RW          402    .bss                usart.o
    0x200002c4        -       0x00000058   Zero   RW          450    .bss                spi.o
    0x2000031c        -       0x0000003c   Zero   RW          584    .bss                stm32l0xx_hal_timebase_tim.o
    0x20000358        -       0x00000018   Zero   RW         1549    .bss                stm32l0xx_hal_flash.o
    0x20000370        -       0x00000408   Zero   RW         3762    .bss                ether_hal.o
    0x20000778        -       0x00000806   Zero   RW         4015    .bss                as608.o
    0x20000f7e   0x080047fc   0x00000002   PAD
    0x20000f80        -       0x00000018   Zero   RW         4210    .bss                as608_app.o
    0x20000f98        -       0x00000010   Zero   RW         4345    .bss                rc522_app.o
    0x20000fa8        -       0x00000452   Zero   RW         4494    .bss                net_com.o
    0x200013fa   0x080047fc   0x00000006   PAD
    0x20001400        -       0x00000800   Zero   RW            1    STACK               startup_stm32l051xx.o


==============================================================================

Image component sizes


      Code (inc. data)   RO Data    RW Data    ZI Data      Debug   Object Name

      2402        742          0          4       2054      16573   as608.o
       176         22          0         12         24       3412   as608_app.o
        28         10          0          0          0        436   debug_usart_hal.o
        24          4          0          0          0        638   dma.o
       232         32          0          0       1032       3989   ether_hal.o
       232         20          0          0          0        891   gpio.o
       394         14          0          4          0       4353   main.o
      1094        294          0         10          0     334860   main_app.o
      1024        152          0         36       1106       7788   net_com.o
      1674        126          0         13         16      13913   rc522_app.o
       142          0          0          0          0       1509   speak_hal.o
       156         20          0          0         88       1417   spi.o
        28          8        192          0       2048        596   startup_stm32l051xx.o
        96         16          0          4          0       2920   stm32l0xx_hal.o
        96         14          0          0          0       9728   stm32l0xx_hal_cortex.o
       608         12          0          0          0       5233   stm32l0xx_hal_dma.o
       448         60          0          0         24       5631   stm32l0xx_hal_flash.o
       164         24          0          0          0       2525   stm32l0xx_hal_flash_ex.o
       388         30          0          0          0       2260   stm32l0xx_hal_gpio.o
        24          4          0          0          0        394   stm32l0xx_hal_msp.o
      1710        110          0          0          0       7328   stm32l0xx_hal_rcc.o
       356         14          0          0          0       1380   stm32l0xx_hal_rcc_ex.o
       830          0          0          0          0       4569   stm32l0xx_hal_spi.o
       476         10          0          0          0       6185   stm32l0xx_hal_tim.o
       112         18          0          0         60        927   stm32l0xx_hal_timebase_tim.o
      2102         96          0          0          0      14084   stm32l0xx_hal_uart.o
         2          0          0          0          0        912   stm32l0xx_hal_uart_ex.o
        88         26          0          0          0       3627   stm32l0xx_it.o
        84         18         33          4          0       1103   system_stm32l0xx.o
       572        190          0         12          0       3400   u_flash.o
       100         20          0          0          0       1237   u_init.o
       564         56          0          0        600       2825   usart.o

    ----------------------------------------------------------------------
     16454       2162        260        104       7060     466643   Object Totals
         0          0         32          0          0          0   (incl. Generated)
        28          0          3          5          8          0   (incl. Padding)

    ----------------------------------------------------------------------

      Code (inc. data)   RO Data    RW Data    ZI Data      Debug   Library Member Name

         0          0          0          0          0          0   entry.o
         0          0          0          0          0          0   entry10a.o
         0          0          0          0          0          0   entry11a.o
         8          4          0          0          0          0   entry2.o
         4          0          0          0          0          0   entry5.o
         0          0          0          0          0          0   entry7b.o
         0          0          0          0          0          0   entry8b.o
         8          4          0          0          0          0   entry9a.o
        30          0          0          0          0          0   handlers.o
        36          8          0          0          0         68   init.o
        32          0          0          0          0         68   llshl.o
        34          0          0          0          0         68   llushr.o
        36          0          0          0          0         60   memcpya.o
        36          0          0          0          0        100   memseta.o
      1172         52          0          0          0        324   printf8.o
         0          0          0          4          0          0   stdout.o
        30          0          0          0          0         72   strncmp.o
        40          0          0          0          0         72   strstr.o
        44          0          0          0          0         72   uidiv.o
        96          0          0          0          0         84   uldiv.o

    ----------------------------------------------------------------------
      1606         68          0          4          0        988   Library Totals
         0          0          0          0          0          0   (incl. Padding)

    ----------------------------------------------------------------------

      Code (inc. data)   RO Data    RW Data    ZI Data      Debug   Library Name

      1606         68          0          4          0        988   mc_p.l

    ----------------------------------------------------------------------
      1606         68          0          4          0        988   Library Totals

    ----------------------------------------------------------------------

==============================================================================


      Code (inc. data)   RO Data    RW Data    ZI Data      Debug   

     18060       2230        260        108       7060     460127   Grand Totals
     18060       2230        260        108       7060     460127   ELF Image Totals
     18060       2230        260        108          0          0   ROM Totals

==============================================================================

    Total RO  Size (Code + RO Data)                18320 (  17.89kB)
    Total RW  Size (RW Data + ZI Data)              7168 (   7.00kB)
    Total ROM Size (Code + RO Data + RW Data)      18428 (  18.00kB)

==============================================================================

