<html>
<body>
<pre>
<h1>礦ision Build Log</h1>
<h2>Tool Versions:</h2>
IDE-Version: μVision V5.27.1.0
Copyright (C) 2019 ARM Ltd and ARM Germany GmbH. All rights reserved.
License Information: 123 543, 5354, LIC=----
 
Tool Versions:
Toolchain:       MDK-Lite  Version: 5.27.1.0
Toolchain Path:  d:\Keil_v5\ARM\ARMCC\Bin
C Compiler:      Armcc.exe V5.06 update 6 (build 750)
Assembler:       Armasm.exe V5.06 update 6 (build 750)
Linker/Locator:  ArmLink.exe V5.06 update 6 (build 750)
Library Manager: ArmAr.exe V5.06 update 6 (build 750)
Hex Converter:   FromElf.exe V5.06 update 6 (build 750)
CPU DLL:         SARMCM3.DLL V5.27.1.0
Dialog DLL:      DARMCM1.DLL V1.19.2.0
Target DLL:      STLink\ST-LINKIII-KEIL_SWO.dll V3.0.6.0
Dialog DLL:      TARMCM1.DLL V1.14.1.0
 
<h2>Project:</h2>
F:\yichi\eth_xungeng\MDK-ARM\gateway.uvprojx
Project File Date:  10/20/2022

<h2>Output:</h2>
*** Using Compiler 'V5.06 update 6 (build 750)', folder: 'd:\Keil_v5\ARM\ARMCC\Bin'
Build target 'gateway'
compiling u_flash.c...
compiling main.c...
../Src/main.c(62): warning:  #223-D: function "Eth_Com_Data_Process_hal" declared implicitly
  		  if(system_tick%50==1)   Eth_Com_Data_Process_hal(); //业务处理
../Src/main.c(65): warning:  #223-D: function "Updata_ZhiWen_Data" declared implicitly
  			if((system_tick%10)==1)  Updata_ZhiWen_Data();   //操作指纹模组
../Src/main.c(66): warning:  #223-D: function "Time_out_Ack_fun" declared implicitly
        if((system_tick%50)==4)  Time_out_Ack_fun();   //超时
../Src/main.c: 3 warnings, 0 errors
linking...
Program Size: Code=17792 RO-data=260 RW-data=104 ZI-data=7056  
FromELF: creating hex file...
"gateway\gateway.axf" - 0 Error(s), 3 Warning(s).

<h2>Software Packages used:</h2>

Package Vendor: ARM
                http://www.keil.com/pack/ARM.CMSIS.5.5.1.pack
                ARM.CMSIS.5.5.1
                CMSIS (Cortex Microcontroller Software Interface Standard)
   * Component: CORE Version: 5.2.0

Package Vendor: Keil
                http://www.keil.com/pack/Keil.STM32L0xx_DFP.2.0.1.pack
                Keil.STM32L0xx_DFP.2.0.1
                STMicroelectronics STM32L0 Series Device Support, Drivers and Examples

<h2>Collection of Component include folders:</h2>
  .\RTE\_gateway
  D:\keilpack\ARM\CMSIS\5.5.1\CMSIS\Core\Include
  D:\keilpack\Keil\STM32L0xx_DFP\2.0.1\Drivers\CMSIS\Device\ST\STM32L0xx\Include

<h2>Collection of Component Files used:</h2>

   * Component: ARM::CMSIS:CORE:5.2.0
Build Time Elapsed:  00:00:05
</pre>
</body>
</html>
