Component: ARM Compiler 5.06 update 6 (build 750) Tool: armlink [4d35ed]

==============================================================================

Section Cross References

    startup_stm32l051xx.o(RESET) refers to startup_stm32l051xx.o(STACK) for __initial_sp
    startup_stm32l051xx.o(RESET) refers to startup_stm32l051xx.o(.text) for Reset_Handler
    startup_stm32l051xx.o(RESET) refers to stm32l0xx_it.o(i.NMI_Handler) for NMI_Handler
    startup_stm32l051xx.o(RESET) refers to stm32l0xx_it.o(i.HardFault_Handler) for HardFault_Handler
    startup_stm32l051xx.o(RESET) refers to stm32l0xx_it.o(i.SVC_Handler) for SVC_Handler
    startup_stm32l051xx.o(RESET) refers to stm32l0xx_it.o(i.PendSV_Handler) for PendSV_Handler
    startup_stm32l051xx.o(RESET) refers to stm32l0xx_it.o(i.SysTick_Handler) for SysTick_Handler
    startup_stm32l051xx.o(RESET) refers to stm32l0xx_it.o(i.DMA1_Channel2_3_IRQHandler) for DMA1_Channel2_3_IRQHandler
    startup_stm32l051xx.o(RESET) refers to stm32l0xx_it.o(i.DMA1_Channel4_5_6_7_IRQHandler) for DMA1_Channel4_5_6_7_IRQHandler
    startup_stm32l051xx.o(RESET) refers to stm32l0xx_it.o(i.TIM2_IRQHandler) for TIM2_IRQHandler
    startup_stm32l051xx.o(RESET) refers to stm32l0xx_it.o(i.USART1_IRQHandler) for USART1_IRQHandler
    startup_stm32l051xx.o(RESET) refers to ether_hal.o(i.USART2_IRQHandler) for USART2_IRQHandler
    startup_stm32l051xx.o(RESET) refers to as608.o(i.LPUART1_IRQHandler) for LPUART1_IRQHandler
    startup_stm32l051xx.o(.text) refers to system_stm32l0xx.o(i.SystemInit) for SystemInit
    startup_stm32l051xx.o(.text) refers to entry.o(.ARM.Collect$$$$00000000) for __main
    main_app.o(i.Eth_Com_Data_Process_hal) refers to printf8.o(i.__0printf$8) for __2printf
    main_app.o(i.Eth_Com_Data_Process_hal) refers to as608_app.o(i.open_zhiwen_vol) for open_zhiwen_vol
    main_app.o(i.Eth_Com_Data_Process_hal) refers to stm32l0xx_hal.o(i.HAL_Delay) for HAL_Delay
    main_app.o(i.Eth_Com_Data_Process_hal) refers to speak_hal.o(i.Line_1A_WT588S) for Line_1A_WT588S
    main_app.o(i.Eth_Com_Data_Process_hal) refers to memcpya.o(.text) for __aeabi_memcpy
    main_app.o(i.Eth_Com_Data_Process_hal) refers to ether_hal.o(i.send_string_to_eth) for send_string_to_eth
    main_app.o(i.Eth_Com_Data_Process_hal) refers to memseta.o(.text) for __aeabi_memclr
    main_app.o(i.Eth_Com_Data_Process_hal) refers to ether_hal.o(.bss) for ether_st
    main_app.o(i.Eth_Com_Data_Process_hal) refers to main_app.o(.data) for .data
    main_app.o(i.Eth_Com_Data_Process_hal) refers to net_com.o(.bss) for com_data
    main_app.o(i.Eth_Com_Data_Process_hal) refers to net_com.o(.data) for Zhiwen_flow
    main_app.o(i.Eth_Com_Data_Process_hal) refers to main.o(.data) for local_timestamp
    main_app.o(i.Play_Music_Fun) refers to main_app.o(i.__ARM_common_switch8) for __ARM_common_switch8
    main_app.o(i.Play_Music_Fun) refers to speak_hal.o(i.Line_1A_WT588S) for Line_1A_WT588S
    main_app.o(i.Play_Music_Fun) refers to main_app.o(.data) for .data
    main_app.o(i.Talk_Process_Fun) refers to rc522_app.o(i.rc522_find_card) for rc522_find_card
    main_app.o(i.Talk_Process_Fun) refers to speak_hal.o(i.Line_1A_WT588S) for Line_1A_WT588S
    main_app.o(i.Talk_Process_Fun) refers to stm32l0xx_hal.o(i.HAL_Delay) for HAL_Delay
    main_app.o(i.Talk_Process_Fun) refers to net_com.o(i.eth_ring_net_in) for eth_ring_net_in
    main_app.o(i.Talk_Process_Fun) refers to net_com.o(i.get_time_stramp) for get_time_stramp
    main_app.o(i.Talk_Process_Fun) refers to stm32l0xx_hal_gpio.o(i.HAL_GPIO_ReadPin) for HAL_GPIO_ReadPin
    main_app.o(i.Talk_Process_Fun) refers to as608_app.o(i.open_zhiwen_vol) for open_zhiwen_vol
    main_app.o(i.Talk_Process_Fun) refers to as608_app.o(i.close_zhiwen_vol) for close_zhiwen_vol
    main_app.o(i.Talk_Process_Fun) refers to as608_app.o(i.press_FR) for press_FR
    main_app.o(i.Talk_Process_Fun) refers to main_app.o(.data) for .data
    main_app.o(i.Talk_Process_Fun) refers to net_com.o(.bss) for com_data
    main_app.o(i.Talk_Process_Fun) refers to net_com.o(.data) for Business_flow
    main_app.o(i.Test_Dev_Code) refers to rc522_app.o(i.rc522_find_card) for rc522_find_card
    main_app.o(i.Test_Dev_Code) refers to speak_hal.o(i.Line_1A_WT588S) for Line_1A_WT588S
    main_app.o(i.Test_Dev_Code) refers to stm32l0xx_hal.o(i.HAL_Delay) for HAL_Delay
    main_app.o(i.Test_Dev_Code) refers to as608_app.o(i.press_FR) for press_FR
    main_app.o(i.Test_Dev_Code) refers to printf8.o(i.__0printf$8) for __2printf
    main_app.o(i.Test_Dev_Code) refers to net_com.o(.bss) for com_data
    main_app.o(i.Test_Dev_Code) refers to main_app.o(.data) for .data
    main_app.o(i.Updata_ZhiWen_Data) refers to as608.o(i.PS_Empty) for PS_Empty
    main_app.o(i.Updata_ZhiWen_Data) refers to as608_app.o(i.export_in_FR) for export_in_FR
    main_app.o(i.Updata_ZhiWen_Data) refers to as608.o(i.PS_StoreChar) for PS_StoreChar
[...]
    ..\\BSP\\bsp_EEPROM.c                    0x00000000   Number         0  bsp_eeprom.o ABSOLUTE
    ..\\BSP\\ether_hal.c                     0x00000000   Number         0  ether_hal.o ABSOLUTE
    ..\\BSP\\net_com.c                       0x00000000   Number         0  net_com.o ABSOLUTE
    ..\\BSP\\rc522_app.c                     0x00000000   Number         0  rc522_app.o ABSOLUTE
    ..\\BSP\\speak_hal.c                     0x00000000   Number         0  speak_hal.o ABSOLUTE
    ..\\BSP\\stm_flash.c                     0x00000000   Number         0  stm_flash.o ABSOLUTE
    ..\\BSP\\u_flash.c                       0x00000000   Number         0  u_flash.o ABSOLUTE
    ..\\BSP\\u_init.c                        0x00000000   Number         0  u_init.o ABSOLUTE
    ..\\Src\\main_app.c                      0x00000000   Number         0  main_app.o ABSOLUTE
    cdrcmple.s                               0x00000000   Number         0  cdrcmple.o ABSOLUTE
    dc.s                                     0x00000000   Number         0  dc.o ABSOLUTE
    handlers.s                               0x00000000   Number         0  handlers.o ABSOLUTE
    init.s                                   0x00000000   Number         0  init.o ABSOLUTE
    startup_stm32l051xx.s                    0x00000000   Number         0  startup_stm32l051xx.o ABSOLUTE
    RESET                                    0x08000000   Section      192  startup_stm32l051xx.o(RESET)
    .ARM.Collect$$$$00000000                 0x080000c0   Section        0  entry.o(.ARM.Collect$$$$00000000)
    .ARM.Collect$$$$00000001                 0x080000c0   Section        4  entry2.o(.ARM.Collect$$$$00000001)
    .ARM.Collect$$$$00000004                 0x080000c4   Section        4  entry5.o(.ARM.Collect$$$$00000004)
    .ARM.Collect$$$$00000008                 0x080000c8   Section        0  entry7b.o(.ARM.Collect$$$$00000008)
    .ARM.Collect$$$$0000000A                 0x080000c8   Section        0  entry8b.o(.ARM.Collect$$$$0000000A)
    .ARM.Collect$$$$0000000B                 0x080000c8   Section        8  entry9a.o(.ARM.Collect$$$$0000000B)
    .ARM.Collect$$$$0000000D                 0x080000d0   Section        0  entry10a.o(.ARM.Collect$$$$0000000D)
    .ARM.Collect$$$$0000000F                 0x080000d0   Section        0  entry11a.o(.ARM.Collect$$$$0000000F)
    .ARM.Collect$$$$00002712                 0x080000d0   Section        4  entry2.o(.ARM.Collect$$$$00002712)
    __lit__00000000                          0x080000d0   Data           4  entry2.o(.ARM.Collect$$$$00002712)
    .text                                    0x080000d4   Section       28  startup_stm32l051xx.o(.text)
    .text                                    0x080000f0   Section        0  uidiv.o(.text)
    .text                                    0x0800011c   Section        0  uldiv.o(.text)
    .text                                    0x0800017c   Section        0  memcpya.o(.text)
    .text                                    0x080001a0   Section        0  memseta.o(.text)
    .text                                    0x080001c4   Section        0  strstr.o(.text)
    .text                                    0x080001ec   Section        0  strncmp.o(.text)
    .text                                    0x0800020a   Section        0  llshl.o(.text)
    .text                                    0x0800022a   Section        0  llushr.o(.text)
    .text                                    0x0800024c   Section       36  init.o(.text)
    i.AS608_DMA_START                        0x08000270   Section        0  as608.o(i.AS608_DMA_START)
    i.AS608_Init                             0x08000294   Section        0  as608_app.o(i.AS608_Init)
    i.AS806_ExtractChar                      0x080002dc   Section        0  as608.o(i.AS806_ExtractChar)
    AS806_ExtractChar                        0x080002dd   Thumb Code   124  as608.o(i.AS806_ExtractChar)
    i.Bsp_Driver_Init                        0x08000380   Section        0  u_init.o(i.Bsp_Driver_Init)
    i.CalulateCRC                            0x080003c8   Section        0  rc522_app.o(i.CalulateCRC)
    i.ClearBitMask                           0x0800042a   Section        0  rc522_app.o(i.ClearBitMask)
    i.DMA1_Channel2_3_IRQHandler             0x08000440   Section        0  stm32l0xx_it.o(i.DMA1_Channel2_3_IRQHandler)
    i.DMA1_Channel4_5_6_7_IRQHandler         0x08000450   Section        0  stm32l0xx_it.o(i.DMA1_Channel4_5_6_7_IRQHandler)
    i.DMA_SetConfig                          0x08000468   Section        0  stm32l0xx_hal_dma.o(i.DMA_SetConfig)
    DMA_SetConfig                            0x08000469   Thumb Code    44  stm32l0xx_hal_dma.o(i.DMA_SetConfig)
    i.ETH_DMA_START                          0x08000494   Section        0  ether_hal.o(i.ETH_DMA_START)
    i.ETH_Rst                                0x080004b8   Section        0  ether_hal.o(i.ETH_Rst)
    i.ETH_UsartReceive_IDLE                  0x08000504   Section        0  ether_hal.o(i.ETH_UsartReceive_IDLE)
    i.EnsureMessage                          0x08000544   Section        0  as608.o(i.EnsureMessage)
    i.Error_Handler                          0x08000788   Section        0  main.o(i.Error_Handler)
    i.Eth_Com_Data_Process_hal               0x0800078c   Section        0  main_app.o(i.Eth_Com_Data_Process_hal)
    i.Eth_Init                               0x08000938   Section        0  ether_hal.o(i.Eth_Init)
    i.Eth_Updata_Finger_Cammand_Task         0x08000944   Section        0  net_com.o(i.Eth_Updata_Finger_Cammand_Task)
    i.Eth_business_Cammand_Task              0x080009c0   Section        0  net_com.o(i.Eth_business_Cammand_Task)
    i.FLASH_PageErase                        0x08000b9c   Section        0  stm32l0xx_hal_flash_ex.o(i.FLASH_PageErase)
    i.FLASH_SetErrorCode                     0x08000bc8   Section        0  stm32l0xx_hal_flash.o(i.FLASH_SetErrorCode)
    FLASH_SetErrorCode                       0x08000bc9   Thumb Code   134  stm32l0xx_hal_flash.o(i.FLASH_SetErrorCode)
    i.FLASH_WaitForLastOperation             0x08000c58   Section        0  stm32l0xx_hal_flash.o(i.FLASH_WaitForLastOperation)
    i.Flash_Read_Word                        0x08000cc8   Section        0  u_flash.o(i.Flash_Read_Word)
    i.Flash_Write_Num_Word                   0x08000d00   Section        0  u_flash.o(i.Flash_Write_Num_Word)
    i.HAL_DMA_Abort                          0x08000dfc   Section        0  stm32l0xx_hal_dma.o(i.HAL_DMA_Abort)
    i.HAL_DMA_Abort_IT                       0x08000e40   Section        0  stm32l0xx_hal_dma.o(i.HAL_DMA_Abort_IT)
    i.HAL_DMA_GetError                       0x08000e8c   Section        0  stm32l0xx_hal_dma.o(i.HAL_DMA_GetError)
    i.HAL_DMA_IRQHandler                     0x08000e90   Section        0  stm32l0xx_hal_dma.o(i.HAL_DMA_IRQHandler)
    i.HAL_DMA_Init                           0x08000f38   Section        0  stm32l0xx_hal_dma.o(i.HAL_DMA_Init)
    i.HAL_DMA_Start_IT                       0x08000fc8   Section        0  stm32l0xx_hal_dma.o(i.HAL_DMA_Start_IT)
    i.HAL_Delay                              0x08001030   Section        0  stm32l0xx_hal.o(i.HAL_Delay)
    i.HAL_FLASHEx_Erase                      0x0800104c   Section        0  stm32l0xx_hal_flash_ex.o(i.HAL_FLASHEx_Erase)
    i.HAL_FLASH_GetError                     0x080010c4   Section        0  stm32l0xx_hal_flash.o(i.HAL_FLASH_GetError)
    i.HAL_FLASH_Lock                         0x080010d0   Section        0  stm32l0xx_hal_flash.o(i.HAL_FLASH_Lock)
    i.HAL_FLASH_Program                      0x080010ec   Section        0  stm32l0xx_hal_flash.o(i.HAL_FLASH_Program)
    i.HAL_FLASH_Unlock                       0x08001128   Section        0  stm32l0xx_hal_flash.o(i.HAL_FLASH_Unlock)
    i.HAL_GPIO_Init                          0x08001184   Section        0  stm32l0xx_hal_gpio.o(i.HAL_GPIO_Init)
    i.HAL_GPIO_ReadPin                       0x080012fc   Section        0  stm32l0xx_hal_gpio.o(i.HAL_GPIO_ReadPin)
    i.HAL_GPIO_WritePin                      0x08001306   Section        0  stm32l0xx_hal_gpio.o(i.HAL_GPIO_WritePin)
    i.HAL_GetTick                            0x08001314   Section        0  stm32l0xx_hal.o(i.HAL_GetTick)
    i.HAL_IWDG_Init                          0x08001320   Section        0  stm32l0xx_hal_iwdg.o(i.HAL_IWDG_Init)
    i.HAL_IWDG_Refresh                       0x08001384   Section        0  stm32l0xx_hal_iwdg.o(i.HAL_IWDG_Refresh)
    i.HAL_IncTick                            0x08001394   Section        0  stm32l0xx_hal.o(i.HAL_IncTick)
    i.HAL_Init                               0x080013a4   Section        0  stm32l0xx_hal.o(i.HAL_Init)
    i.HAL_InitTick                           0x080013cc   Section        0  stm32l0xx_hal_timebase_tim.o(i.HAL_InitTick)
    i.HAL_MspInit                            0x0800143c   Section        0  stm32l0xx_hal_msp.o(i.HAL_MspInit)
    i.HAL_NVIC_EnableIRQ                     0x08001454   Section        0  stm32l0xx_hal_cortex.o(i.HAL_NVIC_EnableIRQ)
    i.HAL_NVIC_SetPriority                   0x08001468   Section        0  stm32l0xx_hal_cortex.o(i.HAL_NVIC_SetPriority)
    i.HAL_RCCEx_PeriphCLKConfig              0x08001470   Section        0  stm32l0xx_hal_rcc_ex.o(i.HAL_RCCEx_PeriphCLKConfig)
    i.HAL_RCC_CSSCallback                    0x080015d4   Section        0  stm32l0xx_hal_rcc.o(i.HAL_RCC_CSSCallback)
    i.HAL_RCC_ClockConfig                    0x080015d8   Section        0  stm32l0xx_hal_rcc.o(i.HAL_RCC_ClockConfig)
    i.HAL_RCC_EnableCSS                      0x08001744   Section        0  stm32l0xx_hal_rcc.o(i.HAL_RCC_EnableCSS)
    i.HAL_RCC_GetClockConfig                 0x08001758   Section        0  stm32l0xx_hal_rcc.o(i.HAL_RCC_GetClockConfig)
    i.HAL_RCC_GetPCLK1Freq                   0x08001798   Section        0  stm32l0xx_hal_rcc.o(i.HAL_RCC_GetPCLK1Freq)
    i.HAL_RCC_GetPCLK2Freq                   0x080017b8   Section        0  stm32l0xx_hal_rcc.o(i.HAL_RCC_GetPCLK2Freq)
    i.HAL_RCC_GetSysClockFreq                0x080017d8   Section        0  stm32l0xx_hal_rcc.o(i.HAL_RCC_GetSysClockFreq)
    i.HAL_RCC_NMI_IRQHandler                 0x08001850   Section        0  stm32l0xx_hal_rcc.o(i.HAL_RCC_NMI_IRQHandler)
    i.HAL_RCC_OscConfig                      0x08001868   Section        0  stm32l0xx_hal_rcc.o(i.HAL_RCC_OscConfig)
    i.HAL_SPI_Init                           0x08001c84   Section        0  stm32l0xx_hal_spi.o(i.HAL_SPI_Init)
    i.HAL_SPI_MspInit                        0x08001d04   Section        0  spi.o(i.HAL_SPI_MspInit)
    i.HAL_SPI_TransmitReceive                0x08001d5c   Section        0  stm32l0xx_hal_spi.o(i.HAL_SPI_TransmitReceive)
    i.HAL_TIM_Base_Init                      0x08001f4c   Section        0  stm32l0xx_hal_tim.o(i.HAL_TIM_Base_Init)
    i.HAL_TIM_Base_MspInit                   0x08001f80   Section        0  stm32l0xx_hal_tim.o(i.HAL_TIM_Base_MspInit)
    i.HAL_TIM_Base_Start_IT                  0x08001f82   Section        0  stm32l0xx_hal_tim.o(i.HAL_TIM_Base_Start_IT)
    i.HAL_TIM_IC_CaptureCallback             0x08001fa2   Section        0  stm32l0xx_hal_tim.o(i.HAL_TIM_IC_CaptureCallback)
    i.HAL_TIM_IRQHandler                     0x08001fa4   Section        0  stm32l0xx_hal_tim.o(i.HAL_TIM_IRQHandler)
    i.HAL_TIM_OC_DelayElapsedCallback        0x080020ca   Section        0  stm32l0xx_hal_tim.o(i.HAL_TIM_OC_DelayElapsedCallback)
    i.HAL_TIM_PWM_PulseFinishedCallback      0x080020cc   Section        0  stm32l0xx_hal_tim.o(i.HAL_TIM_PWM_PulseFinishedCallback)
    i.HAL_TIM_PeriodElapsedCallback          0x080020d0   Section        0  main.o(i.HAL_TIM_PeriodElapsedCallback)
    i.HAL_TIM_TriggerCallback                0x08002178   Section        0  stm32l0xx_hal_tim.o(i.HAL_TIM_TriggerCallback)
    i.HAL_UARTEx_WakeupCallback              0x0800217a   Section        0  stm32l0xx_hal_uart_ex.o(i.HAL_UARTEx_WakeupCallback)
    i.HAL_UART_DMAStop                       0x0800217c   Section        0  stm32l0xx_hal_uart.o(i.HAL_UART_DMAStop)
    i.HAL_UART_ErrorCallback                 0x080021f6   Section        0  stm32l0xx_hal_uart.o(i.HAL_UART_ErrorCallback)
    i.HAL_UART_IRQHandler                    0x080021f8   Section        0  stm32l0xx_hal_uart.o(i.HAL_UART_IRQHandler)
    i.HAL_UART_Init                          0x08002334   Section        0  stm32l0xx_hal_uart.o(i.HAL_UART_Init)
    i.HAL_UART_MspInit                       0x080023a0   Section        0  usart.o(i.HAL_UART_MspInit)
    i.HAL_UART_Receive_DMA                   0x0800252c   Section        0  stm32l0xx_hal_uart.o(i.HAL_UART_Receive_DMA)
    i.HAL_UART_RxCpltCallback                0x080025e4   Section        0  stm32l0xx_hal_uart.o(i.HAL_UART_RxCpltCallback)
    i.HAL_UART_RxHalfCpltCallback            0x080025e6   Section        0  stm32l0xx_hal_uart.o(i.HAL_UART_RxHalfCpltCallback)
    i.HAL_UART_Transmit                      0x080025e8   Section        0  stm32l0xx_hal_uart.o(i.HAL_UART_Transmit)
    i.HAL_UART_TxCpltCallback                0x080026b6   Section        0  stm32l0xx_hal_uart.o(i.HAL_UART_TxCpltCallback)
    i.HardFault_Handler                      0x080026b8   Section        0  stm32l0xx_it.o(i.HardFault_Handler)
    i.Init_Dev_Param                         0x080026bc   Section        0  u_flash.o(i.Init_Dev_Param)
    i.JudgeStr                               0x08002718   Section        0  as608.o(i.JudgeStr)
    JudgeStr                                 0x08002719   Thumb Code    86  as608.o(i.JudgeStr)
    i.LPUART1_IRQHandler                     0x08002778   Section        0  as608.o(i.LPUART1_IRQHandler)
    i.Line_1A_WT588S                         0x080027bc   Section        0  speak_hal.o(i.Line_1A_WT588S)
    i.M500PcdConfigISOType                   0x0800284c   Section        0  rc522_app.o(i.M500PcdConfigISOType)
    i.MX_DMA_Init                            0x080028a4   Section        0  dma.o(i.MX_DMA_Init)
    i.MX_GPIO_Init                           0x080028bc   Section        0  gpio.o(i.MX_GPIO_Init)
    i.MX_IWDG_Init                           0x080029b4   Section        0  iwdg.o(i.MX_IWDG_Init)
    i.MX_LPUART1_UART_Init                   0x080029e0   Section        0  usart.o(i.MX_LPUART1_UART_Init)
    i.MX_NVIC_Init                           0x08002a18   Section        0  main.o(i.MX_NVIC_Init)
    i.MX_SPI1_Init                           0x08002a6c   Section        0  spi.o(i.MX_SPI1_Init)
    i.MX_USART1_UART_Init                    0x08002ab0   Section        0  usart.o(i.MX_USART1_UART_Init)
    i.MX_USART2_UART_Init                    0x08002ae8   Section        0  usart.o(i.MX_USART2_UART_Init)
    i.MYUSART_SendData                       0x08002b20   Section        0  as608.o(i.MYUSART_SendData)
    MYUSART_SendData                         0x08002b21   Thumb Code    16  as608.o(i.MYUSART_SendData)
    i.NMI_Handler                            0x08002b38   Section        0  stm32l0xx_it.o(i.NMI_Handler)
    i.NVIC_SetPriority                       0x08002b40   Section        0  stm32l0xx_hal_cortex.o(i.NVIC_SetPriority)
    NVIC_SetPriority                         0x08002b41   Thumb Code    60  stm32l0xx_hal_cortex.o(i.NVIC_SetPriority)
    i.PS_DeletChar                           0x08002b84   Section        0  as608.o(i.PS_DeletChar)
    i.PS_DownChar                            0x08002be4   Section        0  as608.o(i.PS_DownChar)
    i.PS_Empty                               0x08002c90   Section        0  as608.o(i.PS_Empty)
    i.PS_GenChar                             0x08002cc6   Section        0  as608.o(i.PS_GenChar)
    i.PS_GetImage                            0x08002d04   Section        0  as608.o(i.PS_GetImage)
    i.PS_HandShake                           0x08002d3c   Section        0  as608.o(i.PS_HandShake)
    i.PS_HighSpeedSearch                     0x08002da4   Section        0  as608.o(i.PS_HighSpeedSearch)
    i.PS_ReadSysPara                         0x08002e2c   Section        0  as608.o(i.PS_ReadSysPara)
    i.PS_StoreChar                           0x08002f14   Section        0  as608.o(i.PS_StoreChar)
    i.PS_UpChar                              0x08002f68   Section        0  as608.o(i.PS_UpChar)
    i.PS_ValidTempleteNum                    0x08002fd4   Section        0  as608.o(i.PS_ValidTempleteNum)
    i.Param_Init                             0x08003054   Section        0  net_com.o(i.Param_Init)
    i.PcdAntennaOff                          0x08003074   Section        0  rc522_app.o(i.PcdAntennaOff)
    i.PcdAntennaOn                           0x08003080   Section        0  rc522_app.o(i.PcdAntennaOn)
    i.PcdAnticoll                            0x08003096   Section        0  rc522_app.o(i.PcdAnticoll)
    i.PcdAuthState                           0x080030fe   Section        0  rc522_app.o(i.PcdAuthState)
    i.PcdComMF522                            0x0800314e   Section        0  rc522_app.o(i.PcdComMF522)
    i.PcdRead                                0x08003266   Section        0  rc522_app.o(i.PcdRead)
    i.PcdRequest                             0x080032b0   Section        0  rc522_app.o(i.PcdRequest)
    i.PcdReset                               0x08003304   Section        0  rc522_app.o(i.PcdReset)
    i.PcdSelect                              0x08003384   Section        0  rc522_app.o(i.PcdSelect)
    i.PendSV_Handler                         0x080033e6   Section        0  stm32l0xx_it.o(i.PendSV_Handler)
    i.Play_Music_Fun                         0x080033e8   Section        0  main_app.o(i.Play_Music_Fun)
    i.Rc522_Init                             0x08003460   Section        0  rc522_app.o(i.Rc522_Init)
    i.ReadRawRC                              0x0800347a   Section        0  rc522_app.o(i.ReadRawRC)
    i.SPI_EndRxTxTransaction                 0x080034aa   Section        0  stm32l0xx_hal_spi.o(i.SPI_EndRxTxTransaction)
    SPI_EndRxTxTransaction                   0x080034ab   Thumb Code    66  stm32l0xx_hal_spi.o(i.SPI_EndRxTxTransaction)
    i.SPI_ReadData                           0x080034ec   Section        0  rc522_app.o(i.SPI_ReadData)
    i.SPI_WaitFlagStateUntilTimeout          0x08003538   Section        0  stm32l0xx_hal_spi.o(i.SPI_WaitFlagStateUntilTimeout)
    SPI_WaitFlagStateUntilTimeout            0x08003539   Thumb Code   140  stm32l0xx_hal_spi.o(i.SPI_WaitFlagStateUntilTimeout)
    i.SPI_WriteData                          0x080035c4   Section        0  rc522_app.o(i.SPI_WriteData)
    i.SVC_Handler                            0x080035fc   Section        0  stm32l0xx_it.o(i.SVC_Handler)
    i.SendAddr                               0x08003600   Section        0  as608.o(i.SendAddr)
    SendAddr                                 0x08003601   Thumb Code    40  as608.o(i.SendAddr)
    i.SendCheck                              0x0800362c   Section        0  as608.o(i.SendCheck)
    SendCheck                                0x0800362d   Thumb Code    18  as608.o(i.SendCheck)
    i.SendHead                               0x0800363e   Section        0  as608.o(i.SendHead)
    SendHead                                 0x0800363f   Thumb Code    16  as608.o(i.SendHead)
    i.SendLength                             0x0800364e   Section        0  as608.o(i.SendLength)
    SendLength                               0x0800364f   Thumb Code    20  as608.o(i.SendLength)
    i.SendLengthData                         0x08003662   Section        0  as608.o(i.SendLengthData)
    SendLengthData                           0x08003663   Thumb Code    70  as608.o(i.SendLengthData)
    i.SetBitMask                             0x080036a8   Section        0  rc522_app.o(i.SetBitMask)
    i.ShowErrMessage                         0x080036c0   Section        0  as608.o(i.ShowErrMessage)
    i.SysTick_Handler                        0x080036e4   Section        0  stm32l0xx_it.o(i.SysTick_Handler)
    i.SystemClock_Config                     0x080036e8   Section        0  main.o(i.SystemClock_Config)
    i.SystemInit                             0x0800376c   Section        0  system_stm32l0xx.o(i.SystemInit)
    i.System_Tick_Count                      0x080037c0   Section        0  main.o(i.System_Tick_Count)
    i.TIM2_IRQHandler                        0x08003868   Section        0  stm32l0xx_it.o(i.TIM2_IRQHandler)
    i.TIM_Base_SetConfig                     0x08003878   Section        0  stm32l0xx_hal_tim.o(i.TIM_Base_SetConfig)
    TIM_Base_SetConfig                       0x08003879   Thumb Code    78  stm32l0xx_hal_tim.o(i.TIM_Base_SetConfig)
    i.Talk_Process_Fun                       0x080038d0   Section        0  main_app.o(i.Talk_Process_Fun)
    i.Test_Dev_Code                          0x08003a08   Section        0  main_app.o(i.Test_Dev_Code)
    i.Time_out_Ack_fun                       0x08003ab4   Section        0  net_com.o(i.Time_out_Ack_fun)
    i.UART_AdvFeatureConfig                  0x08003ad4   Section        0  stm32l0xx_hal_uart.o(i.UART_AdvFeatureConfig)
    i.UART_CheckIdleState                    0x08003ba0   Section        0  stm32l0xx_hal_uart.o(i.UART_CheckIdleState)
    i.UART_DMAAbortOnError                   0x08003c00   Section        0  stm32l0xx_hal_uart.o(i.UART_DMAAbortOnError)
    UART_DMAAbortOnError                     0x08003c01   Thumb Code    20  stm32l0xx_hal_uart.o(i.UART_DMAAbortOnError)
    i.UART_DMAError                          0x08003c14   Section        0  stm32l0xx_hal_uart.o(i.UART_DMAError)
    UART_DMAError                            0x08003c15   Thumb Code    72  stm32l0xx_hal_uart.o(i.UART_DMAError)
    i.UART_DMAReceiveCplt                    0x08003c5c   Section        0  stm32l0xx_hal_uart.o(i.UART_DMAReceiveCplt)
    UART_DMAReceiveCplt                      0x08003c5d   Thumb Code    62  stm32l0xx_hal_uart.o(i.UART_DMAReceiveCplt)
    i.UART_DMARxHalfCplt                     0x08003c9a   Section        0  stm32l0xx_hal_uart.o(i.UART_DMARxHalfCplt)
    UART_DMARxHalfCplt                       0x08003c9b   Thumb Code    10  stm32l0xx_hal_uart.o(i.UART_DMARxHalfCplt)
    i.UART_EndRxTransfer                     0x08003ca4   Section        0  stm32l0xx_hal_uart.o(i.UART_EndRxTransfer)
    UART_EndRxTransfer                       0x08003ca5   Thumb Code    32  stm32l0xx_hal_uart.o(i.UART_EndRxTransfer)
    i.UART_EndTxTransfer                     0x08003cc4   Section        0  stm32l0xx_hal_uart.o(i.UART_EndTxTransfer)
    UART_EndTxTransfer                       0x08003cc5   Thumb Code    16  stm32l0xx_hal_uart.o(i.UART_EndTxTransfer)
    i.UART_SetConfig                         0x08003cd4   Section        0  stm32l0xx_hal_uart.o(i.UART_SetConfig)
    i.UART_WaitOnFlagUntilTimeout            0x08003efc   Section        0  stm32l0xx_hal_uart.o(i.UART_WaitOnFlagUntilTimeout)
    i.USART1_IRQHandler                      0x08003f60   Section        0  stm32l0xx_it.o(i.USART1_IRQHandler)
    i.USART2_IRQHandler                      0x08003f70   Section        0  ether_hal.o(i.USART2_IRQHandler)
    i.Updata_ZhiWen_Data                     0x08003f84   Section        0  main_app.o(i.Updata_ZhiWen_Data)
    i.User_Driver_Init                       0x0800406c   Section        0  u_init.o(i.User_Driver_Init)
    i.WaitCardOff                            0x08004094   Section        0  rc522_app.o(i.WaitCardOff)
    i.WriteRawRC                             0x080040c4   Section        0  rc522_app.o(i.WriteRawRC)
    i.__0printf$8                            0x080040f4   Section        0  printf8.o(i.__0printf$8)
    i.__ARM_common_switch8                   0x08004114   Section        0  main_app.o(i.__ARM_common_switch8)
    i.__scatterload_copy                     0x0800412e   Section       14  handlers.o(i.__scatterload_copy)
    i.__scatterload_null                     0x0800413c   Section        2  handlers.o(i.__scatterload_null)
    i.__scatterload_zeroinit                 0x0800413e   Section       14  handlers.o(i.__scatterload_zeroinit)
    i._printf_core                           0x0800414c   Section        0  printf8.o(i._printf_core)
    _printf_core                             0x0800414d   Thumb Code  1020  printf8.o(i._printf_core)
    i._printf_post_padding                   0x08004574   Section        0  printf8.o(i._printf_post_padding)
    _printf_post_padding                     0x08004575   Thumb Code    32  printf8.o(i._printf_post_padding)
    i._printf_pre_padding                    0x08004594   Section        0  printf8.o(i._printf_pre_padding)
    _printf_pre_padding                      0x08004595   Thumb Code    44  printf8.o(i._printf_pre_padding)
    i.close_zhiwen_vol                       0x080045c0   Section        0  as608_app.o(i.close_zhiwen_vol)
    i.delay_2us                              0x080045d0   Section        0  speak_hal.o(i.delay_2us)
    i.eth_ring_com_pack                      0x080045e0   Section        0  net_com.o(i.eth_ring_com_pack)
    i.eth_ring_net_in                        0x08004678   Section        0  net_com.o(i.eth_ring_net_in)
    i.export_in_FR                           0x08004880   Section        0  as608_app.o(i.export_in_FR)
    i.export_out_FR                          0x0800488a   Section        0  as608_app.o(i.export_out_FR)
    i.fputc                                  0x08004894   Section        0  debug_usart_hal.o(i.fputc)
    i.get_time_stramp                        0x080048b0   Section        0  net_com.o(i.get_time_stramp)
    i.main                                   0x08004908   Section        0  main.o(i.main)
    i.open_fird_vol                          0x08004920   Section        0  rc522_app.o(i.open_fird_vol)
    i.open_zhiwen_vol                        0x08004930   Section        0  as608_app.o(i.open_zhiwen_vol)
    i.press_FR                               0x08004940   Section        0  as608_app.o(i.press_FR)
    i.process_usart_data                     0x08004984   Section        0  u_flash.o(i.process_usart_data)
    i.rc522_find_card                        0x08004a40   Section        0  rc522_app.o(i.rc522_find_card)
    i.send_string_to_eth                     0x08004b38   Section        0  ether_hal.o(i.send_string_to_eth)
    .constdata                               0x08004b50   Section       25  system_stm32l0xx.o(.constdata)
    .constdata                               0x08004b69   Section        8  system_stm32l0xx.o(.constdata)
    .data                                    0x20000000   Section       14  main_app.o(.data)
    .data                                    0x20000010   Section        4  main_app.o(.data)
    .data                                    0x20000014   Section       32  main.o(.data)
    .data                                    0x20000034   Section        4  stm32l0xx_hal.o(.data)
    .data                                    0x20000038   Section        4  system_stm32l0xx.o(.data)
    .data                                    0x2000003c   Section        4  as608.o(.data)
    .data                                    0x20000040   Section       12  as608_app.o(.data)
    .data                                    0x2000004c   Section       13  rc522_app.o(.data)
    .data                                    0x2000005c   Section       48  net_com.o(.data)
    cal_time_count                           0x2000006c   Data           4  net_com.o(.data)
    .data                                    0x2000008c   Section        4  u_flash.o(.data)
    .data                                    0x20000090   Section        4  stdout.o(.data)
    .bss                                     0x20000094   Section       16  iwdg.o(.bss)
    .bss                                     0x200000a4   Section      600  usart.o(.bss)
    .bss                                     0x200002fc   Section       88  spi.o(.bss)
    .bss                                     0x20000354   Section       60  stm32l0xx_hal_timebase_tim.o(.bss)
    .bss                                     0x20000390   Section       24  stm32l0xx_hal_flash.o(.bss)
    .bss                                     0x200003a8   Section     1032  ether_hal.o(.bss)
    .bss                                     0x200007b0   Section     1030  as608.o(.bss)
    .bss                                     0x20000bb8   Section       24  as608_app.o(.bss)
    .bss                                     0x20000bd0   Section       16  rc522_app.o(.bss)
    .bss                                     0x20000be0   Section     2620  net_com.o(.bss)
    STACK                                    0x20001620   Section     2048  startup_stm32l051xx.o(STACK)

    Global Symbols

    Symbol Name                              Value     Ov Type        Size  Object(Section)

    BuildAttributes$$THM_ISAv3M$S$PE$A:L22$X:L11$S22$IEEE1$IW$USESV6$~STKCKD$USESV7$~SHL$OSPACE$ROPI$EBA8$MICROLIB$REQ8$PRES8$EABIv2 0x00000000   Number         0  anon$$obj.o ABSOLUTE
    __ARM_use_no_argv                        0x00000000   Number         0  main.o ABSOLUTE
    _printf_a                                0x00000000   Number         0  stubs.o ABSOLUTE
    _printf_c                                0x00000000   Number         0  stubs.o ABSOLUTE
    _printf_charcount                        0x00000000   Number         0  stubs.o ABSOLUTE
    _printf_d                                0x00000000   Number         0  stubs.o ABSOLUTE
    _printf_e                                0x00000000   Number         0  stubs.o ABSOLUTE
    _printf_f                                0x00000000   Number         0  stubs.o ABSOLUTE
    _printf_flags                            0x00000000   Number         0  stubs.o ABSOLUTE
    _printf_fp_dec                           0x00000000   Number         0  stubs.o ABSOLUTE
    _printf_fp_hex                           0x00000000   Number         0  stubs.o ABSOLUTE
    _printf_g                                0x00000000   Number         0  stubs.o ABSOLUTE
    _printf_i                                0x00000000   Number         0  stubs.o ABSOLUTE
    _printf_int_dec                          0x00000000   Number         0  stubs.o ABSOLUTE
    _printf_l                                0x00000000   Number         0  stubs.o ABSOLUTE
    _printf_lc                               0x00000000   Number         0  stubs.o ABSOLUTE
    _printf_ll                               0x00000000   Number         0  stubs.o ABSOLUTE
    _printf_lld                              0x00000000   Number         0  stubs.o ABSOLUTE
    _printf_lli                              0x00000000   Number         0  stubs.o ABSOLUTE
    _printf_llo                              0x00000000   Number         0  stubs.o ABSOLUTE
    _printf_llu                              0x00000000   Number         0  stubs.o ABSOLUTE
    _printf_llx                              0x00000000   Number         0  stubs.o ABSOLUTE
    _printf_longlong_dec                     0x00000000   Number         0  stubs.o ABSOLUTE
    _printf_longlong_hex                     0x00000000   Number         0  stubs.o ABSOLUTE
    _printf_longlong_oct                     0x00000000   Number         0  stubs.o ABSOLUTE
    _printf_ls                               0x00000000   Number         0  stubs.o ABSOLUTE
    _printf_mbtowc                           0x00000000   Number         0  stubs.o ABSOLUTE
    _printf_n                                0x00000000   Number         0  stubs.o ABSOLUTE
    _printf_o                                0x00000000   Number         0  stubs.o ABSOLUTE
    _printf_p                                0x00000000   Number         0  stubs.o ABSOLUTE
    _printf_percent                          0x00000000   Number         0  stubs.o ABSOLUTE
    _printf_pre_padding                      0x00000000   Number         0  stubs.o ABSOLUTE
    _printf_return_value                     0x00000000   Number         0  stubs.o ABSOLUTE
    _printf_s                                0x00000000   Number         0  stubs.o ABSOLUTE
    _printf_sizespec                         0x00000000   Number         0  stubs.o ABSOLUTE
    _printf_str                              0x00000000   Number         0  stubs.o ABSOLUTE
    _printf_truncate_signed                  0x00000000   Number         0  stubs.o ABSOLUTE
    _printf_truncate_unsigned                0x00000000   Number         0  stubs.o ABSOLUTE
    _printf_u                                0x00000000   Number         0  stubs.o ABSOLUTE
    _printf_wc                               0x00000000   Number         0  stubs.o ABSOLUTE
    _printf_wctomb                           0x00000000   Number         0  stubs.o ABSOLUTE
    _printf_widthprec                        0x00000000   Number         0  stubs.o ABSOLUTE
    _printf_x                                0x00000000   Number         0  stubs.o ABSOLUTE
    __cpp_initialize__aeabi_                  - Undefined Weak Reference
    __cxa_finalize                            - Undefined Weak Reference
    __decompress                              - Undefined Weak Reference
    _clock_init                               - Undefined Weak Reference
    _microlib_exit                            - Undefined Weak Reference
    __Vectors_Size                           0x000000c0   Number         0  startup_stm32l051xx.o ABSOLUTE
    __Vectors                                0x08000000   Data           4  startup_stm32l051xx.o(RESET)
    __Vectors_End                            0x080000c0   Data           0  startup_stm32l051xx.o(RESET)
    __main                                   0x080000c1   Thumb Code     0  entry.o(.ARM.Collect$$$$00000000)
    _main_stk                                0x080000c1   Thumb Code     0  entry2.o(.ARM.Collect$$$$00000001)
    _main_scatterload                        0x080000c5   Thumb Code     0  entry5.o(.ARM.Collect$$$$00000004)
    __main_after_scatterload                 0x080000c9   Thumb Code     0  entry5.o(.ARM.Collect$$$$00000004)
    _main_clock                              0x080000c9   Thumb Code     0  entry7b.o(.ARM.Collect$$$$00000008)
    _main_cpp_init                           0x080000c9   Thumb Code     0  entry8b.o(.ARM.Collect$$$$0000000A)
    _main_init                               0x080000c9   Thumb Code     0  entry9a.o(.ARM.Collect$$$$0000000B)
    __rt_final_cpp                           0x080000d1   Thumb Code     0  entry10a.o(.ARM.Collect$$$$0000000D)
    __rt_final_exit                          0x080000d1   Thumb Code     0  entry11a.o(.ARM.Collect$$$$0000000F)
    Reset_Handler                            0x080000d5   Thumb Code     8  startup_stm32l051xx.o(.text)
    ADC1_COMP_IRQHandler                     0x080000e7   Thumb Code     0  startup_stm32l051xx.o(.text)
    DMA1_Channel1_IRQHandler                 0x080000e7   Thumb Code     0  startup_stm32l051xx.o(.text)
    EXTI0_1_IRQHandler                       0x080000e7   Thumb Code     0  startup_stm32l051xx.o(.text)
    EXTI2_3_IRQHandler                       0x080000e7   Thumb Code     0  startup_stm32l051xx.o(.text)
    EXTI4_15_IRQHandler                      0x080000e7   Thumb Code     0  startup_stm32l051xx.o(.text)
    FLASH_IRQHandler                         0x080000e7   Thumb Code     0  startup_stm32l051xx.o(.text)
    I2C1_IRQHandler                          0x080000e7   Thumb Code     0  startup_stm32l051xx.o(.text)
    I2C2_IRQHandler                          0x080000e7   Thumb Code     0  startup_stm32l051xx.o(.text)
    LPTIM1_IRQHandler                        0x080000e7   Thumb Code     0  startup_stm32l051xx.o(.text)
    PVD_IRQHandler                           0x080000e7   Thumb Code     0  startup_stm32l051xx.o(.text)
    RCC_IRQHandler                           0x080000e7   Thumb Code     0  startup_stm32l051xx.o(.text)
    RTC_IRQHandler                           0x080000e7   Thumb Code     0  startup_stm32l051xx.o(.text)
    SPI1_IRQHandler                          0x080000e7   Thumb Code     0  startup_stm32l051xx.o(.text)
    SPI2_IRQHandler                          0x080000e7   Thumb Code     0  startup_stm32l051xx.o(.text)
    TIM21_IRQHandler                         0x080000e7   Thumb Code     0  startup_stm32l051xx.o(.text)
    TIM22_IRQHandler                         0x080000e7   Thumb Code     0  startup_stm32l051xx.o(.text)
    TIM6_IRQHandler                          0x080000e7   Thumb Code     0  startup_stm32l051xx.o(.text)
    WWDG_IRQHandler                          0x080000e7   Thumb Code     0  startup_stm32l051xx.o(.text)
    __aeabi_uidiv                            0x080000f1   Thumb Code     0  uidiv.o(.text)
    __aeabi_uidivmod                         0x080000f1   Thumb Code    44  uidiv.o(.text)
    __aeabi_uldivmod                         0x0800011d   Thumb Code    96  uldiv.o(.text)
    __aeabi_memcpy                           0x0800017d   Thumb Code    36  memcpya.o(.text)
    __aeabi_memcpy4                          0x0800017d   Thumb Code     0  memcpya.o(.text)
    __aeabi_memcpy8                          0x0800017d   Thumb Code     0  memcpya.o(.text)
    __aeabi_memset                           0x080001a1   Thumb Code    14  memseta.o(.text)
    __aeabi_memset4                          0x080001a1   Thumb Code     0  memseta.o(.text)
    __aeabi_memset8                          0x080001a1   Thumb Code     0  memseta.o(.text)
    __aeabi_memclr                           0x080001af   Thumb Code     4  memseta.o(.text)
    __aeabi_memclr4                          0x080001af   Thumb Code     0  memseta.o(.text)
    __aeabi_memclr8                          0x080001af   Thumb Code     0  memseta.o(.text)
    _memset$wrapper                          0x080001b3   Thumb Code    18  memseta.o(.text)
    strstr                                   0x080001c5   Thumb Code    40  strstr.o(.text)
    strncmp                                  0x080001ed   Thumb Code    30  strncmp.o(.text)
    __aeabi_llsl                             0x0800020b   Thumb Code    32  llshl.o(.text)
    _ll_shift_l                              0x0800020b   Thumb Code     0  llshl.o(.text)
    __aeabi_llsr                             0x0800022b   Thumb Code    34  llushr.o(.text)
    _ll_ushift_r                             0x0800022b   Thumb Code     0  llushr.o(.text)
    __scatterload                            0x0800024d   Thumb Code    28  init.o(.text)
    __scatterload_rt2                        0x0800024d   Thumb Code     0  init.o(.text)
    AS608_DMA_START                          0x08000271   Thumb Code    26  as608.o(i.AS608_DMA_START)
    AS608_Init                               0x08000295   Thumb Code    50  as608_app.o(i.AS608_Init)
    Bsp_Driver_Init                          0x08000381   Thumb Code    56  u_init.o(i.Bsp_Driver_Init)
    CalulateCRC                              0x080003c9   Thumb Code    98  rc522_app.o(i.CalulateCRC)
    ClearBitMask                             0x0800042b   Thumb Code    22  rc522_app.o(i.ClearBitMask)
    DMA1_Channel2_3_IRQHandler               0x08000441   Thumb Code    10  stm32l0xx_it.o(i.DMA1_Channel2_3_IRQHandler)
    DMA1_Channel4_5_6_7_IRQHandler           0x08000451   Thumb Code    16  stm32l0xx_it.o(i.DMA1_Channel4_5_6_7_IRQHandler)
    ETH_DMA_START                            0x08000495   Thumb Code    28  ether_hal.o(i.ETH_DMA_START)
    ETH_Rst                                  0x080004b9   Thumb Code    72  ether_hal.o(i.ETH_Rst)
    ETH_UsartReceive_IDLE                    0x08000505   Thumb Code    56  ether_hal.o(i.ETH_UsartReceive_IDLE)
    EnsureMessage                            0x08000545   Thumb Code   132  as608.o(i.EnsureMessage)
    Error_Handler                            0x08000789   Thumb Code     2  main.o(i.Error_Handler)
    Eth_Com_Data_Process_hal                 0x0800078d   Thumb Code   360  main_app.o(i.Eth_Com_Data_Process_hal)
    Eth_Init                                 0x08000939   Thumb Code    12  ether_hal.o(i.Eth_Init)
    Eth_Updata_Finger_Cammand_Task           0x08000945   Thumb Code   112  net_com.o(i.Eth_Updata_Finger_Cammand_Task)
    Eth_business_Cammand_Task                0x080009c1   Thumb Code   446  net_com.o(i.Eth_business_Cammand_Task)
    FLASH_PageErase                          0x08000b9d   Thumb Code    34  stm32l0xx_hal_flash_ex.o(i.FLASH_PageErase)
    FLASH_WaitForLastOperation               0x08000c59   Thumb Code   106  stm32l0xx_hal_flash.o(i.FLASH_WaitForLastOperation)
    Flash_Read_Word                          0x08000cc9   Thumb Code    34  u_flash.o(i.Flash_Read_Word)
    Flash_Write_Num_Word                     0x08000d01   Thumb Code   146  u_flash.o(i.Flash_Write_Num_Word)
    HAL_DMA_Abort                            0x08000dfd   Thumb Code    68  stm32l0xx_hal_dma.o(i.HAL_DMA_Abort)
    HAL_DMA_Abort_IT                         0x08000e41   Thumb Code    76  stm32l0xx_hal_dma.o(i.HAL_DMA_Abort_IT)
    HAL_DMA_GetError                         0x08000e8d   Thumb Code     4  stm32l0xx_hal_dma.o(i.HAL_DMA_GetError)
    HAL_DMA_IRQHandler                       0x08000e91   Thumb Code   168  stm32l0xx_hal_dma.o(i.HAL_DMA_IRQHandler)
    HAL_DMA_Init                             0x08000f39   Thumb Code   132  stm32l0xx_hal_dma.o(i.HAL_DMA_Init)
    HAL_DMA_Start_IT                         0x08000fc9   Thumb Code   104  stm32l0xx_hal_dma.o(i.HAL_DMA_Start_IT)
    HAL_Delay                                0x08001031   Thumb Code    28  stm32l0xx_hal.o(i.HAL_Delay)
    HAL_FLASHEx_Erase                        0x0800104d   Thumb Code   106  stm32l0xx_hal_flash_ex.o(i.HAL_FLASHEx_Erase)
    HAL_FLASH_GetError                       0x080010c5   Thumb Code     6  stm32l0xx_hal_flash.o(i.HAL_FLASH_GetError)
    HAL_FLASH_Lock                           0x080010d1   Thumb Code    22  stm32l0xx_hal_flash.o(i.HAL_FLASH_Lock)
    HAL_FLASH_Program                        0x080010ed   Thumb Code    50  stm32l0xx_hal_flash.o(i.HAL_FLASH_Program)
    HAL_FLASH_Unlock                         0x08001129   Thumb Code    70  stm32l0xx_hal_flash.o(i.HAL_FLASH_Unlock)
    HAL_GPIO_Init                            0x08001185   Thumb Code   346  stm32l0xx_hal_gpio.o(i.HAL_GPIO_Init)
    HAL_GPIO_ReadPin                         0x080012fd   Thumb Code    10  stm32l0xx_hal_gpio.o(i.HAL_GPIO_ReadPin)
    HAL_GPIO_WritePin                        0x08001307   Thumb Code    12  stm32l0xx_hal_gpio.o(i.HAL_GPIO_WritePin)
    HAL_GetTick                              0x08001315   Thumb Code     6  stm32l0xx_hal.o(i.HAL_GetTick)
    HAL_IWDG_Init                            0x08001321   Thumb Code    86  stm32l0xx_hal_iwdg.o(i.HAL_IWDG_Init)
    HAL_IWDG_Refresh                         0x08001385   Thumb Code    10  stm32l0xx_hal_iwdg.o(i.HAL_IWDG_Refresh)
    HAL_IncTick                              0x08001395   Thumb Code    10  stm32l0xx_hal.o(i.HAL_IncTick)
    HAL_Init                                 0x080013a5   Thumb Code    36  stm32l0xx_hal.o(i.HAL_Init)
    HAL_InitTick                             0x080013cd   Thumb Code    94  stm32l0xx_hal_timebase_tim.o(i.HAL_InitTick)
    HAL_MspInit                              0x0800143d   Thumb Code    20  stm32l0xx_hal_msp.o(i.HAL_MspInit)
    HAL_NVIC_EnableIRQ                       0x08001455   Thumb Code    14  stm32l0xx_hal_cortex.o(i.HAL_NVIC_EnableIRQ)
    HAL_NVIC_SetPriority                     0x08001469   Thumb Code     8  stm32l0xx_hal_cortex.o(i.HAL_NVIC_SetPriority)
    HAL_RCCEx_PeriphCLKConfig                0x08001471   Thumb Code   342  stm32l0xx_hal_rcc_ex.o(i.HAL_RCCEx_PeriphCLKConfig)
    HAL_RCC_CSSCallback                      0x080015d5   Thumb Code     2  stm32l0xx_hal_rcc.o(i.HAL_RCC_CSSCallback)
    HAL_RCC_ClockConfig                      0x080015d9   Thumb Code   344  stm32l0xx_hal_rcc.o(i.HAL_RCC_ClockConfig)
    HAL_RCC_EnableCSS                        0x08001745   Thumb Code    14  stm32l0xx_hal_rcc.o(i.HAL_RCC_EnableCSS)
    HAL_RCC_GetClockConfig                   0x08001759   Thumb Code    54  stm32l0xx_hal_rcc.o(i.HAL_RCC_GetClockConfig)
    HAL_RCC_GetPCLK1Freq                     0x08001799   Thumb Code    20  stm32l0xx_hal_rcc.o(i.HAL_RCC_GetPCLK1Freq)
    HAL_RCC_GetPCLK2Freq                     0x080017b9   Thumb Code    20  stm32l0xx_hal_rcc.o(i.HAL_RCC_GetPCLK2Freq)
    HAL_RCC_GetSysClockFreq                  0x080017d9   Thumb Code   100  stm32l0xx_hal_rcc.o(i.HAL_RCC_GetSysClockFreq)
    HAL_RCC_NMI_IRQHandler                   0x08001851   Thumb Code    20  stm32l0xx_hal_rcc.o(i.HAL_RCC_NMI_IRQHandler)
    HAL_RCC_OscConfig                        0x08001869   Thumb Code  1052  stm32l0xx_hal_rcc.o(i.HAL_RCC_OscConfig)
    HAL_SPI_Init                             0x08001c85   Thumb Code   128  stm32l0xx_hal_spi.o(i.HAL_SPI_Init)
    HAL_SPI_MspInit                          0x08001d05   Thumb Code    78  spi.o(i.HAL_SPI_MspInit)
    HAL_SPI_TransmitReceive                  0x08001d5d   Thumb Code   496  stm32l0xx_hal_spi.o(i.HAL_SPI_TransmitReceive)
    HAL_TIM_Base_Init                        0x08001f4d   Thumb Code    52  stm32l0xx_hal_tim.o(i.HAL_TIM_Base_Init)
    HAL_TIM_Base_MspInit                     0x08001f81   Thumb Code     2  stm32l0xx_hal_tim.o(i.HAL_TIM_Base_MspInit)
    HAL_TIM_Base_Start_IT                    0x08001f83   Thumb Code    32  stm32l0xx_hal_tim.o(i.HAL_TIM_Base_Start_IT)
    HAL_TIM_IC_CaptureCallback               0x08001fa3   Thumb Code     2  stm32l0xx_hal_tim.o(i.HAL_TIM_IC_CaptureCallback)
    HAL_TIM_IRQHandler                       0x08001fa5   Thumb Code   294  stm32l0xx_hal_tim.o(i.HAL_TIM_IRQHandler)
    HAL_TIM_OC_DelayElapsedCallback          0x080020cb   Thumb Code     2  stm32l0xx_hal_tim.o(i.HAL_TIM_OC_DelayElapsedCallback)
    HAL_TIM_PWM_PulseFinishedCallback        0x080020cd   Thumb Code     2  stm32l0xx_hal_tim.o(i.HAL_TIM_PWM_PulseFinishedCallback)
    HAL_TIM_PeriodElapsedCallback            0x080020d1   Thumb Code   138  main.o(i.HAL_TIM_PeriodElapsedCallback)
    HAL_TIM_TriggerCallback                  0x08002179   Thumb Code     2  stm32l0xx_hal_tim.o(i.HAL_TIM_TriggerCallback)
    HAL_UARTEx_WakeupCallback                0x0800217b   Thumb Code     2  stm32l0xx_hal_uart_ex.o(i.HAL_UARTEx_WakeupCallback)
    HAL_UART_DMAStop                         0x0800217d   Thumb Code   122  stm32l0xx_hal_uart.o(i.HAL_UART_DMAStop)
    HAL_UART_ErrorCallback                   0x080021f7   Thumb Code     2  stm32l0xx_hal_uart.o(i.HAL_UART_ErrorCallback)
    HAL_UART_IRQHandler                      0x080021f9   Thumb Code   310  stm32l0xx_hal_uart.o(i.HAL_UART_IRQHandler)
    HAL_UART_Init                            0x08002335   Thumb Code   106  stm32l0xx_hal_uart.o(i.HAL_UART_Init)
    HAL_UART_MspInit                         0x080023a1   Thumb Code   366  usart.o(i.HAL_UART_MspInit)
    HAL_UART_Receive_DMA                     0x0800252d   Thumb Code   170  stm32l0xx_hal_uart.o(i.HAL_UART_Receive_DMA)
    HAL_UART_RxCpltCallback                  0x080025e5   Thumb Code     2  stm32l0xx_hal_uart.o(i.HAL_UART_RxCpltCallback)
    HAL_UART_RxHalfCpltCallback              0x080025e7   Thumb Code     2  stm32l0xx_hal_uart.o(i.HAL_UART_RxHalfCpltCallback)
    HAL_UART_Transmit                        0x080025e9   Thumb Code   206  stm32l0xx_hal_uart.o(i.HAL_UART_Transmit)
    HAL_UART_TxCpltCallback                  0x080026b7   Thumb Code     2  stm32l0xx_hal_uart.o(i.HAL_UART_TxCpltCallback)
    HardFault_Handler                        0x080026b9   Thumb Code     2  stm32l0xx_it.o(i.HardFault_Handler)
    Init_Dev_Param                           0x080026bd   Thumb Code    76  u_flash.o(i.Init_Dev_Param)
    LPUART1_IRQHandler                       0x08002779   Thumb Code    60  as608.o(i.LPUART1_IRQHandler)
    Line_1A_WT588S                           0x080027bd   Thumb Code   144  speak_hal.o(i.Line_1A_WT588S)
    M500PcdConfigISOType                     0x0800284d   Thumb Code    88  rc522_app.o(i.M500PcdConfigISOType)
    MX_DMA_Init                              0x080028a5   Thumb Code    20  dma.o(i.MX_DMA_Init)
    MX_GPIO_Init                             0x080028bd   Thumb Code   228  gpio.o(i.MX_GPIO_Init)
    MX_IWDG_Init                             0x080029b5   Thumb Code    32  iwdg.o(i.MX_IWDG_Init)
    MX_LPUART1_UART_Init                     0x080029e1   Thumb Code    46  usart.o(i.MX_LPUART1_UART_Init)
    MX_NVIC_Init                             0x08002a19   Thumb Code    84  main.o(i.MX_NVIC_Init)
    MX_SPI1_Init                             0x08002a6d   Thumb Code    58  spi.o(i.MX_SPI1_Init)
    MX_USART1_UART_Init                      0x08002ab1   Thumb Code    48  usart.o(i.MX_USART1_UART_Init)
    MX_USART2_UART_Init                      0x08002ae9   Thumb Code    48  usart.o(i.MX_USART2_UART_Init)
    NMI_Handler                              0x08002b39   Thumb Code     8  stm32l0xx_it.o(i.NMI_Handler)
    PS_DeletChar                             0x08002b85   Thumb Code    96  as608.o(i.PS_DeletChar)
    PS_DownChar                              0x08002be5   Thumb Code   134  as608.o(i.PS_DownChar)
    PS_Empty                                 0x08002c91   Thumb Code    54  as608.o(i.PS_Empty)
    PS_GenChar                               0x08002cc7   Thumb Code    62  as608.o(i.PS_GenChar)
    PS_GetImage                              0x08002d05   Thumb Code    54  as608.o(i.PS_GetImage)
    PS_HandShake                             0x08002d3d   Thumb Code    98  as608.o(i.PS_HandShake)
    PS_HighSpeedSearch                       0x08002da5   Thumb Code   136  as608.o(i.PS_HighSpeedSearch)
    PS_ReadSysPara                           0x08002e2d   Thumb Code   156  as608.o(i.PS_ReadSysPara)
    PS_StoreChar                             0x08002f15   Thumb Code    84  as608.o(i.PS_StoreChar)
    PS_UpChar                                0x08002f69   Thumb Code   104  as608.o(i.PS_UpChar)
    PS_ValidTempleteNum                      0x08002fd5   Thumb Code    98  as608.o(i.PS_ValidTempleteNum)
    Param_Init                               0x08003055   Thumb Code    14  net_com.o(i.Param_Init)
    PcdAntennaOff                            0x08003075   Thumb Code    12  rc522_app.o(i.PcdAntennaOff)
    PcdAntennaOn                             0x08003081   Thumb Code    22  rc522_app.o(i.PcdAntennaOn)
    PcdAnticoll                              0x08003097   Thumb Code   104  rc522_app.o(i.PcdAnticoll)
    PcdAuthState                             0x080030ff   Thumb Code    80  rc522_app.o(i.PcdAuthState)
    PcdComMF522                              0x0800314f   Thumb Code   280  rc522_app.o(i.PcdComMF522)
    PcdRead                                  0x08003267   Thumb Code    74  rc522_app.o(i.PcdRead)
    PcdRequest                               0x080032b1   Thumb Code    82  rc522_app.o(i.PcdRequest)
    PcdReset                                 0x08003305   Thumb Code   124  rc522_app.o(i.PcdReset)
    PcdSelect                                0x08003385   Thumb Code    98  rc522_app.o(i.PcdSelect)
    PendSV_Handler                           0x080033e7   Thumb Code     2  stm32l0xx_it.o(i.PendSV_Handler)
    Play_Music_Fun                           0x080033e9   Thumb Code   114  main_app.o(i.Play_Music_Fun)
    Rc522_Init                               0x08003461   Thumb Code    26  rc522_app.o(i.Rc522_Init)
    ReadRawRC                                0x0800347b   Thumb Code    48  rc522_app.o(i.ReadRawRC)
    SPI_ReadData                             0x080034ed   Thumb Code    42  rc522_app.o(i.SPI_ReadData)
    SPI_WriteData                            0x080035c5   Thumb Code    32  rc522_app.o(i.SPI_WriteData)
    SVC_Handler                              0x080035fd   Thumb Code     2  stm32l0xx_it.o(i.SVC_Handler)
    SetBitMask                               0x080036a9   Thumb Code    22  rc522_app.o(i.SetBitMask)
    ShowErrMessage                           0x080036c1   Thumb Code    12  as608.o(i.ShowErrMessage)
    SysTick_Handler                          0x080036e5   Thumb Code     2  stm32l0xx_it.o(i.SysTick_Handler)
    SystemClock_Config                       0x080036e9   Thumb Code   126  main.o(i.SystemClock_Config)
    SystemInit                               0x0800376d   Thumb Code    66  system_stm32l0xx.o(i.SystemInit)
    System_Tick_Count                        0x080037c1   Thumb Code   160  main.o(i.System_Tick_Count)
    TIM2_IRQHandler                          0x08003869   Thumb Code    10  stm32l0xx_it.o(i.TIM2_IRQHandler)
    Talk_Process_Fun                         0x080038d1   Thumb Code   294  main_app.o(i.Talk_Process_Fun)
    Test_Dev_Code                            0x08003a09   Thumb Code   116  main_app.o(i.Test_Dev_Code)
    Time_out_Ack_fun                         0x08003ab5   Thumb Code    28  net_com.o(i.Time_out_Ack_fun)
    UART_AdvFeatureConfig                    0x08003ad5   Thumb Code   202  stm32l0xx_hal_uart.o(i.UART_AdvFeatureConfig)
    UART_CheckIdleState                      0x08003ba1   Thumb Code    90  stm32l0xx_hal_uart.o(i.UART_CheckIdleState)
    UART_SetConfig                           0x08003cd5   Thumb Code   506  stm32l0xx_hal_uart.o(i.UART_SetConfig)
    UART_WaitOnFlagUntilTimeout              0x08003efd   Thumb Code    98  stm32l0xx_hal_uart.o(i.UART_WaitOnFlagUntilTimeout)
    USART1_IRQHandler                        0x08003f61   Thumb Code    10  stm32l0xx_it.o(i.USART1_IRQHandler)
    USART2_IRQHandler                        0x08003f71   Thumb Code    14  ether_hal.o(i.USART2_IRQHandler)
    Updata_ZhiWen_Data                       0x08003f85   Thumb Code   146  main_app.o(i.Updata_ZhiWen_Data)
    User_Driver_Init                         0x0800406d   Thumb Code    34  u_init.o(i.User_Driver_Init)
    WaitCardOff                              0x08004095   Thumb Code    48  rc522_app.o(i.WaitCardOff)
    WriteRawRC                               0x080040c5   Thumb Code    46  rc522_app.o(i.WriteRawRC)
    __0printf$8                              0x080040f5   Thumb Code    24  printf8.o(i.__0printf$8)
    __1printf$8                              0x080040f5   Thumb Code     0  printf8.o(i.__0printf$8)
    __2printf                                0x080040f5   Thumb Code     0  printf8.o(i.__0printf$8)
    __ARM_common_switch8                     0x08004115   Thumb Code    26  main_app.o(i.__ARM_common_switch8)
    __scatterload_copy                       0x0800412f   Thumb Code    14  handlers.o(i.__scatterload_copy)
    __scatterload_null                       0x0800413d   Thumb Code     2  handlers.o(i.__scatterload_null)
    __scatterload_zeroinit                   0x0800413f   Thumb Code    14  handlers.o(i.__scatterload_zeroinit)
    close_zhiwen_vol                         0x080045c1   Thumb Code    16  as608_app.o(i.close_zhiwen_vol)
    delay_2us                                0x080045d1   Thumb Code    16  speak_hal.o(i.delay_2us)
    eth_ring_com_pack                        0x080045e1   Thumb Code   146  net_com.o(i.eth_ring_com_pack)
    eth_ring_net_in                          0x08004679   Thumb Code   486  net_com.o(i.eth_ring_net_in)
    export_in_FR                             0x08004881   Thumb Code    10  as608_app.o(i.export_in_FR)
    export_out_FR                            0x0800488b   Thumb Code    10  as608_app.o(i.export_out_FR)
    fputc                                    0x08004895   Thumb Code    18  debug_usart_hal.o(i.fputc)
    get_time_stramp                          0x080048b1   Thumb Code    70  net_com.o(i.get_time_stramp)
    main                                     0x08004909   Thumb Code    20  main.o(i.main)
    open_fird_vol                            0x08004921   Thumb Code    16  rc522_app.o(i.open_fird_vol)
    open_zhiwen_vol                          0x08004931   Thumb Code    16  as608_app.o(i.open_zhiwen_vol)
    press_FR                                 0x08004941   Thumb Code    68  as608_app.o(i.press_FR)
    process_usart_data                       0x08004985   Thumb Code   138  u_flash.o(i.process_usart_data)
    rc522_find_card                          0x08004a41   Thumb Code   184  rc522_app.o(i.rc522_find_card)
    send_string_to_eth                       0x08004b39   Thumb Code    18  ether_hal.o(i.send_string_to_eth)
    AHBPrescTable                            0x08004b50   Data          16  system_stm32l0xx.o(.constdata)
    PLLMulTable                              0x08004b60   Data           9  system_stm32l0xx.o(.constdata)
    APBPrescTable                            0x08004b69   Data           8  system_stm32l0xx.o(.constdata)
    Region$$Table$$Base                      0x08004b74   Number         0  anon$$obj.o(Region$$Table)
    Region$$Table$$Limit                     0x08004b94   Number         0  anon$$obj.o(Region$$Table)
    System_state                             0x20000000   Data           1  main_app.o(.data)
    zhiwen_cur                               0x20000001   Data           1  main_app.o(.data)
    zhiwenid_temp_state                      0x20000002   Data           1  main_app.o(.data)
    test_tim_count                           0x20000003   Data           1  main_app.o(.data)
    power_flag                               0x20000004   Data           1  main_app.o(.data)
    zhiwen_runing_flag                       0x20000005   Data           1  main_app.o(.data)
    net_state                                0x20000006   Data           1  main_app.o(.data)
    net_time_flag                            0x20000007   Data           1  main_app.o(.data)
    System_Music                             0x20000008   Data           1  main_app.o(.data)
    zhiwen_len_temp                          0x2000000a   Data           2  main_app.o(.data)
    zhiwenid_temp                            0x2000000c   Data           2  main_app.o(.data)
    net_time_count                           0x20000010   Data           4  main_app.o(.data)
    get_time_stramp_flag                     0x20000014   Data           1  main.o(.data)
    system_tick                              0x20000018   Data           4  main.o(.data)
    system_temp_tick                         0x2000001c   Data           4  main.o(.data)
    tick_cnt                                 0x20000020   Data           4  main.o(.data)
    tick_sys                                 0x20000024   Data           4  main.o(.data)
    systick_count                            0x20000028   Data           4  main.o(.data)
    local_timestamp                          0x2000002c   Data           4  main.o(.data)
    local_timecount                          0x20000030   Data           4  main.o(.data)
    uwTick                                   0x20000034   Data           4  stm32l0xx_hal.o(.data)
    SystemCoreClock                          0x20000038   Data           4  system_stm32l0xx.o(.data)
    AS608Addr                                0x2000003c   Data           4  as608.o(.data)
    ValidN                                   0x20000040   Data           2  as608_app.o(.data)
    zhiwen_vailed                            0x20000042   Data           2  as608_app.o(.data)
    zhiwen_test_len                          0x20000044   Data           2  as608_app.o(.data)
    as608_addr                               0x20000048   Data           4  as608_app.o(.data)
    snr                                      0x2000004c   Data           1  rc522_app.o(.data)
    TagType                                  0x2000004d   Data           2  rc522_app.o(.data)
    SelectedSnr                              0x2000004f   Data           4  rc522_app.o(.data)
    DefaultKey                               0x20000053   Data           6  rc522_app.o(.data)
    dev_net_in                               0x2000005c   Data           1  net_com.o(.data)
    Zhiwen_flow                              0x2000005d   Data           1  net_com.o(.data)
    temp_card_index                          0x2000005e   Data           1  net_com.o(.data)
    temp_card_data_len                       0x2000005f   Data           1  net_com.o(.data)
    temp_card_data_count                     0x20000060   Data           1  net_com.o(.data)
    temp_finger_index                        0x20000061   Data           1  net_com.o(.data)
    temp_finger_data_len                     0x20000062   Data           1  net_com.o(.data)
    temp_finger_data_count                   0x20000063   Data           1  net_com.o(.data)
    Business_flow                            0x20000064   Data           1  net_com.o(.data)
    xintiao_count                            0x20000068   Data           4  net_com.o(.data)
    product_key                              0x20000070   Data           8  net_com.o(.data)
    eth_ack                                  0x20000078   Data           8  net_com.o(.data)
    sn_code                                  0x20000080   Data          12  net_com.o(.data)
    factory                                  0x2000008c   Data           4  u_flash.o(.data)
    __stdout                                 0x20000090   Data           4  stdout.o(.data)
    hiwdg                                    0x20000094   Data          16  iwdg.o(.bss)
    hlpuart1                                 0x200000a4   Data         128  usart.o(.bss)
    huart1                                   0x20000124   Data         128  usart.o(.bss)
    huart2                                   0x200001a4   Data         128  usart.o(.bss)
    hdma_lpuart1_rx                          0x20000224   Data          72  usart.o(.bss)
    hdma_usart1_rx                           0x2000026c   Data          72  usart.o(.bss)
    hdma_usart2_rx                           0x200002b4   Data          72  usart.o(.bss)
    hspi1                                    0x200002fc   Data          88  spi.o(.bss)
    htim2                                    0x20000354   Data          60  stm32l0xx_hal_timebase_tim.o(.bss)
    pFlash                                   0x20000390   Data          24  stm32l0xx_hal_flash.o(.bss)
    ether_st                                 0x200003a8   Data        1032  ether_hal.o(.bss)
    as608_usart_st                           0x200007b0   Data        1030  as608.o(.bss)
    AS608Para                                0x20000bb8   Data          12  as608_app.o(.bss)
    AS608_sy_param                           0x20000bc4   Data          12  as608_app.o(.bss)
    buf                                      0x20000bd0   Data          16  rc522_app.o(.bss)
    com_data                                 0x20000be0   Data         811  net_com.o(.bss)
    eth_ring                                 0x20000f0c   Data         308  net_com.o(.bss)
    temp_card                                0x20001040   Data         750  net_com.o(.bss)
    temp_finger                              0x2000132e   Data         750  net_com.o(.bss)
    __initial_sp                             0x20001e20   Data           0  startup_stm32l051xx.o(STACK)



==============================================================================

Memory Map of the image

  Image Entry point : 0x080000c1

  Load Region LR_IROM1 (Base: 0x08000000, Size: 0x00004c28, Max: 0x00010000, ABSOLUTE)

    Execution Region ER_IROM1 (Exec base: 0x08000000, Load base: 0x08000000, Size: 0x00004b94, Max: 0x00010000, ABSOLUTE)

    Exec Addr    Load Addr    Size         Type   Attr      Idx    E Section Name        Object

    0x08000000   0x08000000   0x000000c0   Data   RO            3    RESET               startup_stm32l051xx.o
    0x080000c0   0x080000c0   0x00000000   Code   RO         4651  * .ARM.Collect$$$$00000000  mc_p.l(entry.o)
    0x080000c0   0x080000c0   0x00000004   Code   RO         4931    .ARM.Collect$$$$00000001  mc_p.l(entry2.o)
    0x080000c4   0x080000c4   0x00000004   Code   RO         4934    .ARM.Collect$$$$00000004  mc_p.l(entry5.o)
    0x080000c8   0x080000c8   0x00000000   Code   RO         4936    .ARM.Collect$$$$00000008  mc_p.l(entry7b.o)
    0x080000c8   0x080000c8   0x00000000   Code   RO         4938    .ARM.Collect$$$$0000000A  mc_p.l(entry8b.o)
    0x080000c8   0x080000c8   0x00000008   Code   RO         4939    .ARM.Collect$$$$0000000B  mc_p.l(entry9a.o)
    0x080000d0   0x080000d0   0x00000000   Code   RO         4941    .ARM.Collect$$$$0000000D  mc_p.l(entry10a.o)
    0x080000d0   0x080000d0   0x00000000   Code   RO         4943    .ARM.Collect$$$$0000000F  mc_p.l(entry11a.o)
    0x080000d0   0x080000d0   0x00000004   Code   RO         4932    .ARM.Collect$$$$00002712  mc_p.l(entry2.o)
    0x080000d4   0x080000d4   0x0000001c   Code   RO            4    .text               startup_stm32l051xx.o
    0x080000f0   0x080000f0   0x0000002c   Code   RO         4654    .text               mc_p.l(uidiv.o)
    0x0800011c   0x0800011c   0x00000060   Code   RO         4656    .text               mc_p.l(uldiv.o)
    0x0800017c   0x0800017c   0x00000024   Code   RO         4658    .text               mc_p.l(memcpya.o)
    0x080001a0   0x080001a0   0x00000024   Code   RO         4660    .text               mc_p.l(memseta.o)
    0x080001c4   0x080001c4   0x00000028   Code   RO         4662    .text               mc_p.l(strstr.o)
    0x080001ec   0x080001ec   0x0000001e   Code   RO         4664    .text               mc_p.l(strncmp.o)
    0x0800020a   0x0800020a   0x00000020   Code   RO         4946    .text               mc_p.l(llshl.o)
    0x0800022a   0x0800022a   0x00000022   Code   RO         4948    .text               mc_p.l(llushr.o)
    0x0800024c   0x0800024c   0x00000024   Code   RO         4961    .text               mc_p.l(init.o)
    0x08000270   0x08000270   0x00000024   Code   RO         4002    i.AS608_DMA_START   as608.o
    0x08000294   0x08000294   0x00000048   Code   RO         4220    i.AS608_Init        as608_app.o
    0x080002dc   0x080002dc   0x000000a4   Code   RO         4003    i.AS806_ExtractChar  as608.o
    0x08000380   0x08000380   0x00000048   Code   RO         4627    i.Bsp_Driver_Init   u_init.o
    0x080003c8   0x080003c8   0x00000062   Code   RO         4340    i.CalulateCRC       rc522_app.o
    0x0800042a   0x0800042a   0x00000016   Code   RO         4341    i.ClearBitMask      rc522_app.o
    0x08000440   0x08000440   0x00000010   Code   RO          506    i.DMA1_Channel2_3_IRQHandler  stm32l0xx_it.o
    0x08000450   0x08000450   0x00000018   Code   RO          507    i.DMA1_Channel4_5_6_7_IRQHandler  stm32l0xx_it.o
    0x08000468   0x08000468   0x0000002c   Code   RO         1825    i.DMA_SetConfig     stm32l0xx_hal_dma.o
    0x08000494   0x08000494   0x00000024   Code   RO         3771    i.ETH_DMA_START     ether_hal.o
    0x080004b8   0x080004b8   0x0000004c   Code   RO         3772    i.ETH_Rst           ether_hal.o
    0x08000504   0x08000504   0x00000040   Code   RO         3773    i.ETH_UsartReceive_IDLE  ether_hal.o
    0x08000544   0x08000544   0x00000244   Code   RO         4004    i.EnsureMessage     as608.o
    0x08000788   0x08000788   0x00000002   Code   RO          218    i.Error_Handler     main.o
    0x0800078a   0x0800078a   0x00000002   PAD
    0x0800078c   0x0800078c   0x000001ac   Code   RO           12    i.Eth_Com_Data_Process_hal  main_app.o
    0x08000938   0x08000938   0x0000000c   Code   RO         3774    i.Eth_Init          ether_hal.o
    0x08000944   0x08000944   0x0000007c   Code   RO         4509    i.Eth_Updata_Finger_Cammand_Task  net_com.o
    0x080009c0   0x080009c0   0x000001dc   Code   RO         4510    i.Eth_business_Cammand_Task  net_com.o
    0x08000b9c   0x08000b9c   0x0000002c   Code   RO         1655    i.FLASH_PageErase   stm32l0xx_hal_flash_ex.o
    0x08000bc8   0x08000bc8   0x00000090   Code   RO         1557    i.FLASH_SetErrorCode  stm32l0xx_hal_flash.o
    0x08000c58   0x08000c58   0x00000070   Code   RO         1558    i.FLASH_WaitForLastOperation  stm32l0xx_hal_flash.o
    0x08000cc8   0x08000cc8   0x00000038   Code   RO         4577    i.Flash_Read_Word   u_flash.o
    0x08000d00   0x08000d00   0x000000fc   Code   RO         4578    i.Flash_Write_Num_Word  u_flash.o
    0x08000dfc   0x08000dfc   0x00000044   Code   RO         1826    i.HAL_DMA_Abort     stm32l0xx_hal_dma.o
    0x08000e40   0x08000e40   0x0000004c   Code   RO         1827    i.HAL_DMA_Abort_IT  stm32l0xx_hal_dma.o
    0x08000e8c   0x08000e8c   0x00000004   Code   RO         1829    i.HAL_DMA_GetError  stm32l0xx_hal_dma.o
    0x08000e90   0x08000e90   0x000000a8   Code   RO         1831    i.HAL_DMA_IRQHandler  stm32l0xx_hal_dma.o
    0x08000f38   0x08000f38   0x00000090   Code   RO         1832    i.HAL_DMA_Init      stm32l0xx_hal_dma.o
    0x08000fc8   0x08000fc8   0x00000068   Code   RO         1836    i.HAL_DMA_Start_IT  stm32l0xx_hal_dma.o
    0x08001030   0x08001030   0x0000001c   Code   RO          672    i.HAL_Delay         stm32l0xx_hal.o
    0x0800104c   0x0800104c   0x00000078   Code   RO         1664    i.HAL_FLASHEx_Erase  stm32l0xx_hal_flash_ex.o
    0x080010c4   0x080010c4   0x0000000c   Code   RO         1560    i.HAL_FLASH_GetError  stm32l0xx_hal_flash.o
    0x080010d0   0x080010d0   0x0000001c   Code   RO         1562    i.HAL_FLASH_Lock    stm32l0xx_hal_flash.o
    0x080010ec   0x080010ec   0x0000003c   Code   RO         1567    i.HAL_FLASH_Program  stm32l0xx_hal_flash.o
    0x08001128   0x08001128   0x0000005c   Code   RO         1569    i.HAL_FLASH_Unlock  stm32l0xx_hal_flash.o
    0x08001184   0x08001184   0x00000178   Code   RO         1766    i.HAL_GPIO_Init     stm32l0xx_hal_gpio.o
    0x080012fc   0x080012fc   0x0000000a   Code   RO         1768    i.HAL_GPIO_ReadPin  stm32l0xx_hal_gpio.o
    0x08001306   0x08001306   0x0000000c   Code   RO         1770    i.HAL_GPIO_WritePin  stm32l0xx_hal_gpio.o
    0x08001312   0x08001312   0x00000002   PAD
    0x08001314   0x08001314   0x0000000c   Code   RO          676    i.HAL_GetTick       stm32l0xx_hal.o
    0x08001320   0x08001320   0x00000064   Code   RO          637    i.HAL_IWDG_Init     stm32l0xx_hal_iwdg.o
    0x08001384   0x08001384   0x00000010   Code   RO          638    i.HAL_IWDG_Refresh  stm32l0xx_hal_iwdg.o
    0x08001394   0x08001394   0x00000010   Code   RO          680    i.HAL_IncTick       stm32l0xx_hal.o
    0x080013a4   0x080013a4   0x00000028   Code   RO          681    i.HAL_Init          stm32l0xx_hal.o
    0x080013cc   0x080013cc   0x00000070   Code   RO          602    i.HAL_InitTick      stm32l0xx_hal_timebase_tim.o
    0x0800143c   0x0800143c   0x00000018   Code   RO          582    i.HAL_MspInit       stm32l0xx_hal_msp.o
    0x08001454   0x08001454   0x00000014   Code   RO         2093    i.HAL_NVIC_EnableIRQ  stm32l0xx_hal_cortex.o
    0x08001468   0x08001468   0x00000008   Code   RO         2097    i.HAL_NVIC_SetPriority  stm32l0xx_hal_cortex.o
    0x08001470   0x08001470   0x00000164   Code   RO         1453    i.HAL_RCCEx_PeriphCLKConfig  stm32l0xx_hal_rcc_ex.o
    0x080015d4   0x080015d4   0x00000002   Code   RO         1354    i.HAL_RCC_CSSCallback  stm32l0xx_hal_rcc.o
    0x080015d6   0x080015d6   0x00000002   PAD
    0x080015d8   0x080015d8   0x0000016c   Code   RO         1355    i.HAL_RCC_ClockConfig  stm32l0xx_hal_rcc.o
    0x08001744   0x08001744   0x00000014   Code   RO         1357    i.HAL_RCC_EnableCSS  stm32l0xx_hal_rcc.o
    0x08001758   0x08001758   0x00000040   Code   RO         1358    i.HAL_RCC_GetClockConfig  stm32l0xx_hal_rcc.o
    0x08001798   0x08001798   0x00000020   Code   RO         1361    i.HAL_RCC_GetPCLK1Freq  stm32l0xx_hal_rcc.o
    0x080017b8   0x080017b8   0x00000020   Code   RO         1362    i.HAL_RCC_GetPCLK2Freq  stm32l0xx_hal_rcc.o
    0x080017d8   0x080017d8   0x00000078   Code   RO         1363    i.HAL_RCC_GetSysClockFreq  stm32l0xx_hal_rcc.o
    0x08001850   0x08001850   0x00000018   Code   RO         1365    i.HAL_RCC_NMI_IRQHandler  stm32l0xx_hal_rcc.o
    0x08001868   0x08001868   0x0000041c   Code   RO         1366    i.HAL_RCC_OscConfig  stm32l0xx_hal_rcc.o
    0x08001c84   0x08001c84   0x00000080   Code   RO         2625    i.HAL_SPI_Init      stm32l0xx_hal_spi.o
    0x08001d04   0x08001d04   0x00000058   Code   RO          469    i.HAL_SPI_MspInit   spi.o
    0x08001d5c   0x08001d5c   0x000001f0   Code   RO         2634    i.HAL_SPI_TransmitReceive  stm32l0xx_hal_spi.o
    0x08001f4c   0x08001f4c   0x00000034   Code   RO         2934    i.HAL_TIM_Base_Init  stm32l0xx_hal_tim.o
    0x08001f80   0x08001f80   0x00000002   Code   RO         2936    i.HAL_TIM_Base_MspInit  stm32l0xx_hal_tim.o
    0x08001f82   0x08001f82   0x00000020   Code   RO         2939    i.HAL_TIM_Base_Start_IT  stm32l0xx_hal_tim.o
    0x08001fa2   0x08001fa2   0x00000002   Code   RO         2963    i.HAL_TIM_IC_CaptureCallback  stm32l0xx_hal_tim.o
    0x08001fa4   0x08001fa4   0x00000126   Code   RO         2977    i.HAL_TIM_IRQHandler  stm32l0xx_hal_tim.o
    0x080020ca   0x080020ca   0x00000002   Code   RO         2980    i.HAL_TIM_OC_DelayElapsedCallback  stm32l0xx_hal_tim.o
    0x080020cc   0x080020cc   0x00000002   Code   RO         3007    i.HAL_TIM_PWM_PulseFinishedCallback  stm32l0xx_hal_tim.o
    0x080020ce   0x080020ce   0x00000002   PAD
    0x080020d0   0x080020d0   0x000000a8   Code   RO          220    i.HAL_TIM_PeriodElapsedCallback  main.o
    0x08002178   0x08002178   0x00000002   Code   RO         3020    i.HAL_TIM_TriggerCallback  stm32l0xx_hal_tim.o
    0x0800217a   0x0800217a   0x00000002   Code   RO         2559    i.HAL_UARTEx_WakeupCallback  stm32l0xx_hal_uart_ex.o
    0x0800217c   0x0800217c   0x0000007a   Code   RO         2220    i.HAL_UART_DMAStop  stm32l0xx_hal_uart.o
    0x080021f6   0x080021f6   0x00000002   Code   RO         2222    i.HAL_UART_ErrorCallback  stm32l0xx_hal_uart.o
    0x080021f8   0x080021f8   0x0000013c   Code   RO         2225    i.HAL_UART_IRQHandler  stm32l0xx_hal_uart.o
    0x08002334   0x08002334   0x0000006a   Code   RO         2226    i.HAL_UART_Init     stm32l0xx_hal_uart.o
    0x0800239e   0x0800239e   0x00000002   PAD
    0x080023a0   0x080023a0   0x0000018c   Code   RO          419    i.HAL_UART_MspInit  usart.o
    0x0800252c   0x0800252c   0x000000b8   Code   RO         2230    i.HAL_UART_Receive_DMA  stm32l0xx_hal_uart.o
    0x080025e4   0x080025e4   0x00000002   Code   RO         2232    i.HAL_UART_RxCpltCallback  stm32l0xx_hal_uart.o
    0x080025e6   0x080025e6   0x00000002   Code   RO         2233    i.HAL_UART_RxHalfCpltCallback  stm32l0xx_hal_uart.o
    0x080025e8   0x080025e8   0x000000ce   Code   RO         2234    i.HAL_UART_Transmit  stm32l0xx_hal_uart.o
    0x080026b6   0x080026b6   0x00000002   Code   RO         2237    i.HAL_UART_TxCpltCallback  stm32l0xx_hal_uart.o
    0x080026b8   0x080026b8   0x00000002   Code   RO          508    i.HardFault_Handler  stm32l0xx_it.o
    0x080026ba   0x080026ba   0x00000002   PAD
    0x080026bc   0x080026bc   0x0000005c   Code   RO         4579    i.Init_Dev_Param    u_flash.o
    0x08002718   0x08002718   0x00000060   Code   RO         4005    i.JudgeStr          as608.o
    0x08002778   0x08002778   0x00000044   Code   RO         4006    i.LPUART1_IRQHandler  as608.o
    0x080027bc   0x080027bc   0x00000090   Code   RO         4308    i.Line_1A_WT588S    speak_hal.o
    0x0800284c   0x0800284c   0x00000058   Code   RO         4342    i.M500PcdConfigISOType  rc522_app.o
    0x080028a4   0x080028a4   0x00000018   Code   RO          372    i.MX_DMA_Init       dma.o
    0x080028bc   0x080028bc   0x000000f8   Code   RO          352    i.MX_GPIO_Init      gpio.o
    0x080029b4   0x080029b4   0x0000002c   Code   RO          392    i.MX_IWDG_Init      iwdg.o
    0x080029e0   0x080029e0   0x00000038   Code   RO          420    i.MX_LPUART1_UART_Init  usart.o
    0x08002a18   0x08002a18   0x00000054   Code   RO          221    i.MX_NVIC_Init      main.o
    0x08002a6c   0x08002a6c   0x00000044   Code   RO          470    i.MX_SPI1_Init      spi.o
    0x08002ab0   0x08002ab0   0x00000038   Code   RO          421    i.MX_USART1_UART_Init  usart.o
    0x08002ae8   0x08002ae8   0x00000038   Code   RO          422    i.MX_USART2_UART_Init  usart.o
    0x08002b20   0x08002b20   0x00000018   Code   RO         4007    i.MYUSART_SendData  as608.o
    0x08002b38   0x08002b38   0x00000008   Code   RO          509    i.NMI_Handler       stm32l0xx_it.o
    0x08002b40   0x08002b40   0x00000044   Code   RO         2103    i.NVIC_SetPriority  stm32l0xx_hal_cortex.o
    0x08002b84   0x08002b84   0x00000060   Code   RO         4008    i.PS_DeletChar      as608.o
    0x08002be4   0x08002be4   0x000000ac   Code   RO         4009    i.PS_DownChar       as608.o
    0x08002c90   0x08002c90   0x00000036   Code   RO         4011    i.PS_Empty          as608.o
    0x08002cc6   0x08002cc6   0x0000003e   Code   RO         4012    i.PS_GenChar        as608.o
    0x08002d04   0x08002d04   0x00000036   Code   RO         4013    i.PS_GetImage       as608.o
    0x08002d3a   0x08002d3a   0x00000002   PAD
    0x08002d3c   0x08002d3c   0x00000068   Code   RO         4014    i.PS_HandShake      as608.o
    0x08002da4   0x08002da4   0x00000088   Code   RO         4015    i.PS_HighSpeedSearch  as608.o
    0x08002e2c   0x08002e2c   0x000000e8   Code   RO         4019    i.PS_ReadSysPara    as608.o
    0x08002f14   0x08002f14   0x00000054   Code   RO         4024    i.PS_StoreChar      as608.o
    0x08002f68   0x08002f68   0x0000006c   Code   RO         4025    i.PS_UpChar         as608.o
    0x08002fd4   0x08002fd4   0x00000080   Code   RO         4027    i.PS_ValidTempleteNum  as608.o
    0x08003054   0x08003054   0x00000020   Code   RO         4511    i.Param_Init        net_com.o
    0x08003074   0x08003074   0x0000000c   Code   RO         4343    i.PcdAntennaOff     rc522_app.o
    0x08003080   0x08003080   0x00000016   Code   RO         4344    i.PcdAntennaOn      rc522_app.o
    0x08003096   0x08003096   0x00000068   Code   RO         4345    i.PcdAnticoll       rc522_app.o
    0x080030fe   0x080030fe   0x00000050   Code   RO         4346    i.PcdAuthState      rc522_app.o
    0x0800314e   0x0800314e   0x00000118   Code   RO         4348    i.PcdComMF522       rc522_app.o
    0x08003266   0x08003266   0x0000004a   Code   RO         4350    i.PcdRead           rc522_app.o
    0x080032b0   0x080032b0   0x00000052   Code   RO         4351    i.PcdRequest        rc522_app.o
    0x08003302   0x08003302   0x00000002   PAD
    0x08003304   0x08003304   0x00000080   Code   RO         4352    i.PcdReset          rc522_app.o
    0x08003384   0x08003384   0x00000062   Code   RO         4353    i.PcdSelect         rc522_app.o
    0x080033e6   0x080033e6   0x00000002   Code   RO          510    i.PendSV_Handler    stm32l0xx_it.o
    0x080033e8   0x080033e8   0x00000078   Code   RO           13    i.Play_Music_Fun    main_app.o
    0x08003460   0x08003460   0x0000001a   Code   RO         4356    i.Rc522_Init        rc522_app.o
    0x0800347a   0x0800347a   0x00000030   Code   RO         4357    i.ReadRawRC         rc522_app.o
    0x080034aa   0x080034aa   0x00000042   Code   RO         2663    i.SPI_EndRxTxTransaction  stm32l0xx_hal_spi.o
    0x080034ec   0x080034ec   0x0000004c   Code   RO         4358    i.SPI_ReadData      rc522_app.o
    0x08003538   0x08003538   0x0000008c   Code   RO         2668    i.SPI_WaitFlagStateUntilTimeout  stm32l0xx_hal_spi.o
    0x080035c4   0x080035c4   0x00000038   Code   RO         4359    i.SPI_WriteData     rc522_app.o
    0x080035fc   0x080035fc   0x00000002   Code   RO          511    i.SVC_Handler       stm32l0xx_it.o
    0x080035fe   0x080035fe   0x00000002   PAD
    0x08003600   0x08003600   0x0000002c   Code   RO         4030    i.SendAddr          as608.o
    0x0800362c   0x0800362c   0x00000012   Code   RO         4031    i.SendCheck         as608.o
    0x0800363e   0x0800363e   0x00000010   Code   RO         4032    i.SendHead          as608.o
    0x0800364e   0x0800364e   0x00000014   Code   RO         4033    i.SendLength        as608.o
    0x08003662   0x08003662   0x00000046   Code   RO         4034    i.SendLengthData    as608.o
    0x080036a8   0x080036a8   0x00000016   Code   RO         4360    i.SetBitMask        rc522_app.o
    0x080036be   0x080036be   0x00000002   PAD
    0x080036c0   0x080036c0   0x00000024   Code   RO         4035    i.ShowErrMessage    as608.o
    0x080036e4   0x080036e4   0x00000002   Code   RO          512    i.SysTick_Handler   stm32l0xx_it.o
    0x080036e6   0x080036e6   0x00000002   PAD
    0x080036e8   0x080036e8   0x00000084   Code   RO          223    i.SystemClock_Config  main.o
    0x0800376c   0x0800376c   0x00000054   Code   RO         3628    i.SystemInit        system_stm32l0xx.o
    0x080037c0   0x080037c0   0x000000a8   Code   RO          224    i.System_Tick_Count  main.o
    0x08003868   0x08003868   0x00000010   Code   RO          513    i.TIM2_IRQHandler   stm32l0xx_it.o
    0x08003878   0x08003878   0x00000058   Code   RO         3022    i.TIM_Base_SetConfig  stm32l0xx_hal_tim.o
    0x080038d0   0x080038d0   0x00000138   Code   RO           14    i.Talk_Process_Fun  main_app.o
    0x08003a08   0x08003a08   0x000000ac   Code   RO           15    i.Test_Dev_Code     main_app.o
    0x08003ab4   0x08003ab4   0x00000020   Code   RO         4512    i.Time_out_Ack_fun  net_com.o
    0x08003ad4   0x08003ad4   0x000000ca   Code   RO         2239    i.UART_AdvFeatureConfig  stm32l0xx_hal_uart.o
    0x08003b9e   0x08003b9e   0x00000002   PAD
    0x08003ba0   0x08003ba0   0x00000060   Code   RO         2240    i.UART_CheckIdleState  stm32l0xx_hal_uart.o
    0x08003c00   0x08003c00   0x00000014   Code   RO         2241    i.UART_DMAAbortOnError  stm32l0xx_hal_uart.o
    0x08003c14   0x08003c14   0x00000048   Code   RO         2242    i.UART_DMAError     stm32l0xx_hal_uart.o
    0x08003c5c   0x08003c5c   0x0000003e   Code   RO         2243    i.UART_DMAReceiveCplt  stm32l0xx_hal_uart.o
    0x08003c9a   0x08003c9a   0x0000000a   Code   RO         2245    i.UART_DMARxHalfCplt  stm32l0xx_hal_uart.o
    0x08003ca4   0x08003ca4   0x00000020   Code   RO         2251    i.UART_EndRxTransfer  stm32l0xx_hal_uart.o
    0x08003cc4   0x08003cc4   0x00000010   Code   RO         2252    i.UART_EndTxTransfer  stm32l0xx_hal_uart.o
    0x08003cd4   0x08003cd4   0x00000228   Code   RO         2255    i.UART_SetConfig    stm32l0xx_hal_uart.o
    0x08003efc   0x08003efc   0x00000062   Code   RO         2258    i.UART_WaitOnFlagUntilTimeout  stm32l0xx_hal_uart.o
    0x08003f5e   0x08003f5e   0x00000002   PAD
    0x08003f60   0x08003f60   0x00000010   Code   RO          514    i.USART1_IRQHandler  stm32l0xx_it.o
    0x08003f70   0x08003f70   0x00000014   Code   RO         3775    i.USART2_IRQHandler  ether_hal.o
    0x08003f84   0x08003f84   0x000000e8   Code   RO           16    i.Updata_ZhiWen_Data  main_app.o
    0x0800406c   0x0800406c   0x00000028   Code   RO         4628    i.User_Driver_Init  u_init.o
    0x08004094   0x08004094   0x00000030   Code   RO         4361    i.WaitCardOff       rc522_app.o
    0x080040c4   0x080040c4   0x0000002e   Code   RO         4362    i.WriteRawRC        rc522_app.o
    0x080040f2   0x080040f2   0x00000002   PAD
    0x080040f4   0x080040f4   0x00000020   Code   RO         4875    i.__0printf$8       mc_p.l(printf8.o)
    0x08004114   0x08004114   0x0000001a   Code   RO           57    i.__ARM_common_switch8  main_app.o
    0x0800412e   0x0800412e   0x0000000e   Code   RO         4971    i.__scatterload_copy  mc_p.l(handlers.o)
    0x0800413c   0x0800413c   0x00000002   Code   RO         4972    i.__scatterload_null  mc_p.l(handlers.o)
    0x0800413e   0x0800413e   0x0000000e   Code   RO         4973    i.__scatterload_zeroinit  mc_p.l(handlers.o)
    0x0800414c   0x0800414c   0x00000428   Code   RO         4882    i._printf_core      mc_p.l(printf8.o)
    0x08004574   0x08004574   0x00000020   Code   RO         4883    i._printf_post_padding  mc_p.l(printf8.o)
    0x08004594   0x08004594   0x0000002c   Code   RO         4884    i._printf_pre_padding  mc_p.l(printf8.o)
    0x080045c0   0x080045c0   0x00000010   Code   RO         4225    i.close_zhiwen_vol  as608_app.o
    0x080045d0   0x080045d0   0x00000010   Code   RO         4309    i.delay_2us         speak_hal.o
    0x080045e0   0x080045e0   0x00000098   Code   RO         4513    i.eth_ring_com_pack  net_com.o
    0x08004678   0x08004678   0x00000208   Code   RO         4514    i.eth_ring_net_in   net_com.o
    0x08004880   0x08004880   0x0000000a   Code   RO         4226    i.export_in_FR      as608_app.o
    0x0800488a   0x0800488a   0x0000000a   Code   RO         4227    i.export_out_FR     as608_app.o
    0x08004894   0x08004894   0x0000001c   Code   RO         3661    i.fputc             debug_usart_hal.o
    0x080048b0   0x080048b0   0x00000058   Code   RO         4515    i.get_time_stramp   net_com.o
    0x08004908   0x08004908   0x00000018   Code   RO          225    i.main              main.o
    0x08004920   0x08004920   0x00000010   Code   RO         4364    i.open_fird_vol     rc522_app.o
    0x08004930   0x08004930   0x00000010   Code   RO         4229    i.open_zhiwen_vol   as608_app.o
    0x08004940   0x08004940   0x00000044   Code   RO         4230    i.press_FR          as608_app.o
    0x08004984   0x08004984   0x000000bc   Code   RO         4581    i.process_usart_data  u_flash.o
    0x08004a40   0x08004a40   0x000000f8   Code   RO         4365    i.rc522_find_card   rc522_app.o
    0x08004b38   0x08004b38   0x00000018   Code   RO         3782    i.send_string_to_eth  ether_hal.o
    0x08004b50   0x08004b50   0x00000019   Data   RO         3629    .constdata          system_stm32l0xx.o
    0x08004b69   0x08004b69   0x00000008   Data   RO         3630    .constdata          system_stm32l0xx.o
    0x08004b71   0x08004b71   0x00000003   PAD
    0x08004b74   0x08004b74   0x00000020   Data   RO         4969    Region$$Table       anon$$obj.o


    Execution Region RW_IRAM1 (Exec base: 0x20000000, Load base: 0x08004b94, Size: 0x00001e20, Max: 0x00002000, ABSOLUTE)

    Exec Addr    Load Addr    Size         Type   Attr      Idx    E Section Name        Object

    0x20000000   0x08004b94   0x0000000e   Data   RW           18    .data               main_app.o
    0x2000000e   0x08004ba2   0x00000002   PAD
    0x20000010   0x08004ba4   0x00000004   Data   RW           20    .data               main_app.o
    0x20000014   0x08004ba8   0x00000020   Data   RW          232    .data               main.o
    0x20000034   0x08004bc8   0x00000004   Data   RW          691    .data               stm32l0xx_hal.o
    0x20000038   0x08004bcc   0x00000004   Data   RW         3631    .data               system_stm32l0xx.o
    0x2000003c   0x08004bd0   0x00000004   Data   RW         4037    .data               as608.o
    0x20000040   0x08004bd4   0x0000000c   Data   RW         4232    .data               as608_app.o
    0x2000004c   0x08004be0   0x0000000d   Data   RW         4367    .data               rc522_app.o
    0x20000059   0x08004bed   0x00000003   PAD
    0x2000005c   0x08004bf0   0x00000030   Data   RW         4517    .data               net_com.o
    0x2000008c   0x08004c20   0x00000004   Data   RW         4583    .data               u_flash.o
    0x20000090   0x08004c24   0x00000004   Data   RW         4945    .data               mc_p.l(stdout.o)
    0x20000094        -       0x00000010   Zero   RW          393    .bss                iwdg.o
    0x200000a4        -       0x00000258   Zero   RW          423    .bss                usart.o
    0x200002fc        -       0x00000058   Zero   RW          471    .bss                spi.o
    0x20000354        -       0x0000003c   Zero   RW          605    .bss                stm32l0xx_hal_timebase_tim.o
    0x20000390        -       0x00000018   Zero   RW         1570    .bss                stm32l0xx_hal_flash.o
    0x200003a8        -       0x00000408   Zero   RW         3783    .bss                ether_hal.o
    0x200007b0        -       0x00000406   Zero   RW         4036    .bss                as608.o
    0x20000bb6   0x08004c28   0x00000002   PAD
    0x20000bb8        -       0x00000018   Zero   RW         4231    .bss                as608_app.o
    0x20000bd0        -       0x00000010   Zero   RW         4366    .bss                rc522_app.o
    0x20000be0        -       0x00000a3c   Zero   RW         4516    .bss                net_com.o
    0x2000161c   0x08004c28   0x00000004   PAD
    0x20001620        -       0x00000800   Zero   RW            1    STACK               startup_stm32l051xx.o


==============================================================================

Image component sizes


      Code (inc. data)   RO Data    RW Data    ZI Data      Debug   Object Name

      2402        742          0          4       1030      16545   as608.o
       192         22          0         12         24       3787   as608_app.o
        28         10          0          0          0        436   debug_usart_hal.o
        24          4          0          0          0        638   dma.o
       232         32          0          0       1032       3989   ether_hal.o
       248         20          0          0          0        899   gpio.o
        44         12          0          0         16        583   iwdg.o
       578         48          0         32          0       5539   main.o
      1290        256          0         18          0     337195   main_app.o
      1424        140          0         48       2620       9373   net_com.o
      1674        126          0         13         16      13901   rc522_app.o
       160          0          0          0          0       1521   speak_hal.o
       156         20          0          0         88       1417   spi.o
        28          8        192          0       2048        596   startup_stm32l051xx.o
        96         16          0          4          0       2920   stm32l0xx_hal.o
        96         14          0          0          0       9728   stm32l0xx_hal_cortex.o
       608         12          0          0          0       5233   stm32l0xx_hal_dma.o
       448         60          0          0         24       5631   stm32l0xx_hal_flash.o
       164         24          0          0          0       2525   stm32l0xx_hal_flash_ex.o
       398         30          0          0          0       2847   stm32l0xx_hal_gpio.o
       116         20          0          0          0       1607   stm32l0xx_hal_iwdg.o
        24          4          0          0          0        394   stm32l0xx_hal_msp.o
      1710        110          0          0          0       7328   stm32l0xx_hal_rcc.o
       356         14          0          0          0       1380   stm32l0xx_hal_rcc_ex.o
       830          0          0          0          0       4569   stm32l0xx_hal_spi.o
       476         10          0          0          0       6185   stm32l0xx_hal_tim.o
       112         18          0          0         60        927   stm32l0xx_hal_timebase_tim.o
      2102         96          0          0          0      14084   stm32l0xx_hal_uart.o
         2          0          0          0          0        912   stm32l0xx_hal_uart_ex.o
        88         26          0          0          0       3627   stm32l0xx_it.o
        84         18         33          4          0       1103   system_stm32l0xx.o
       588        194          0          4          0       3370   u_flash.o
       112         22          0          0          0       1261   u_init.o
       564         56          0          0        600       2825   usart.o

    ----------------------------------------------------------------------
     17482       2184        260        144       7564     474875   Object Totals
         0          0         32          0          0          0   (incl. Generated)
        28          0          3          5          6          0   (incl. Padding)

    ----------------------------------------------------------------------

      Code (inc. data)   RO Data    RW Data    ZI Data      Debug   Library Member Name

         0          0          0          0          0          0   entry.o
         0          0          0          0          0          0   entry10a.o
         0          0          0          0          0          0   entry11a.o
         8          4          0          0          0          0   entry2.o
         4          0          0          0          0          0   entry5.o
         0          0          0          0          0          0   entry7b.o
         0          0          0          0          0          0   entry8b.o
         8          4          0          0          0          0   entry9a.o
        30          0          0          0          0          0   handlers.o
        36          8          0          0          0         68   init.o
        32          0          0          0          0         68   llshl.o
        34          0          0          0          0         68   llushr.o
        36          0          0          0          0         60   memcpya.o
        36          0          0          0          0        100   memseta.o
      1172         52          0          0          0        324   printf8.o
         0          0          0          4          0          0   stdout.o
        30          0          0          0          0         72   strncmp.o
        40          0          0          0          0         72   strstr.o
        44          0          0          0          0         72   uidiv.o
        96          0          0          0          0         84   uldiv.o

    ----------------------------------------------------------------------
      1606         68          0          4          0        988   Library Totals
         0          0          0          0          0          0   (incl. Padding)

    ----------------------------------------------------------------------

      Code (inc. data)   RO Data    RW Data    ZI Data      Debug   Library Name

      1606         68          0          4          0        988   mc_p.l

    ----------------------------------------------------------------------
      1606         68          0          4          0        988   Library Totals

    ----------------------------------------------------------------------

==============================================================================


      Code (inc. data)   RO Data    RW Data    ZI Data      Debug   

     19088       2252        260        148       7564     468095   Grand Totals
     19088       2252        260        148       7564     468095   ELF Image Totals
     19088       2252        260        148          0          0   ROM Totals

==============================================================================

    Total RO  Size (Code + RO Data)                19348 (  18.89kB)
    Total RW  Size (RW Data + ZI Data)              7712 (   7.53kB)
    Total ROM Size (Code + RO Data + RW Data)      19496 (  19.04kB)

==============================================================================

